app/actions/story.ts(9,5): error TS2322: Type '{ blockExplorers: { readonly default: { readonly name: "Explorer"; readonly url: "https://aeneid.storyscan.xyz/"; }; }; blockTime?: number | undefined; contracts: { readonly multicall3: { readonly address: "0xca11bde05977b3631167028862be2a173976ca11"; readonly blockCreated: 1792; }; }; ... 11 more ...; serializers?:...' is not assignable to type 'Chain'.
  Type '{ blockExplorers: { readonly default: { readonly name: "Explorer"; readonly url: "https://aeneid.storyscan.xyz/"; }; }; blockTime?: number | undefined; contracts: { readonly multicall3: { readonly address: "0xca11bde05977b3631167028862be2a173976ca11"; readonly blockCreated: 1792; }; }; ... 11 more ...; serializers?:...' is not assignable to type 'ChainConfig<ChainFormatters | undefined, Record<string, unknown> | undefined>'.
    Types of property 'fees' are incompatible.
      Type 'ChainFees<undefined> | undefined' is not assignable to type 'ChainFees<ChainFormatters | undefined> | undefined'.
        Type 'ChainFees<undefined>' is not assignable to type 'ChainFees<ChainFormatters | undefined>'.
          Types of property 'baseFeeMultiplier' are incompatible.
            Type 'number | ((args: ChainFeesFnParameters<undefined>) => number | Promise<number>) | undefined' is not assignable to type 'number | ((args: ChainFeesFnParameters<ChainFormatters | undefined>) => number | Promise<number>) | undefined'.
              Type '(args: ChainFeesFnParameters<undefined>) => number | Promise<number>' is not assignable to type 'number | ((args: ChainFeesFnParameters<ChainFormatters | undefined>) => number | Promise<number>) | undefined'.
                Type '(args: ChainFeesFnParameters<undefined>) => number | Promise<number>' is not assignable to type '(args: ChainFeesFnParameters<ChainFormatters | undefined>) => number | Promise<number>'.
                  Types of parameters 'args' and 'args' are incompatible.
                    Type 'ChainFeesFnParameters<ChainFormatters | undefined>' is not assignable to type 'ChainFeesFnParameters<undefined>'.
                      Types of property 'client' are incompatible.
                        Type 'import("D:/workspace/story/nft/1.meme/node_modules/viem/_types/clients/createClient").Client<import("D:/workspace/story/nft/1.meme/node_modules/viem/_types/clients/transports/createTransport").Transport, import("D:/workspace/story/nft/1.meme/node_modules/viem/_types/types/chain").Chain<import("D:/workspace/story/nft...' is not assignable to type 'import("D:/workspace/story/nft/1.meme/node_modules/@story-protocol/core-sdk/node_modules/viem/_types/clients/createClient").Client<import("D:/workspace/story/nft/1.meme/node_modules/@story-protocol/core-sdk/node_modules/viem/_types/clients/transports/createTransport").Transport, import("D:/workspace/story/nft/1.meme...'.
                          Type 'Client<Transport, Chain<ChainFormatters | undefined, Record<string, unknown> | undefined>>' is not assignable to type 'Client_Base<Transport, Chain<ChainFormatters | undefined, Record<string, unknown> | undefined>, Account | undefined, undefined>'.
                            Types of property 'account' are incompatible.
                              Type 'import("D:/workspace/story/nft/1.meme/node_modules/viem/_types/accounts/types").Account | undefined' is not assignable to type 'import("D:/workspace/story/nft/1.meme/node_modules/@story-protocol/core-sdk/node_modules/viem/_types/accounts/types").Account | undefined'.
                                Type '{ client: Client<Transport, Chain | undefined, { address: `0x${string}`; nonceManager?: NonceManager | undefined; sign?: ((parameters: { hash: `0x${string}`; }) => Promise<...>) | undefined; ... 6 more ...; type: "local"; } | JsonRpcAccount | undefined>; ... 22 more ...; source?: undefined; }' is not assignable to type 'Account | undefined'.
                                  Type '{ client: import("D:/workspace/story/nft/1.meme/node_modules/viem/_types/clients/createClient").Client<import("D:/workspace/story/nft/1.meme/node_modules/viem/_types/clients/transports/createTransport").Transport, import("D:/workspace/story/nft/1.meme/node_modules/viem/_types/types/chain").Chain | undefined, { ...; ...' is not assignable to type '{ client: import("D:/workspace/story/nft/1.meme/node_modules/@story-protocol/core-sdk/node_modules/viem/_types/clients/createClient").Client<import("D:/workspace/story/nft/1.meme/node_modules/@story-protocol/core-sdk/node_modules/viem/_types/clients/transports/createTransport").Transport, import("D:/workspace/story/...'.
                                    Types of property 'client' are incompatible.
                                      Type 'import("D:/workspace/story/nft/1.meme/node_modules/viem/_types/clients/createClient").Client<import("D:/workspace/story/nft/1.meme/node_modules/viem/_types/clients/transports/createTransport").Transport, import("D:/workspace/story/nft/1.meme/node_modules/viem/_types/types/chain").Chain | undefined, { ...; } | ... 1 ...' is not assignable to type 'import("D:/workspace/story/nft/1.meme/node_modules/@story-protocol/core-sdk/node_modules/viem/_types/clients/createClient").Client<import("D:/workspace/story/nft/1.meme/node_modules/@story-protocol/core-sdk/node_modules/viem/_types/clients/transports/createTransport").Transport, import("D:/workspace/story/nft/1.meme...'.
                                        Type 'Client<Transport, Chain | undefined, { address: `0x${string}`; nonceManager?: NonceManager | undefined; sign?: ((parameters: { hash: `0x${string}`; }) => Promise<`0x${string}`>) | undefined; ... 6 more ...; type: "local"; } | JsonRpcAccount | undefined>' is not assignable to type 'Client_Base<Transport, Chain | undefined, { address: `0x${string}`; nonceManager?: NonceManager | undefined; sign?: ((parameters: { hash: `0x${string}`; }) => Promise<`0x${string}`>) | undefined; ... 6 more ...; type: "local"; } | JsonRpcAccount | undefined, undefined>'.
                                          Types of property 'account' are incompatible.
                                            Type '{ address: `0x${string}`; nonceManager?: import("D:/workspace/story/nft/1.meme/node_modules/viem/_types/utils/nonceManager").NonceManager | undefined; sign?: ((parameters: { hash: `0x${string}`; }) => Promise<...>) | undefined; ... 6 more ...; type: "local"; } | import("D:/workspace/story/nft/1.meme/node_modules/vie...' is not assignable to type '{ address: `0x${string}`; nonceManager?: import("D:/workspace/story/nft/1.meme/node_modules/@story-protocol/core-sdk/node_modules/viem/_types/utils/nonceManager").NonceManager | undefined; ... 7 more ...; type: "local"; } | import("D:/workspace/story/nft/1.meme/node_modules/@story-protocol/core-sdk/node_modules/viem...'.
                                              Type '{ address: `0x${string}`; nonceManager?: NonceManager | undefined; sign?: ((parameters: { hash: `0x${string}`; }) => Promise<`0x${string}`>) | undefined; signAuthorization?: ((parameters: AuthorizationRequest) => Promise<...>) | undefined; ... 5 more ...; type: "local"; }' is not assignable to type '{ address: `0x${string}`; nonceManager?: NonceManager | undefined; sign?: ((parameters: { hash: `0x${string}`; }) => Promise<`0x${string}`>) | undefined; signAuthorization?: ((parameters: AuthorizationRequest) => Promise<...>) | undefined; ... 5 more ...; type: "local"; } | JsonRpcAccount | undefined'.
                                                Type '{ address: `0x${string}`; nonceManager?: import("D:/workspace/story/nft/1.meme/node_modules/viem/_types/utils/nonceManager").NonceManager | undefined; sign?: ((parameters: { hash: `0x${string}`; }) => Promise<...>) | undefined; ... 6 more ...; type: "local"; }' is not assignable to type '{ address: `0x${string}`; nonceManager?: import("D:/workspace/story/nft/1.meme/node_modules/@story-protocol/core-sdk/node_modules/viem/_types/utils/nonceManager").NonceManager | undefined; ... 7 more ...; type: "local"; }'.
                                                  Types of property 'nonceManager' are incompatible.
                                                    Type 'import("D:/workspace/story/nft/1.meme/node_modules/viem/_types/utils/nonceManager").NonceManager | undefined' is not assignable to type 'import("D:/workspace/story/nft/1.meme/node_modules/@story-protocol/core-sdk/node_modules/viem/_types/utils/nonceManager").NonceManager | undefined'.
                                                      Type 'import("D:/workspace/story/nft/1.meme/node_modules/viem/_types/utils/nonceManager").NonceManager' is not assignable to type 'import("D:/workspace/story/nft/1.meme/node_modules/@story-protocol/core-sdk/node_modules/viem/_types/utils/nonceManager").NonceManager'.
                                                        Types of property 'consume' are incompatible.
                                                          Type '(parameters: FunctionParameters & { client: import("D:/workspace/story/nft/1.meme/node_modules/viem/_types/clients/createClient").Client; }) => Promise<number>' is not assignable to type '(parameters: FunctionParameters & { client: import("D:/workspace/story/nft/1.meme/node_modules/@story-protocol/core-sdk/node_modules/viem/_types/clients/createClient").Client; }) => Promise<...>'.
                                                            Types of parameters 'parameters' and 'parameters' are incompatible.
                                                              Type 'FunctionParameters & { client: import("D:/workspace/story/nft/1.meme/node_modules/@story-protocol/core-sdk/node_modules/viem/_types/clients/createClient").Client; }' is not assignable to type 'FunctionParameters & { client: import("D:/workspace/story/nft/1.meme/node_modules/viem/_types/clients/createClient").Client; }'.
                                                                Type 'FunctionParameters & { client: Client; }' is not assignable to type '{ client: Client; }'.
                                                                  Types of property 'client' are incompatible.
                                                                    Type 'import("D:/workspace/story/nft/1.meme/node_modules/@story-protocol/core-sdk/node_modules/viem/_types/clients/createClient").Client' is not assignable to type 'import("D:/workspace/story/nft/1.meme/node_modules/viem/_types/clients/createClient").Client'.
                                                                      Type 'Client' is not assignable to type 'Client_Base<Transport, Chain | undefined, Account | undefined, undefined>'.
                                                                        Types of property 'account' are incompatible.
                                                                          Type 'import("D:/workspace/story/nft/1.meme/node_modules/@story-protocol/core-sdk/node_modules/viem/_types/accounts/types").Account | undefined' is not assignable to type 'import("D:/workspace/story/nft/1.meme/node_modules/viem/_types/accounts/types").Account | undefined'.
                                                                            Type '{ client: Client<Transport, Chain | undefined, { address: `0x${string}`; nonceManager?: NonceManager | undefined; sign?: ((parameters: { hash: `0x${string}`; }) => Promise<...>) | undefined; ... 6 more ...; type: "local"; } | JsonRpcAccount | undefined>; ... 22 more ...; source?: undefined; }' is not assignable to type 'Account | undefined'.
                                                                              Type '{ client: import("D:/workspace/story/nft/1.meme/node_modules/@story-protocol/core-sdk/node_modules/viem/_types/clients/createClient").Client<import("D:/workspace/story/nft/1.meme/node_modules/@story-protocol/core-sdk/node_modules/viem/_types/clients/transports/createTransport").Transport, import("D:/workspace/story/...' is not assignable to type '{ client: import("D:/workspace/story/nft/1.meme/node_modules/viem/_types/clients/createClient").Client<import("D:/workspace/story/nft/1.meme/node_modules/viem/_types/clients/transports/createTransport").Transport, import("D:/workspace/story/nft/1.meme/node_modules/viem/_types/types/chain").Chain | undefined, { ...; ...'.
                                                                                Types of property 'client' are incompatible.
                                                                                  Type 'import("D:/workspace/story/nft/1.meme/node_modules/@story-protocol/core-sdk/node_modules/viem/_types/clients/createClient").Client<import("D:/workspace/story/nft/1.meme/node_modules/@story-protocol/core-sdk/node_modules/viem/_types/clients/transports/createTransport").Transport, import("D:/workspace/story/nft/1.meme...' is not assignable to type 'import("D:/workspace/story/nft/1.meme/node_modules/viem/_types/clients/createClient").Client<import("D:/workspace/story/nft/1.meme/node_modules/viem/_types/clients/transports/createTransport").Transport, import("D:/workspace/story/nft/1.meme/node_modules/viem/_types/types/chain").Chain | undefined, { ...; } | ... 1 ...'.
                                                                                    Type 'Client<Transport, Chain | undefined, { address: `0x${string}`; nonceManager?: NonceManager | undefined; sign?: ((parameters: { hash: `0x${string}`; }) => Promise<`0x${string}`>) | undefined; ... 6 more ...; type: "local"; } | JsonRpcAccount | undefined>' is not assignable to type 'Client_Base<Transport, Chain | undefined, { address: `0x${string}`; nonceManager?: NonceManager | undefined; sign?: ((parameters: { hash: `0x${string}`; }) => Promise<`0x${string}`>) | undefined; ... 6 more ...; type: "local"; } | JsonRpcAccount | undefined, undefined>'.
                                                                                      Types of property 'account' are incompatible.
                                                                                        Type '{ address: `0x${string}`; nonceManager?: import("D:/workspace/story/nft/1.meme/node_modules/@story-protocol/core-sdk/node_modules/viem/_types/utils/nonceManager").NonceManager | undefined; ... 7 more ...; type: "local"; } | import("D:/workspace/story/nft/1.meme/node_modules/@story-protocol/core-sdk/node_modules/viem...' is not assignable to type '{ address: `0x${string}`; nonceManager?: import("D:/workspace/story/nft/1.meme/node_modules/viem/_types/utils/nonceManager").NonceManager | undefined; sign?: ((parameters: { hash: `0x${string}`; }) => Promise<...>) | undefined; ... 6 more ...; type: "local"; } | import("D:/workspace/story/nft/1.meme/node_modules/vie...'.
                                                                                          Type '{ address: `0x${string}`; nonceManager?: NonceManager | undefined; sign?: ((parameters: { hash: `0x${string}`; }) => Promise<`0x${string}`>) | undefined; signAuthorization?: ((parameters: AuthorizationRequest) => Promise<...>) | undefined; ... 5 more ...; type: "local"; }' is not assignable to type '{ address: `0x${string}`; nonceManager?: NonceManager | undefined; sign?: ((parameters: { hash: `0x${string}`; }) => Promise<`0x${string}`>) | undefined; signAuthorization?: ((parameters: AuthorizationRequest) => Promise<...>) | undefined; ... 5 more ...; type: "local"; } | JsonRpcAccount | undefined'.
                                                                                            Type '{ address: `0x${string}`; nonceManager?: import("D:/workspace/story/nft/1.meme/node_modules/@story-protocol/core-sdk/node_modules/viem/_types/utils/nonceManager").NonceManager | undefined; ... 7 more ...; type: "local"; }' is not assignable to type '{ address: `0x${string}`; nonceManager?: import("D:/workspace/story/nft/1.meme/node_modules/viem/_types/utils/nonceManager").NonceManager | undefined; sign?: ((parameters: { hash: `0x${string}`; }) => Promise<...>) | undefined; ... 6 more ...; type: "local"; }'.
                                                                                              Types of property 'signTypedData' are incompatible.
                                                                                                Type '<const typedData extends TypedData | Record<string, unknown>, primaryType extends keyof typedData | "EIP712Domain" = keyof typedData>(parameters: import("D:/workspace/story/nft/1.meme/node_modules/@story-protocol/core-sdk/node_modules/viem/_types/types/typedData").TypedDataDefinition<typedData, primaryType>) => Prom...' is not assignable to type '<const typedData extends TypedData | Record<string, unknown>, primaryType extends keyof typedData | "EIP712Domain" = keyof typedData>(parameters: import("D:/workspace/story/nft/1.meme/node_modules/viem/_types/types/typedData").TypedDataDefinition<typedData, primaryType>) => Promise<...>'.
                                                                                                  Types of parameters 'parameters' and 'parameters' are incompatible.
                                                                                                    Type 'TypedDataDefinition<typedData, primaryType, typedData extends { [x: string]: readonly TypedDataParameter[]; [x: `string[${string}]`]: undefined; [x: `function[${string}]`]: undefined; [x: `address[${string}]`]: undefined; [x: `bool[${string}]`]: undefined; [x: `bytes[${string}]`]: undefined; [x: `bytes2[${string}]`]...' is not assignable to type 'TypedDataDefinition<typedData, keyof typedData, typedData extends { [x: string]: readonly TypedDataParameter[]; [x: `string[${string}]`]: undefined; [x: `function[${string}]`]: undefined; [x: `address[${string}]`]: undefined; [x: `bool[${string}]`]: undefined; [x: `bytes[${string}]`]: undefined; [x: `bytes2[${string...'.
                                                                                                      Type 'EIP712DomainDefinition<typedData, primaryType, typedData extends { [x: string]: readonly TypedDataParameter[]; [x: `string[${string}]`]: undefined; [x: `function[${string}]`]: undefined; [x: `address[${string}]`]: undefined; [x: `bool[${string}]`]: undefined; [x: `bytes[${string}]`]: undefined; [x: `bytes2[${string}...' is not assignable to type 'TypedDataDefinition<typedData, keyof typedData, typedData extends { [x: string]: readonly TypedDataParameter[]; [x: `string[${string}]`]: undefined; [x: `function[${string}]`]: undefined; [x: `address[${string}]`]: undefined; [x: `bool[${string}]`]: undefined; [x: `bytes[${string}]`]: undefined; [x: `bytes2[${string...'.
                                                                                                        Type 'EIP712DomainDefinition<typedData, primaryType, typedData extends { [x: string]: readonly TypedDataParameter[]; [x: `string[${string}]`]: undefined; [x: `function[${string}]`]: undefined; [x: `address[${string}]`]: undefined; [x: `bool[${string}]`]: undefined; [x: `bytes[${string}]`]: undefined; [x: `bytes2[${string}...' is not assignable to type 'TypedDataDefinition<typedData, keyof typedData, typedData extends { [x: string]: readonly TypedDataParameter[]; [x: `string[${string}]`]: undefined; [x: `function[${string}]`]: undefined; [x: `address[${string}]`]: undefined; [x: `bool[${string}]`]: undefined; [x: `bytes[${string}]`]: undefined; [x: `bytes2[${string...'.
                                                                                                          Type 'MessageDefinition<typedData, primaryType, "message", typedData extends { [x: string]: readonly TypedDataParameter[]; [x: `string[${string}]`]: undefined; [x: `function[${string}]`]: undefined; [x: `address[${string}]`]: undefined; [x: `bool[${string}]`]: undefined; [x: `bytes[${string}]`]: undefined; [x: `bytes2[${s...' is not assignable to type 'MessageDefinition<typedData, keyof typedData, "message", typedData extends { [x: string]: readonly TypedDataParameter[]; [x: `string[${string}]`]: undefined; [x: `function[${string}]`]: undefined; [x: `address[${string}]`]: undefined; [x: `bool[${string}]`]: undefined; [x: `bytes[${string}]`]: undefined; [x: `bytes2...'.
                                                                                                            Type 'MessageDefinition<typedData, primaryType, "message", typedData extends { [x: string]: readonly TypedDataParameter[]; [x: `string[${string}]`]: undefined; [x: `function[${string}]`]: undefined; [x: `address[${string}]`]: undefined; [x: `bool[${string}]`]: undefined; [x: `bytes[${string}]`]: undefined; [x: `bytes2[${s...' is not assignable to type '{ message: { [_: string]: any; } extends (typedData extends { [x: string]: readonly TypedDataParameter[]; [x: `string[${string}]`]: undefined; [x: `function[${string}]`]: undefined; [x: `address[${string}]`]: undefined; [x: `bool[${string}]`]: undefined; [x: `bytes[${string}]`]: undefined; [x: `bytes2[${string}]`]: ...'.
                                                                                                              Types of property 'message' are incompatible.
                                                                                                                Type '{ [_: string]: any; } extends (typedData extends { [x: string]: readonly import("D:/workspace/story/nft/1.meme/node_modules/viem/node_modules/abitype/dist/types/abi").TypedDataParameter[]; [x: `string[${string}]`]: undefined; [x: `function[${string}]`]: undefined; [x: `address[${string}]`]: undefined; [x: `bool[${st...' is not assignable to type '{ [_: string]: any; } extends (typedData extends { [x: string]: readonly import("D:/workspace/story/nft/1.meme/node_modules/viem/node_modules/abitype/dist/types/abi").TypedDataParameter[]; [x: `string[${string}]`]: undefined; [x: `function[${string}]`]: undefined; [x: `address[${string}]`]: undefined; [x: `bool[${st...'. Two different types with this name exist, but they are unrelated.
                                                                                                                  Type 'Record<string, unknown> | (typedData extends { [x: string]: readonly TypedDataParameter[]; [x: `string[${string}]`]: undefined; [x: `function[${string}]`]: undefined; [x: `address[${string}]`]: undefined; [x: `bool[${string}]`]: undefined; [x: `bytes[${string}]`]: undefined; [x: `bytes2[${string}]`]: undefined; [x: ...' is not assignable to type '{ [_: string]: any; } extends (typedData extends { [x: string]: readonly TypedDataParameter[]; [x: `string[${string}]`]: undefined; [x: `function[${string}]`]: undefined; [x: `address[${string}]`]: undefined; [x: `bool[${string}]`]: undefined; [x: `bytes[${string}]`]: undefined; [x: `bytes2[${string}]`]: undefined; ...'.
                                                                                                                    Type 'Record<string, unknown>' is not assignable to type '{ [_: string]: any; } extends (typedData extends { [x: string]: readonly TypedDataParameter[]; [x: `string[${string}]`]: undefined; [x: `function[${string}]`]: undefined; [x: `address[${string}]`]: undefined; [x: `bool[${string}]`]: undefined; [x: `bytes[${string}]`]: undefined; [x: `bytes2[${string}]`]: undefined; ...'.
app/gallery/page.tsx(9,51): error TS5097: An import path can only end with a '.ts' extension when 'allowImportingTsExtensions' is enabled.
components/MemeCanvas.tsx(66,40): error TS7006: Parameter 'newAttrs' implicitly has an 'any' type.
components/MemeCanvas.tsx(76,22): error TS2554: Expected 1 arguments, but got 0.
components/MemeCanvas.tsx(77,19): error TS2554: Expected 1 arguments, but got 0.
components/Navbar.tsx(5,23): error TS2307: Cannot find module '@/components/ui/badge' or its corresponding type declarations.
components/RegistrationModal.tsx(32,17): error TS2304: Cannot find name 'storyClient'.
components/RegistrationModal.tsx(64,9): error TS2552: Cannot find name 'storyClient'. Did you mean 'StoryClient'?
components/RegistrationModal.tsx(68,14): error TS2552: Cannot find name 'storyClient'. Did you mean 'StoryClient'?
components/RegistrationModal.tsx(68,30): error TS2304: Cannot find name 'collectionAddress'.
components/RegistrationModal.tsx(73,9): error TS2552: Cannot find name 'setStatus'. Did you mean 'status'?
components/RegistrationModal.tsx(74,9): error TS2304: Cannot find name 'setErrorMessage'.
components/RegistrationModal.tsx(80,17): error TS18004: No value exists in scope for the shorthand property 'title'. Either declare one or provide an initializer.
components/RegistrationModal.tsx(81,17): error TS18004: No value exists in scope for the shorthand property 'description'. Either declare one or provide an initializer.
components/RegistrationModal.tsx(85,56): error TS18004: No value exists in scope for the shorthand property 'address'. Either declare one or provide an initializer.
components/RegistrationModal.tsx(92,23): error TS2304: Cannot find name 'title'.
components/RegistrationModal.tsx(93,17): error TS18004: No value exists in scope for the shorthand property 'description'. Either declare one or provide an initializer.
components/RegistrationModal.tsx(98,13): error TS2552: Cannot find name 'setStatus'. Did you mean 'status'?
components/RegistrationModal.tsx(117,38): error TS2304: Cannot find name 'storyClient'.
components/RegistrationModal.tsx(118,54): error TS2304: Cannot find name 'collectionAddress'.
components/RegistrationModal.tsx(119,45): error TS2304: Cannot find name 'licenseTerms'.
components/RegistrationModal.tsx(131,17): error TS2304: Cannot find name 'setTxHash'.
components/RegistrationModal.tsx(132,17): error TS2304: Cannot find name 'setExplorerUrl'.
components/RegistrationModal.tsx(133,17): error TS2552: Cannot find name 'setStatus'. Did you mean 'status'?
components/RegistrationModal.tsx(141,13): error TS2304: Cannot find name 'setErrorMessage'.
components/RegistrationModal.tsx(142,13): error TS2304: Cannot find name 'setStatus'.
components/RegistrationModal.tsx(158,34): error TS2304: Cannot find name 'explorerUrl'.
components/RegistrationModal.tsx(172,31): error TS2304: Cannot find name 'isCreatingCollection'.
components/RegistrationModal.tsx(174,52): error TS2304: Cannot find name 'collectionAddress'.
components/RegistrationModal.tsx(174,86): error TS2304: Cannot find name 'setCollectionAddress'.
components/RegistrationModal.tsx(179,46): error TS2304: Cannot find name 'savedCollections'.
components/RegistrationModal.tsx(179,67): error TS7006: Parameter 'c' implicitly has an 'any' type.
components/RegistrationModal.tsx(186,88): error TS2304: Cannot find name 'setIsCreatingCollection'.
components/RegistrationModal.tsx(195,48): error TS2304: Cannot find name 'newCollectionName'.
components/RegistrationModal.tsx(196,58): error TS2304: Cannot find name 'setNewCollectionName'.
components/RegistrationModal.tsx(199,64): error TS2304: Cannot find name 'handleCreateCollection'.
components/RegistrationModal.tsx(199,99): error TS2304: Cannot find name 'newCollectionName'.
components/RegistrationModal.tsx(202,86): error TS2304: Cannot find name 'setIsCreatingCollection'.
components/RegistrationModal.tsx(212,43): error TS2304: Cannot find name 'title'.
components/RegistrationModal.tsx(212,67): error TS2304: Cannot find name 'setTitle'.
components/RegistrationModal.tsx(222,46): error TS2304: Cannot find name 'handleAutoGenerateDescription'.
components/RegistrationModal.tsx(223,47): error TS2304: Cannot find name 'isGeneratingDesc'.
components/RegistrationModal.tsx(225,38): error TS2304: Cannot find name 'isGeneratingDesc'.
components/RegistrationModal.tsx(229,46): error TS2304: Cannot find name 'description'.
components/RegistrationModal.tsx(229,76): error TS2304: Cannot find name 'setDescription'.
components/RegistrationModal.tsx(235,44): error TS2304: Cannot find name 'licenseType'.
components/RegistrationModal.tsx(235,72): error TS2304: Cannot find name 'setLicenseType'.
components/RegistrationModal.tsx(247,26): error TS2304: Cannot find name 'errorMessage'.
components/RegistrationModal.tsx(249,34): error TS2304: Cannot find name 'errorMessage'.
components/RegistrationModal.tsx(256,90): error TS2304: Cannot find name 'collectionAddress'.
components/ui/slider.tsx(4,34): error TS2307: Cannot find module '@radix-ui/react-slider' or its corresponding type declarations.
components/ui/tabs.tsx(4,32): error TS2307: Cannot find module '@radix-ui/react-tabs' or its corresponding type declarations.
scripts/licenses/oneTimeUseLicense.ts(15,21): error TS2737: BigInt literals are not available when targeting lower than ES2020.
scripts/misc/signPrivate.ts(16,9): error TS2322: Type '{ blockExplorers: { readonly default: { readonly name: "Explorer"; readonly url: "https://aeneid.storyscan.xyz/"; }; }; blockTime?: number | undefined; contracts: { readonly multicall3: { readonly address: "0xca11bde05977b3631167028862be2a173976ca11"; readonly blockCreated: 1792; }; }; ... 11 more ...; serializers?:...' is not assignable to type 'Chain'.
  Type '{ blockExplorers: { readonly default: { readonly name: "Explorer"; readonly url: "https://aeneid.storyscan.xyz/"; }; }; blockTime?: number | undefined; contracts: { readonly multicall3: { readonly address: "0xca11bde05977b3631167028862be2a173976ca11"; readonly blockCreated: 1792; }; }; ... 11 more ...; serializers?:...' is not assignable to type 'ChainConfig<ChainFormatters | undefined, Record<string, unknown> | undefined>'.
    Types of property 'fees' are incompatible.
      Type 'ChainFees<undefined> | undefined' is not assignable to type 'ChainFees<ChainFormatters | undefined> | undefined'.
        Type 'ChainFees<undefined>' is not assignable to type 'ChainFees<ChainFormatters | undefined>'.
          Types of property 'baseFeeMultiplier' are incompatible.
            Type 'number | ((args: ChainFeesFnParameters<undefined>) => number | Promise<number>) | undefined' is not assignable to type 'number | ((args: ChainFeesFnParameters<ChainFormatters | undefined>) => number | Promise<number>) | undefined'.
              Type '(args: ChainFeesFnParameters<undefined>) => number | Promise<number>' is not assignable to type 'number | ((args: ChainFeesFnParameters<ChainFormatters | undefined>) => number | Promise<number>) | undefined'.
                Type '(args: ChainFeesFnParameters<undefined>) => number | Promise<number>' is not assignable to type '(args: ChainFeesFnParameters<ChainFormatters | undefined>) => number | Promise<number>'.
                  Types of parameters 'args' and 'args' are incompatible.
                    Type 'ChainFeesFnParameters<ChainFormatters | undefined>' is not assignable to type 'ChainFeesFnParameters<undefined>'.
                      Types of property 'client' are incompatible.
                        Type 'import("D:/workspace/story/nft/1.meme/node_modules/viem/_types/clients/createClient").Client<import("D:/workspace/story/nft/1.meme/node_modules/viem/_types/clients/transports/createTransport").Transport, import("D:/workspace/story/nft/1.meme/node_modules/viem/_types/types/chain").Chain<import("D:/workspace/story/nft...' is not assignable to type 'import("D:/workspace/story/nft/1.meme/node_modules/@story-protocol/core-sdk/node_modules/viem/_types/clients/createClient").Client<import("D:/workspace/story/nft/1.meme/node_modules/@story-protocol/core-sdk/node_modules/viem/_types/clients/transports/createTransport").Transport, import("D:/workspace/story/nft/1.meme...'.
                          Type 'Client<Transport, Chain<ChainFormatters | undefined, Record<string, unknown> | undefined>>' is not assignable to type 'Client_Base<Transport, Chain<ChainFormatters | undefined, Record<string, unknown> | undefined>, Account | undefined, undefined>'.
                            Types of property 'account' are incompatible.
                              Type 'import("D:/workspace/story/nft/1.meme/node_modules/viem/_types/accounts/types").Account | undefined' is not assignable to type 'import("D:/workspace/story/nft/1.meme/node_modules/@story-protocol/core-sdk/node_modules/viem/_types/accounts/types").Account | undefined'.
                                Type '{ client: Client<Transport, Chain | undefined, { address: `0x${string}`; nonceManager?: NonceManager | undefined; sign?: ((parameters: { hash: `0x${string}`; }) => Promise<...>) | undefined; ... 6 more ...; type: "local"; } | JsonRpcAccount | undefined>; ... 22 more ...; source?: undefined; }' is not assignable to type 'Account | undefined'.
                                  Type '{ client: import("D:/workspace/story/nft/1.meme/node_modules/viem/_types/clients/createClient").Client<import("D:/workspace/story/nft/1.meme/node_modules/viem/_types/clients/transports/createTransport").Transport, import("D:/workspace/story/nft/1.meme/node_modules/viem/_types/types/chain").Chain | undefined, { ...; ...' is not assignable to type '{ client: import("D:/workspace/story/nft/1.meme/node_modules/@story-protocol/core-sdk/node_modules/viem/_types/clients/createClient").Client<import("D:/workspace/story/nft/1.meme/node_modules/@story-protocol/core-sdk/node_modules/viem/_types/clients/transports/createTransport").Transport, import("D:/workspace/story/...'.
                                    Types of property 'client' are incompatible.
                                      Type 'import("D:/workspace/story/nft/1.meme/node_modules/viem/_types/clients/createClient").Client<import("D:/workspace/story/nft/1.meme/node_modules/viem/_types/clients/transports/createTransport").Transport, import("D:/workspace/story/nft/1.meme/node_modules/viem/_types/types/chain").Chain | undefined, { ...; } | ... 1 ...' is not assignable to type 'import("D:/workspace/story/nft/1.meme/node_modules/@story-protocol/core-sdk/node_modules/viem/_types/clients/createClient").Client<import("D:/workspace/story/nft/1.meme/node_modules/@story-protocol/core-sdk/node_modules/viem/_types/clients/transports/createTransport").Transport, import("D:/workspace/story/nft/1.meme...'.
                                        Type 'Client<Transport, Chain | undefined, { address: `0x${string}`; nonceManager?: NonceManager | undefined; sign?: ((parameters: { hash: `0x${string}`; }) => Promise<`0x${string}`>) | undefined; ... 6 more ...; type: "local"; } | JsonRpcAccount | undefined>' is not assignable to type 'Client_Base<Transport, Chain | undefined, { address: `0x${string}`; nonceManager?: NonceManager | undefined; sign?: ((parameters: { hash: `0x${string}`; }) => Promise<`0x${string}`>) | undefined; ... 6 more ...; type: "local"; } | JsonRpcAccount | undefined, undefined>'.
                                          Types of property 'account' are incompatible.
                                            Type '{ address: `0x${string}`; nonceManager?: import("D:/workspace/story/nft/1.meme/node_modules/viem/_types/utils/nonceManager").NonceManager | undefined; sign?: ((parameters: { hash: `0x${string}`; }) => Promise<...>) | undefined; ... 6 more ...; type: "local"; } | import("D:/workspace/story/nft/1.meme/node_modules/vie...' is not assignable to type '{ address: `0x${string}`; nonceManager?: import("D:/workspace/story/nft/1.meme/node_modules/@story-protocol/core-sdk/node_modules/viem/_types/utils/nonceManager").NonceManager | undefined; ... 7 more ...; type: "local"; } | import("D:/workspace/story/nft/1.meme/node_modules/@story-protocol/core-sdk/node_modules/viem...'.
                                              Type '{ address: `0x${string}`; nonceManager?: NonceManager | undefined; sign?: ((parameters: { hash: `0x${string}`; }) => Promise<`0x${string}`>) | undefined; signAuthorization?: ((parameters: AuthorizationRequest) => Promise<...>) | undefined; ... 5 more ...; type: "local"; }' is not assignable to type '{ address: `0x${string}`; nonceManager?: NonceManager | undefined; sign?: ((parameters: { hash: `0x${string}`; }) => Promise<`0x${string}`>) | undefined; signAuthorization?: ((parameters: AuthorizationRequest) => Promise<...>) | undefined; ... 5 more ...; type: "local"; } | JsonRpcAccount | undefined'.
                                                Type '{ address: `0x${string}`; nonceManager?: import("D:/workspace/story/nft/1.meme/node_modules/viem/_types/utils/nonceManager").NonceManager | undefined; sign?: ((parameters: { hash: `0x${string}`; }) => Promise<...>) | undefined; ... 6 more ...; type: "local"; }' is not assignable to type '{ address: `0x${string}`; nonceManager?: import("D:/workspace/story/nft/1.meme/node_modules/@story-protocol/core-sdk/node_modules/viem/_types/utils/nonceManager").NonceManager | undefined; ... 7 more ...; type: "local"; }'.
                                                  Types of property 'nonceManager' are incompatible.
                                                    Type 'import("D:/workspace/story/nft/1.meme/node_modules/viem/_types/utils/nonceManager").NonceManager | undefined' is not assignable to type 'import("D:/workspace/story/nft/1.meme/node_modules/@story-protocol/core-sdk/node_modules/viem/_types/utils/nonceManager").NonceManager | undefined'.
                                                      Type 'import("D:/workspace/story/nft/1.meme/node_modules/viem/_types/utils/nonceManager").NonceManager' is not assignable to type 'import("D:/workspace/story/nft/1.meme/node_modules/@story-protocol/core-sdk/node_modules/viem/_types/utils/nonceManager").NonceManager'.
                                                        Types of property 'consume' are incompatible.
                                                          Type '(parameters: FunctionParameters & { client: import("D:/workspace/story/nft/1.meme/node_modules/viem/_types/clients/createClient").Client; }) => Promise<number>' is not assignable to type '(parameters: FunctionParameters & { client: import("D:/workspace/story/nft/1.meme/node_modules/@story-protocol/core-sdk/node_modules/viem/_types/clients/createClient").Client; }) => Promise<...>'.
                                                            Types of parameters 'parameters' and 'parameters' are incompatible.
                                                              Type 'FunctionParameters & { client: import("D:/workspace/story/nft/1.meme/node_modules/@story-protocol/core-sdk/node_modules/viem/_types/clients/createClient").Client; }' is not assignable to type 'FunctionParameters & { client: import("D:/workspace/story/nft/1.meme/node_modules/viem/_types/clients/createClient").Client; }'.
                                                                Type 'FunctionParameters & { client: Client; }' is not assignable to type '{ client: Client; }'.
                                                                  Types of property 'client' are incompatible.
                                                                    Type 'import("D:/workspace/story/nft/1.meme/node_modules/@story-protocol/core-sdk/node_modules/viem/_types/clients/createClient").Client' is not assignable to type 'import("D:/workspace/story/nft/1.meme/node_modules/viem/_types/clients/createClient").Client'.
                                                                      Type 'Client' is not assignable to type 'Client_Base<Transport, Chain | undefined, Account | undefined, undefined>'.
                                                                        Types of property 'account' are incompatible.
                                                                          Type 'import("D:/workspace/story/nft/1.meme/node_modules/@story-protocol/core-sdk/node_modules/viem/_types/accounts/types").Account | undefined' is not assignable to type 'import("D:/workspace/story/nft/1.meme/node_modules/viem/_types/accounts/types").Account | undefined'.
                                                                            Type '{ client: Client<Transport, Chain | undefined, { address: `0x${string}`; nonceManager?: NonceManager | undefined; sign?: ((parameters: { hash: `0x${string}`; }) => Promise<...>) | undefined; ... 6 more ...; type: "local"; } | JsonRpcAccount | undefined>; ... 22 more ...; source?: undefined; }' is not assignable to type 'Account | undefined'.
                                                                              Type '{ client: import("D:/workspace/story/nft/1.meme/node_modules/@story-protocol/core-sdk/node_modules/viem/_types/clients/createClient").Client<import("D:/workspace/story/nft/1.meme/node_modules/@story-protocol/core-sdk/node_modules/viem/_types/clients/transports/createTransport").Transport, import("D:/workspace/story/...' is not assignable to type '{ client: import("D:/workspace/story/nft/1.meme/node_modules/viem/_types/clients/createClient").Client<import("D:/workspace/story/nft/1.meme/node_modules/viem/_types/clients/transports/createTransport").Transport, import("D:/workspace/story/nft/1.meme/node_modules/viem/_types/types/chain").Chain | undefined, { ...; ...'.
                                                                                Types of property 'client' are incompatible.
                                                                                  Type 'import("D:/workspace/story/nft/1.meme/node_modules/@story-protocol/core-sdk/node_modules/viem/_types/clients/createClient").Client<import("D:/workspace/story/nft/1.meme/node_modules/@story-protocol/core-sdk/node_modules/viem/_types/clients/transports/createTransport").Transport, import("D:/workspace/story/nft/1.meme...' is not assignable to type 'import("D:/workspace/story/nft/1.meme/node_modules/viem/_types/clients/createClient").Client<import("D:/workspace/story/nft/1.meme/node_modules/viem/_types/clients/transports/createTransport").Transport, import("D:/workspace/story/nft/1.meme/node_modules/viem/_types/types/chain").Chain | undefined, { ...; } | ... 1 ...'.
                                                                                    Type 'Client<Transport, Chain | undefined, { address: `0x${string}`; nonceManager?: NonceManager | undefined; sign?: ((parameters: { hash: `0x${string}`; }) => Promise<`0x${string}`>) | undefined; ... 6 more ...; type: "local"; } | JsonRpcAccount | undefined>' is not assignable to type 'Client_Base<Transport, Chain | undefined, { address: `0x${string}`; nonceManager?: NonceManager | undefined; sign?: ((parameters: { hash: `0x${string}`; }) => Promise<`0x${string}`>) | undefined; ... 6 more ...; type: "local"; } | JsonRpcAccount | undefined, undefined>'.
                                                                                      Types of property 'account' are incompatible.
                                                                                        Type '{ address: `0x${string}`; nonceManager?: import("D:/workspace/story/nft/1.meme/node_modules/@story-protocol/core-sdk/node_modules/viem/_types/utils/nonceManager").NonceManager | undefined; ... 7 more ...; type: "local"; } | import("D:/workspace/story/nft/1.meme/node_modules/@story-protocol/core-sdk/node_modules/viem...' is not assignable to type '{ address: `0x${string}`; nonceManager?: import("D:/workspace/story/nft/1.meme/node_modules/viem/_types/utils/nonceManager").NonceManager | undefined; sign?: ((parameters: { hash: `0x${string}`; }) => Promise<...>) | undefined; ... 6 more ...; type: "local"; } | import("D:/workspace/story/nft/1.meme/node_modules/vie...'.
                                                                                          Type '{ address: `0x${string}`; nonceManager?: NonceManager | undefined; sign?: ((parameters: { hash: `0x${string}`; }) => Promise<`0x${string}`>) | undefined; signAuthorization?: ((parameters: AuthorizationRequest) => Promise<...>) | undefined; ... 5 more ...; type: "local"; }' is not assignable to type '{ address: `0x${string}`; nonceManager?: NonceManager | undefined; sign?: ((parameters: { hash: `0x${string}`; }) => Promise<`0x${string}`>) | undefined; signAuthorization?: ((parameters: AuthorizationRequest) => Promise<...>) | undefined; ... 5 more ...; type: "local"; } | JsonRpcAccount | undefined'.
                                                                                            Type '{ address: `0x${string}`; nonceManager?: import("D:/workspace/story/nft/1.meme/node_modules/@story-protocol/core-sdk/node_modules/viem/_types/utils/nonceManager").NonceManager | undefined; ... 7 more ...; type: "local"; }' is not assignable to type '{ address: `0x${string}`; nonceManager?: import("D:/workspace/story/nft/1.meme/node_modules/viem/_types/utils/nonceManager").NonceManager | undefined; sign?: ((parameters: { hash: `0x${string}`; }) => Promise<...>) | undefined; ... 6 more ...; type: "local"; }'.
                                                                                              Types of property 'signTypedData' are incompatible.
                                                                                                Type '<const typedData extends TypedData | Record<string, unknown>, primaryType extends keyof typedData | "EIP712Domain" = keyof typedData>(parameters: import("D:/workspace/story/nft/1.meme/node_modules/@story-protocol/core-sdk/node_modules/viem/_types/types/typedData").TypedDataDefinition<typedData, primaryType>) => Prom...' is not assignable to type '<const typedData extends TypedData | Record<string, unknown>, primaryType extends keyof typedData | "EIP712Domain" = keyof typedData>(parameters: import("D:/workspace/story/nft/1.meme/node_modules/viem/_types/types/typedData").TypedDataDefinition<typedData, primaryType>) => Promise<...>'.
                                                                                                  Types of parameters 'parameters' and 'parameters' are incompatible.
                                                                                                    Type 'TypedDataDefinition<typedData, primaryType, typedData extends { [x: string]: readonly TypedDataParameter[]; [x: `string[${string}]`]: undefined; [x: `function[${string}]`]: undefined; [x: `address[${string}]`]: undefined; [x: `bool[${string}]`]: undefined; [x: `bytes[${string}]`]: undefined; [x: `bytes2[${string}]`]...' is not assignable to type 'TypedDataDefinition<typedData, keyof typedData, typedData extends { [x: string]: readonly TypedDataParameter[]; [x: `string[${string}]`]: undefined; [x: `function[${string}]`]: undefined; [x: `address[${string}]`]: undefined; [x: `bool[${string}]`]: undefined; [x: `bytes[${string}]`]: undefined; [x: `bytes2[${string...'.
                                                                                                      Type 'EIP712DomainDefinition<typedData, primaryType, typedData extends { [x: string]: readonly TypedDataParameter[]; [x: `string[${string}]`]: undefined; [x: `function[${string}]`]: undefined; [x: `address[${string}]`]: undefined; [x: `bool[${string}]`]: undefined; [x: `bytes[${string}]`]: undefined; [x: `bytes2[${string}...' is not assignable to type 'TypedDataDefinition<typedData, keyof typedData, typedData extends { [x: string]: readonly TypedDataParameter[]; [x: `string[${string}]`]: undefined; [x: `function[${string}]`]: undefined; [x: `address[${string}]`]: undefined; [x: `bool[${string}]`]: undefined; [x: `bytes[${string}]`]: undefined; [x: `bytes2[${string...'.
                                                                                                        Type 'EIP712DomainDefinition<typedData, primaryType, typedData extends { [x: string]: readonly TypedDataParameter[]; [x: `string[${string}]`]: undefined; [x: `function[${string}]`]: undefined; [x: `address[${string}]`]: undefined; [x: `bool[${string}]`]: undefined; [x: `bytes[${string}]`]: undefined; [x: `bytes2[${string}...' is not assignable to type 'TypedDataDefinition<typedData, keyof typedData, typedData extends { [x: string]: readonly TypedDataParameter[]; [x: `string[${string}]`]: undefined; [x: `function[${string}]`]: undefined; [x: `address[${string}]`]: undefined; [x: `bool[${string}]`]: undefined; [x: `bytes[${string}]`]: undefined; [x: `bytes2[${string...'.
                                                                                                          Type 'MessageDefinition<typedData, primaryType, "message", typedData extends { [x: string]: readonly TypedDataParameter[]; [x: `string[${string}]`]: undefined; [x: `function[${string}]`]: undefined; [x: `address[${string}]`]: undefined; [x: `bool[${string}]`]: undefined; [x: `bytes[${string}]`]: undefined; [x: `bytes2[${s...' is not assignable to type 'MessageDefinition<typedData, keyof typedData, "message", typedData extends { [x: string]: readonly TypedDataParameter[]; [x: `string[${string}]`]: undefined; [x: `function[${string}]`]: undefined; [x: `address[${string}]`]: undefined; [x: `bool[${string}]`]: undefined; [x: `bytes[${string}]`]: undefined; [x: `bytes2...'.
                                                                                                            Type 'MessageDefinition<typedData, primaryType, "message", typedData extends { [x: string]: readonly TypedDataParameter[]; [x: `string[${string}]`]: undefined; [x: `function[${string}]`]: undefined; [x: `address[${string}]`]: undefined; [x: `bool[${string}]`]: undefined; [x: `bytes[${string}]`]: undefined; [x: `bytes2[${s...' is not assignable to type '{ message: { [_: string]: any; } extends (typedData extends { [x: string]: readonly TypedDataParameter[]; [x: `string[${string}]`]: undefined; [x: `function[${string}]`]: undefined; [x: `address[${string}]`]: undefined; [x: `bool[${string}]`]: undefined; [x: `bytes[${string}]`]: undefined; [x: `bytes2[${string}]`]: ...'.
                                                                                                              Types of property 'message' are incompatible.
                                                                                                                Type '{ [_: string]: any; } extends (typedData extends { [x: string]: readonly import("D:/workspace/story/nft/1.meme/node_modules/viem/node_modules/abitype/dist/types/abi").TypedDataParameter[]; [x: `string[${string}]`]: undefined; [x: `function[${string}]`]: undefined; [x: `address[${string}]`]: undefined; [x: `bool[${st...' is not assignable to type '{ [_: string]: any; } extends (typedData extends { [x: string]: readonly import("D:/workspace/story/nft/1.meme/node_modules/viem/node_modules/abitype/dist/types/abi").TypedDataParameter[]; [x: `string[${string}]`]: undefined; [x: `function[${string}]`]: undefined; [x: `address[${string}]`]: undefined; [x: `bool[${st...'. Two different types with this name exist, but they are unrelated.
                                                                                                                  Type 'Record<string, unknown> | (typedData extends { [x: string]: readonly TypedDataParameter[]; [x: `string[${string}]`]: undefined; [x: `function[${string}]`]: undefined; [x: `address[${string}]`]: undefined; [x: `bool[${string}]`]: undefined; [x: `bytes[${string}]`]: undefined; [x: `bytes2[${string}]`]: undefined; [x: ...' is not assignable to type '{ [_: string]: any; } extends (typedData extends { [x: string]: readonly TypedDataParameter[]; [x: `string[${string}]`]: undefined; [x: `function[${string}]`]: undefined; [x: `address[${string}]`]: undefined; [x: `bool[${string}]`]: undefined; [x: `bytes[${string}]`]: undefined; [x: `bytes2[${string}]`]: undefined; ...'.
                                                                                                                    Type 'Record<string, unknown>' is not assignable to type '{ [_: string]: any; } extends (typedData extends { [x: string]: readonly TypedDataParameter[]; [x: `string[${string}]`]: undefined; [x: `function[${string}]`]: undefined; [x: `address[${string}]`]: undefined; [x: `bool[${string}]`]: undefined; [x: `bytes[${string}]`]: undefined; [x: `bytes2[${string}]`]: undefined; ...'.
scripts/misc/signPrivate.ts(24,9): error TS2322: Type '{ address: `0x${string}`; nonceManager?: NonceManager | undefined; sign: (parameters: { hash: `0x${string}`; }) => Promise<`0x${string}`>; signAuthorization: (parameters: AuthorizationRequest) => Promise<...>; ... 5 more ...; type: "local"; }' is not assignable to type '`0x${string}` | Account | undefined'.
  Type '{ address: `0x${string}`; nonceManager?: NonceManager | undefined; sign: (parameters: { hash: `0x${string}`; }) => Promise<`0x${string}`>; signAuthorization: (parameters: AuthorizationRequest) => Promise<...>; ... 5 more ...; type: "local"; }' is not assignable to type '{ address: `0x${string}`; nonceManager?: NonceManager | undefined; sign?: ((parameters: { hash: `0x${string}`; }) => Promise<`0x${string}`>) | undefined; signAuthorization?: ((parameters: AuthorizationRequest) => Promise<...>) | undefined; ... 19 more ...; isDeployed?: undefined; }'.
    Types of property 'nonceManager' are incompatible.
      Type 'import("D:/workspace/story/nft/1.meme/node_modules/viem/_types/utils/nonceManager").NonceManager | undefined' is not assignable to type 'import("D:/workspace/story/nft/1.meme/node_modules/@story-protocol/core-sdk/node_modules/viem/_types/utils/nonceManager").NonceManager | undefined'.
        Type 'import("D:/workspace/story/nft/1.meme/node_modules/viem/_types/utils/nonceManager").NonceManager' is not assignable to type 'import("D:/workspace/story/nft/1.meme/node_modules/@story-protocol/core-sdk/node_modules/viem/_types/utils/nonceManager").NonceManager'.
          Types of property 'consume' are incompatible.
            Type '(parameters: FunctionParameters & { client: import("D:/workspace/story/nft/1.meme/node_modules/viem/_types/clients/createClient").Client; }) => Promise<number>' is not assignable to type '(parameters: FunctionParameters & { client: import("D:/workspace/story/nft/1.meme/node_modules/@story-protocol/core-sdk/node_modules/viem/_types/clients/createClient").Client; }) => Promise<...>'.
              Types of parameters 'parameters' and 'parameters' are incompatible.
                Type 'FunctionParameters & { client: import("D:/workspace/story/nft/1.meme/node_modules/@story-protocol/core-sdk/node_modules/viem/_types/clients/createClient").Client; }' is not assignable to type 'FunctionParameters & { client: import("D:/workspace/story/nft/1.meme/node_modules/viem/_types/clients/createClient").Client; }'.
                  Type 'FunctionParameters & { client: Client; }' is not assignable to type '{ client: Client; }'.
                    Types of property 'client' are incompatible.
                      Type 'import("D:/workspace/story/nft/1.meme/node_modules/@story-protocol/core-sdk/node_modules/viem/_types/clients/createClient").Client' is not assignable to type 'import("D:/workspace/story/nft/1.meme/node_modules/viem/_types/clients/createClient").Client'.
                        Type 'Client' is not assignable to type 'Client_Base<Transport, Chain | undefined, Account | undefined, undefined>'.
                          Types of property 'account' are incompatible.
                            Type 'import("D:/workspace/story/nft/1.meme/node_modules/@story-protocol/core-sdk/node_modules/viem/_types/accounts/types").Account | undefined' is not assignable to type 'import("D:/workspace/story/nft/1.meme/node_modules/viem/_types/accounts/types").Account | undefined'.
                              Type '{ client: Client<Transport, Chain | undefined, { address: `0x${string}`; nonceManager?: NonceManager | undefined; sign?: ((parameters: { hash: `0x${string}`; }) => Promise<...>) | undefined; ... 6 more ...; type: "local"; } | JsonRpcAccount | undefined>; ... 22 more ...; source?: undefined; }' is not assignable to type 'Account | undefined'.
                                Type '{ client: import("D:/workspace/story/nft/1.meme/node_modules/@story-protocol/core-sdk/node_modules/viem/_types/clients/createClient").Client<import("D:/workspace/story/nft/1.meme/node_modules/@story-protocol/core-sdk/node_modules/viem/_types/clients/transports/createTransport").Transport, import("D:/workspace/story/...' is not assignable to type '{ client: import("D:/workspace/story/nft/1.meme/node_modules/viem/_types/clients/createClient").Client<import("D:/workspace/story/nft/1.meme/node_modules/viem/_types/clients/transports/createTransport").Transport, import("D:/workspace/story/nft/1.meme/node_modules/viem/_types/types/chain").Chain | undefined, { ...; ...'.
                                  Types of property 'client' are incompatible.
                                    Type 'import("D:/workspace/story/nft/1.meme/node_modules/@story-protocol/core-sdk/node_modules/viem/_types/clients/createClient").Client<import("D:/workspace/story/nft/1.meme/node_modules/@story-protocol/core-sdk/node_modules/viem/_types/clients/transports/createTransport").Transport, import("D:/workspace/story/nft/1.meme...' is not assignable to type 'import("D:/workspace/story/nft/1.meme/node_modules/viem/_types/clients/createClient").Client<import("D:/workspace/story/nft/1.meme/node_modules/viem/_types/clients/transports/createTransport").Transport, import("D:/workspace/story/nft/1.meme/node_modules/viem/_types/types/chain").Chain | undefined, { ...; } | ... 1 ...'.
                                      Type 'Client<Transport, Chain | undefined, { address: `0x${string}`; nonceManager?: NonceManager | undefined; sign?: ((parameters: { hash: `0x${string}`; }) => Promise<`0x${string}`>) | undefined; ... 6 more ...; type: "local"; } | JsonRpcAccount | undefined>' is not assignable to type 'Client_Base<Transport, Chain | undefined, { address: `0x${string}`; nonceManager?: NonceManager | undefined; sign?: ((parameters: { hash: `0x${string}`; }) => Promise<`0x${string}`>) | undefined; ... 6 more ...; type: "local"; } | JsonRpcAccount | undefined, undefined>'.
                                        Types of property 'account' are incompatible.
                                          Type '{ address: `0x${string}`; nonceManager?: import("D:/workspace/story/nft/1.meme/node_modules/@story-protocol/core-sdk/node_modules/viem/_types/utils/nonceManager").NonceManager | undefined; ... 7 more ...; type: "local"; } | import("D:/workspace/story/nft/1.meme/node_modules/@story-protocol/core-sdk/node_modules/viem...' is not assignable to type '{ address: `0x${string}`; nonceManager?: import("D:/workspace/story/nft/1.meme/node_modules/viem/_types/utils/nonceManager").NonceManager | undefined; sign?: ((parameters: { hash: `0x${string}`; }) => Promise<...>) | undefined; ... 6 more ...; type: "local"; } | import("D:/workspace/story/nft/1.meme/node_modules/vie...'.
                                            Type '{ address: `0x${string}`; nonceManager?: NonceManager | undefined; sign?: ((parameters: { hash: `0x${string}`; }) => Promise<`0x${string}`>) | undefined; signAuthorization?: ((parameters: AuthorizationRequest) => Promise<...>) | undefined; ... 5 more ...; type: "local"; }' is not assignable to type '{ address: `0x${string}`; nonceManager?: NonceManager | undefined; sign?: ((parameters: { hash: `0x${string}`; }) => Promise<`0x${string}`>) | undefined; signAuthorization?: ((parameters: AuthorizationRequest) => Promise<...>) | undefined; ... 5 more ...; type: "local"; } | JsonRpcAccount | undefined'.
                                              Type '{ address: `0x${string}`; nonceManager?: import("D:/workspace/story/nft/1.meme/node_modules/@story-protocol/core-sdk/node_modules/viem/_types/utils/nonceManager").NonceManager | undefined; ... 7 more ...; type: "local"; }' is not assignable to type '{ address: `0x${string}`; nonceManager?: import("D:/workspace/story/nft/1.meme/node_modules/viem/_types/utils/nonceManager").NonceManager | undefined; sign?: ((parameters: { hash: `0x${string}`; }) => Promise<...>) | undefined; ... 6 more ...; type: "local"; }'.
                                                Types of property 'nonceManager' are incompatible.
                                                  Type 'import("D:/workspace/story/nft/1.meme/node_modules/@story-protocol/core-sdk/node_modules/viem/_types/utils/nonceManager").NonceManager | undefined' is not assignable to type 'import("D:/workspace/story/nft/1.meme/node_modules/viem/_types/utils/nonceManager").NonceManager | undefined'.
                                                    Type 'import("D:/workspace/story/nft/1.meme/node_modules/@story-protocol/core-sdk/node_modules/viem/_types/utils/nonceManager").NonceManager' is not assignable to type 'import("D:/workspace/story/nft/1.meme/node_modules/viem/_types/utils/nonceManager").NonceManager'.
                                                      Types of property 'consume' are incompatible.
                                                        Type '(parameters: FunctionParameters & { client: import("D:/workspace/story/nft/1.meme/node_modules/@story-protocol/core-sdk/node_modules/viem/_types/clients/createClient").Client; }) => Promise<...>' is not assignable to type '(parameters: FunctionParameters & { client: import("D:/workspace/story/nft/1.meme/node_modules/viem/_types/clients/createClient").Client; }) => Promise<number>'.
                                                          Types of parameters 'parameters' and 'parameters' are incompatible.
                                                            Type 'FunctionParameters & { client: import("D:/workspace/story/nft/1.meme/node_modules/viem/_types/clients/createClient").Client; }' is not assignable to type 'FunctionParameters & { client: import("D:/workspace/story/nft/1.meme/node_modules/@story-protocol/core-sdk/node_modules/viem/_types/clients/createClient").Client; }'.
                                                              Type 'FunctionParameters & { client: Client; }' is not assignable to type '{ client: Client; }'.
                                                                Types of property 'client' are incompatible.
                                                                  Type 'import("D:/workspace/story/nft/1.meme/node_modules/viem/_types/clients/createClient").Client' is not assignable to type 'import("D:/workspace/story/nft/1.meme/node_modules/@story-protocol/core-sdk/node_modules/viem/_types/clients/createClient").Client'.
                                                                    Type 'Client' is not assignable to type 'Client_Base<Transport, Chain | undefined, Account | undefined, undefined>'.
                                                                      Types of property 'account' are incompatible.
                                                                        Type 'import("D:/workspace/story/nft/1.meme/node_modules/viem/_types/accounts/types").Account | undefined' is not assignable to type 'import("D:/workspace/story/nft/1.meme/node_modules/@story-protocol/core-sdk/node_modules/viem/_types/accounts/types").Account | undefined'.
                                                                          Type '{ client: Client<Transport, Chain | undefined, { address: `0x${string}`; nonceManager?: NonceManager | undefined; sign?: ((parameters: { hash: `0x${string}`; }) => Promise<...>) | undefined; ... 6 more ...; type: "local"; } | JsonRpcAccount | undefined>; ... 22 more ...; source?: undefined; }' is not assignable to type 'Account | undefined'.
                                                                            Type '{ client: import("D:/workspace/story/nft/1.meme/node_modules/viem/_types/clients/createClient").Client<import("D:/workspace/story/nft/1.meme/node_modules/viem/_types/clients/transports/createTransport").Transport, import("D:/workspace/story/nft/1.meme/node_modules/viem/_types/types/chain").Chain | undefined, { ...; ...' is not assignable to type '{ client: import("D:/workspace/story/nft/1.meme/node_modules/@story-protocol/core-sdk/node_modules/viem/_types/clients/createClient").Client<import("D:/workspace/story/nft/1.meme/node_modules/@story-protocol/core-sdk/node_modules/viem/_types/clients/transports/createTransport").Transport, import("D:/workspace/story/...'.
                                                                              Types of property 'client' are incompatible.
                                                                                Type 'import("D:/workspace/story/nft/1.meme/node_modules/viem/_types/clients/createClient").Client<import("D:/workspace/story/nft/1.meme/node_modules/viem/_types/clients/transports/createTransport").Transport, import("D:/workspace/story/nft/1.meme/node_modules/viem/_types/types/chain").Chain | undefined, { ...; } | ... 1 ...' is not assignable to type 'import("D:/workspace/story/nft/1.meme/node_modules/@story-protocol/core-sdk/node_modules/viem/_types/clients/createClient").Client<import("D:/workspace/story/nft/1.meme/node_modules/@story-protocol/core-sdk/node_modules/viem/_types/clients/transports/createTransport").Transport, import("D:/workspace/story/nft/1.meme...'.
                                                                                  Type 'Client<Transport, Chain | undefined, { address: `0x${string}`; nonceManager?: NonceManager | undefined; sign?: ((parameters: { hash: `0x${string}`; }) => Promise<`0x${string}`>) | undefined; ... 6 more ...; type: "local"; } | JsonRpcAccount | undefined>' is not assignable to type 'Client_Base<Transport, Chain | undefined, { address: `0x${string}`; nonceManager?: NonceManager | undefined; sign?: ((parameters: { hash: `0x${string}`; }) => Promise<`0x${string}`>) | undefined; ... 6 more ...; type: "local"; } | JsonRpcAccount | undefined, undefined>'.
                                                                                    Types of property 'account' are incompatible.
                                                                                      Type '{ address: `0x${string}`; nonceManager?: import("D:/workspace/story/nft/1.meme/node_modules/viem/_types/utils/nonceManager").NonceManager | undefined; sign?: ((parameters: { hash: `0x${string}`; }) => Promise<...>) | undefined; ... 6 more ...; type: "local"; } | import("D:/workspace/story/nft/1.meme/node_modules/vie...' is not assignable to type '{ address: `0x${string}`; nonceManager?: import("D:/workspace/story/nft/1.meme/node_modules/@story-protocol/core-sdk/node_modules/viem/_types/utils/nonceManager").NonceManager | undefined; ... 7 more ...; type: "local"; } | import("D:/workspace/story/nft/1.meme/node_modules/@story-protocol/core-sdk/node_modules/viem...'.
                                                                                        Type '{ address: `0x${string}`; nonceManager?: NonceManager | undefined; sign?: ((parameters: { hash: `0x${string}`; }) => Promise<`0x${string}`>) | undefined; signAuthorization?: ((parameters: AuthorizationRequest) => Promise<...>) | undefined; ... 5 more ...; type: "local"; }' is not assignable to type '{ address: `0x${string}`; nonceManager?: NonceManager | undefined; sign?: ((parameters: { hash: `0x${string}`; }) => Promise<`0x${string}`>) | undefined; signAuthorization?: ((parameters: AuthorizationRequest) => Promise<...>) | undefined; ... 5 more ...; type: "local"; } | JsonRpcAccount | undefined'.
                                                                                          Type '{ address: `0x${string}`; nonceManager?: import("D:/workspace/story/nft/1.meme/node_modules/viem/_types/utils/nonceManager").NonceManager | undefined; sign?: ((parameters: { hash: `0x${string}`; }) => Promise<...>) | undefined; ... 6 more ...; type: "local"; }' is not assignable to type '{ address: `0x${string}`; nonceManager?: import("D:/workspace/story/nft/1.meme/node_modules/@story-protocol/core-sdk/node_modules/viem/_types/utils/nonceManager").NonceManager | undefined; ... 7 more ...; type: "local"; }'.
                                                                                            Types of property 'signTypedData' are incompatible.
                                                                                              Type '<const typedData extends TypedData | Record<string, unknown>, primaryType extends keyof typedData | "EIP712Domain" = keyof typedData>(parameters: import("D:/workspace/story/nft/1.meme/node_modules/viem/_types/types/typedData").TypedDataDefinition<typedData, primaryType>) => Promise<...>' is not assignable to type '<const typedData extends TypedData | Record<string, unknown>, primaryType extends keyof typedData | "EIP712Domain" = keyof typedData>(parameters: import("D:/workspace/story/nft/1.meme/node_modules/@story-protocol/core-sdk/node_modules/viem/_types/types/typedData").TypedDataDefinition<typedData, primaryType>) => Prom...'.
                                                                                                Types of parameters 'parameters' and 'parameters' are incompatible.
                                                                                                  Type 'TypedDataDefinition<typedData, primaryType, typedData extends { [x: string]: readonly TypedDataParameter[]; [x: `string[${string}]`]: undefined; [x: `function[${string}]`]: undefined; [x: `address[${string}]`]: undefined; [x: `bool[${string}]`]: undefined; [x: `bytes[${string}]`]: undefined; [x: `bytes2[${string}]`]...' is not assignable to type 'TypedDataDefinition<typedData, keyof typedData, typedData extends { [x: string]: readonly TypedDataParameter[]; [x: `string[${string}]`]: undefined; [x: `function[${string}]`]: undefined; [x: `address[${string}]`]: undefined; [x: `bool[${string}]`]: undefined; [x: `bytes[${string}]`]: undefined; [x: `bytes2[${string...'.
                                                                                                    Type 'EIP712DomainDefinition<typedData, primaryType, typedData extends { [x: string]: readonly TypedDataParameter[]; [x: `string[${string}]`]: undefined; [x: `function[${string}]`]: undefined; [x: `address[${string}]`]: undefined; [x: `bool[${string}]`]: undefined; [x: `bytes[${string}]`]: undefined; [x: `bytes2[${string}...' is not assignable to type 'TypedDataDefinition<typedData, keyof typedData, typedData extends { [x: string]: readonly TypedDataParameter[]; [x: `string[${string}]`]: undefined; [x: `function[${string}]`]: undefined; [x: `address[${string}]`]: undefined; [x: `bool[${string}]`]: undefined; [x: `bytes[${string}]`]: undefined; [x: `bytes2[${string...'.
                                                                                                      Type 'EIP712DomainDefinition<typedData, primaryType, typedData extends { [x: string]: readonly TypedDataParameter[]; [x: `string[${string}]`]: undefined; [x: `function[${string}]`]: undefined; [x: `address[${string}]`]: undefined; [x: `bool[${string}]`]: undefined; [x: `bytes[${string}]`]: undefined; [x: `bytes2[${string}...' is not assignable to type 'TypedDataDefinition<typedData, keyof typedData, typedData extends { [x: string]: readonly TypedDataParameter[]; [x: `string[${string}]`]: undefined; [x: `function[${string}]`]: undefined; [x: `address[${string}]`]: undefined; [x: `bool[${string}]`]: undefined; [x: `bytes[${string}]`]: undefined; [x: `bytes2[${string...'.
                                                                                                        Type 'MessageDefinition<typedData, primaryType, "message", typedData extends { [x: string]: readonly TypedDataParameter[]; [x: `string[${string}]`]: undefined; [x: `function[${string}]`]: undefined; [x: `address[${string}]`]: undefined; [x: `bool[${string}]`]: undefined; [x: `bytes[${string}]`]: undefined; [x: `bytes2[${s...' is not assignable to type 'MessageDefinition<typedData, keyof typedData, "message", typedData extends { [x: string]: readonly TypedDataParameter[]; [x: `string[${string}]`]: undefined; [x: `function[${string}]`]: undefined; [x: `address[${string}]`]: undefined; [x: `bool[${string}]`]: undefined; [x: `bytes[${string}]`]: undefined; [x: `bytes2...'.
                                                                                                          Type 'MessageDefinition<typedData, primaryType, "message", typedData extends { [x: string]: readonly TypedDataParameter[]; [x: `string[${string}]`]: undefined; [x: `function[${string}]`]: undefined; [x: `address[${string}]`]: undefined; [x: `bool[${string}]`]: undefined; [x: `bytes[${string}]`]: undefined; [x: `bytes2[${s...' is not assignable to type '{ message: { [_: string]: any; } extends (typedData extends { [x: string]: readonly TypedDataParameter[]; [x: `string[${string}]`]: undefined; [x: `function[${string}]`]: undefined; [x: `address[${string}]`]: undefined; [x: `bool[${string}]`]: undefined; [x: `bytes[${string}]`]: undefined; [x: `bytes2[${string}]`]: ...'.
                                                                                                            Types of property 'message' are incompatible.
                                                                                                              Type '{ [_: string]: any; } extends (typedData extends { [x: string]: readonly import("D:/workspace/story/nft/1.meme/node_modules/viem/node_modules/abitype/dist/types/abi").TypedDataParameter[]; [x: `string[${string}]`]: undefined; [x: `function[${string}]`]: undefined; [x: `address[${string}]`]: undefined; [x: `bool[${st...' is not assignable to type '{ [_: string]: any; } extends (typedData extends { [x: string]: readonly import("D:/workspace/story/nft/1.meme/node_modules/viem/node_modules/abitype/dist/types/abi").TypedDataParameter[]; [x: `string[${string}]`]: undefined; [x: `function[${string}]`]: undefined; [x: `address[${string}]`]: undefined; [x: `bool[${st...'. Two different types with this name exist, but they are unrelated.
                                                                                                                Type 'Record<string, unknown> | (typedData extends { [x: string]: readonly TypedDataParameter[]; [x: `string[${string}]`]: undefined; [x: `function[${string}]`]: undefined; [x: `address[${string}]`]: undefined; [x: `bool[${string}]`]: undefined; [x: `bytes[${string}]`]: undefined; [x: `bytes2[${string}]`]: undefined; [x: ...' is not assignable to type '{ [_: string]: any; } extends (typedData extends { [x: string]: readonly TypedDataParameter[]; [x: `string[${string}]`]: undefined; [x: `function[${string}]`]: undefined; [x: `address[${string}]`]: undefined; [x: `bool[${string}]`]: undefined; [x: `bytes[${string}]`]: undefined; [x: `bytes2[${string}]`]: undefined; ...'.
                                                                                                                  Type 'Record<string, unknown>' is not assignable to type '{ [_: string]: any; } extends (typedData extends { [x: string]: readonly TypedDataParameter[]; [x: `string[${string}]`]: undefined; [x: `function[${string}]`]: undefined; [x: `address[${string}]`]: undefined; [x: `bool[${string}]`]: undefined; [x: `bytes[${string}]`]: undefined; [x: `bytes2[${string}]`]: undefined; ...'.
scripts/misc/signPrivate.ts(25,9): error TS2322: Type 'HttpTransport<undefined, false>' is not assignable to type 'Transport'.
  Types of parameters '__0' and '__0' are incompatible.
    Type '{ account?: Account | undefined; chain?: chain | undefined; pollingInterval?: number | undefined; retryCount?: number | undefined; timeout?: number | undefined; }' is not assignable to type '{ account?: Account | undefined; chain?: Chain | undefined; pollingInterval?: number | undefined; retryCount?: number | undefined; timeout?: number | undefined; }'.
      Types of property 'account' are incompatible.
        Type 'import("D:/workspace/story/nft/1.meme/node_modules/@story-protocol/core-sdk/node_modules/viem/_types/accounts/types").Account | undefined' is not assignable to type 'import("D:/workspace/story/nft/1.meme/node_modules/viem/_types/accounts/types").Account | undefined'.
          Type '{ client: Client<Transport, Chain | undefined, { address: `0x${string}`; nonceManager?: NonceManager | undefined; sign?: ((parameters: { hash: `0x${string}`; }) => Promise<...>) | undefined; ... 6 more ...; type: "local"; } | JsonRpcAccount | undefined>; ... 22 more ...; source?: undefined; }' is not assignable to type 'Account | undefined'.
            Type '{ client: import("D:/workspace/story/nft/1.meme/node_modules/@story-protocol/core-sdk/node_modules/viem/_types/clients/createClient").Client<import("D:/workspace/story/nft/1.meme/node_modules/@story-protocol/core-sdk/node_modules/viem/_types/clients/transports/createTransport").Transport, import("D:/workspace/story/...' is not assignable to type '{ client: import("D:/workspace/story/nft/1.meme/node_modules/viem/_types/clients/createClient").Client<import("D:/workspace/story/nft/1.meme/node_modules/viem/_types/clients/transports/createTransport").Transport, import("D:/workspace/story/nft/1.meme/node_modules/viem/_types/types/chain").Chain | undefined, { ...; ...'.
              Types of property 'client' are incompatible.
                Type 'import("D:/workspace/story/nft/1.meme/node_modules/@story-protocol/core-sdk/node_modules/viem/_types/clients/createClient").Client<import("D:/workspace/story/nft/1.meme/node_modules/@story-protocol/core-sdk/node_modules/viem/_types/clients/transports/createTransport").Transport, import("D:/workspace/story/nft/1.meme...' is not assignable to type 'import("D:/workspace/story/nft/1.meme/node_modules/viem/_types/clients/createClient").Client<import("D:/workspace/story/nft/1.meme/node_modules/viem/_types/clients/transports/createTransport").Transport, import("D:/workspace/story/nft/1.meme/node_modules/viem/_types/types/chain").Chain | undefined, { ...; } | ... 1 ...'.
                  Type 'Client<Transport, Chain | undefined, { address: `0x${string}`; nonceManager?: NonceManager | undefined; sign?: ((parameters: { hash: `0x${string}`; }) => Promise<`0x${string}`>) | undefined; ... 6 more ...; type: "local"; } | JsonRpcAccount | undefined>' is not assignable to type 'Client_Base<Transport, Chain | undefined, { address: `0x${string}`; nonceManager?: NonceManager | undefined; sign?: ((parameters: { hash: `0x${string}`; }) => Promise<`0x${string}`>) | undefined; ... 6 more ...; type: "local"; } | JsonRpcAccount | undefined, undefined>'.
                    Types of property 'account' are incompatible.
                      Type '{ address: `0x${string}`; nonceManager?: import("D:/workspace/story/nft/1.meme/node_modules/@story-protocol/core-sdk/node_modules/viem/_types/utils/nonceManager").NonceManager | undefined; ... 7 more ...; type: "local"; } | import("D:/workspace/story/nft/1.meme/node_modules/@story-protocol/core-sdk/node_modules/viem...' is not assignable to type '{ address: `0x${string}`; nonceManager?: import("D:/workspace/story/nft/1.meme/node_modules/viem/_types/utils/nonceManager").NonceManager | undefined; sign?: ((parameters: { hash: `0x${string}`; }) => Promise<...>) | undefined; ... 6 more ...; type: "local"; } | import("D:/workspace/story/nft/1.meme/node_modules/vie...'.
                        Type '{ address: `0x${string}`; nonceManager?: NonceManager | undefined; sign?: ((parameters: { hash: `0x${string}`; }) => Promise<`0x${string}`>) | undefined; signAuthorization?: ((parameters: AuthorizationRequest) => Promise<...>) | undefined; ... 5 more ...; type: "local"; }' is not assignable to type '{ address: `0x${string}`; nonceManager?: NonceManager | undefined; sign?: ((parameters: { hash: `0x${string}`; }) => Promise<`0x${string}`>) | undefined; signAuthorization?: ((parameters: AuthorizationRequest) => Promise<...>) | undefined; ... 5 more ...; type: "local"; } | JsonRpcAccount | undefined'.
                          Type '{ address: `0x${string}`; nonceManager?: import("D:/workspace/story/nft/1.meme/node_modules/@story-protocol/core-sdk/node_modules/viem/_types/utils/nonceManager").NonceManager | undefined; ... 7 more ...; type: "local"; }' is not assignable to type '{ address: `0x${string}`; nonceManager?: import("D:/workspace/story/nft/1.meme/node_modules/viem/_types/utils/nonceManager").NonceManager | undefined; sign?: ((parameters: { hash: `0x${string}`; }) => Promise<...>) | undefined; ... 6 more ...; type: "local"; }'.
                            Types of property 'nonceManager' are incompatible.
                              Type 'import("D:/workspace/story/nft/1.meme/node_modules/@story-protocol/core-sdk/node_modules/viem/_types/utils/nonceManager").NonceManager | undefined' is not assignable to type 'import("D:/workspace/story/nft/1.meme/node_modules/viem/_types/utils/nonceManager").NonceManager | undefined'.
                                Type 'import("D:/workspace/story/nft/1.meme/node_modules/@story-protocol/core-sdk/node_modules/viem/_types/utils/nonceManager").NonceManager' is not assignable to type 'import("D:/workspace/story/nft/1.meme/node_modules/viem/_types/utils/nonceManager").NonceManager'.
                                  Types of property 'consume' are incompatible.
                                    Type '(parameters: FunctionParameters & { client: import("D:/workspace/story/nft/1.meme/node_modules/@story-protocol/core-sdk/node_modules/viem/_types/clients/createClient").Client; }) => Promise<...>' is not assignable to type '(parameters: FunctionParameters & { client: import("D:/workspace/story/nft/1.meme/node_modules/viem/_types/clients/createClient").Client; }) => Promise<number>'.
                                      Types of parameters 'parameters' and 'parameters' are incompatible.
                                        Type 'FunctionParameters & { client: import("D:/workspace/story/nft/1.meme/node_modules/viem/_types/clients/createClient").Client; }' is not assignable to type 'FunctionParameters & { client: import("D:/workspace/story/nft/1.meme/node_modules/@story-protocol/core-sdk/node_modules/viem/_types/clients/createClient").Client; }'.
                                          Type 'FunctionParameters & { client: Client; }' is not assignable to type '{ client: Client; }'.
                                            Types of property 'client' are incompatible.
                                              Type 'import("D:/workspace/story/nft/1.meme/node_modules/viem/_types/clients/createClient").Client' is not assignable to type 'import("D:/workspace/story/nft/1.meme/node_modules/@story-protocol/core-sdk/node_modules/viem/_types/clients/createClient").Client'.
                                                Type 'Client' is not assignable to type 'Client_Base<Transport, Chain | undefined, Account | undefined, undefined>'.
                                                  Types of property 'account' are incompatible.
                                                    Type 'import("D:/workspace/story/nft/1.meme/node_modules/viem/_types/accounts/types").Account | undefined' is not assignable to type 'import("D:/workspace/story/nft/1.meme/node_modules/@story-protocol/core-sdk/node_modules/viem/_types/accounts/types").Account | undefined'.
                                                      Type '{ client: Client<Transport, Chain | undefined, { address: `0x${string}`; nonceManager?: NonceManager | undefined; sign?: ((parameters: { hash: `0x${string}`; }) => Promise<...>) | undefined; ... 6 more ...; type: "local"; } | JsonRpcAccount | undefined>; ... 22 more ...; source?: undefined; }' is not assignable to type 'Account | undefined'.
                                                        Type '{ client: import("D:/workspace/story/nft/1.meme/node_modules/viem/_types/clients/createClient").Client<import("D:/workspace/story/nft/1.meme/node_modules/viem/_types/clients/transports/createTransport").Transport, import("D:/workspace/story/nft/1.meme/node_modules/viem/_types/types/chain").Chain | undefined, { ...; ...' is not assignable to type '{ client: import("D:/workspace/story/nft/1.meme/node_modules/@story-protocol/core-sdk/node_modules/viem/_types/clients/createClient").Client<import("D:/workspace/story/nft/1.meme/node_modules/@story-protocol/core-sdk/node_modules/viem/_types/clients/transports/createTransport").Transport, import("D:/workspace/story/...'.
                                                          Types of property 'client' are incompatible.
                                                            Type 'import("D:/workspace/story/nft/1.meme/node_modules/viem/_types/clients/createClient").Client<import("D:/workspace/story/nft/1.meme/node_modules/viem/_types/clients/transports/createTransport").Transport, import("D:/workspace/story/nft/1.meme/node_modules/viem/_types/types/chain").Chain | undefined, { ...; } | ... 1 ...' is not assignable to type 'import("D:/workspace/story/nft/1.meme/node_modules/@story-protocol/core-sdk/node_modules/viem/_types/clients/createClient").Client<import("D:/workspace/story/nft/1.meme/node_modules/@story-protocol/core-sdk/node_modules/viem/_types/clients/transports/createTransport").Transport, import("D:/workspace/story/nft/1.meme...'.
                                                              Type 'Client<Transport, Chain | undefined, { address: `0x${string}`; nonceManager?: NonceManager | undefined; sign?: ((parameters: { hash: `0x${string}`; }) => Promise<`0x${string}`>) | undefined; ... 6 more ...; type: "local"; } | JsonRpcAccount | undefined>' is not assignable to type 'Client_Base<Transport, Chain | undefined, { address: `0x${string}`; nonceManager?: NonceManager | undefined; sign?: ((parameters: { hash: `0x${string}`; }) => Promise<`0x${string}`>) | undefined; ... 6 more ...; type: "local"; } | JsonRpcAccount | undefined, undefined>'.
                                                                Types of property 'account' are incompatible.
                                                                  Type '{ address: `0x${string}`; nonceManager?: import("D:/workspace/story/nft/1.meme/node_modules/viem/_types/utils/nonceManager").NonceManager | undefined; sign?: ((parameters: { hash: `0x${string}`; }) => Promise<...>) | undefined; ... 6 more ...; type: "local"; } | import("D:/workspace/story/nft/1.meme/node_modules/vie...' is not assignable to type '{ address: `0x${string}`; nonceManager?: import("D:/workspace/story/nft/1.meme/node_modules/@story-protocol/core-sdk/node_modules/viem/_types/utils/nonceManager").NonceManager | undefined; ... 7 more ...; type: "local"; } | import("D:/workspace/story/nft/1.meme/node_modules/@story-protocol/core-sdk/node_modules/viem...'.
                                                                    Type '{ address: `0x${string}`; nonceManager?: NonceManager | undefined; sign?: ((parameters: { hash: `0x${string}`; }) => Promise<`0x${string}`>) | undefined; signAuthorization?: ((parameters: AuthorizationRequest) => Promise<...>) | undefined; ... 5 more ...; type: "local"; }' is not assignable to type '{ address: `0x${string}`; nonceManager?: NonceManager | undefined; sign?: ((parameters: { hash: `0x${string}`; }) => Promise<`0x${string}`>) | undefined; signAuthorization?: ((parameters: AuthorizationRequest) => Promise<...>) | undefined; ... 5 more ...; type: "local"; } | JsonRpcAccount | undefined'.
                                                                      Type '{ address: `0x${string}`; nonceManager?: import("D:/workspace/story/nft/1.meme/node_modules/viem/_types/utils/nonceManager").NonceManager | undefined; sign?: ((parameters: { hash: `0x${string}`; }) => Promise<...>) | undefined; ... 6 more ...; type: "local"; }' is not assignable to type '{ address: `0x${string}`; nonceManager?: import("D:/workspace/story/nft/1.meme/node_modules/@story-protocol/core-sdk/node_modules/viem/_types/utils/nonceManager").NonceManager | undefined; ... 7 more ...; type: "local"; }'.
                                                                        Types of property 'nonceManager' are incompatible.
                                                                          Type 'import("D:/workspace/story/nft/1.meme/node_modules/viem/_types/utils/nonceManager").NonceManager | undefined' is not assignable to type 'import("D:/workspace/story/nft/1.meme/node_modules/@story-protocol/core-sdk/node_modules/viem/_types/utils/nonceManager").NonceManager | undefined'.
                                                                            Type 'import("D:/workspace/story/nft/1.meme/node_modules/viem/_types/utils/nonceManager").NonceManager' is not assignable to type 'import("D:/workspace/story/nft/1.meme/node_modules/@story-protocol/core-sdk/node_modules/viem/_types/utils/nonceManager").NonceManager'.
                                                                              Types of property 'consume' are incompatible.
                                                                                Type '(parameters: FunctionParameters & { client: import("D:/workspace/story/nft/1.meme/node_modules/viem/_types/clients/createClient").Client; }) => Promise<number>' is not assignable to type '(parameters: FunctionParameters & { client: import("D:/workspace/story/nft/1.meme/node_modules/@story-protocol/core-sdk/node_modules/viem/_types/clients/createClient").Client; }) => Promise<...>'.
                                                                                  Types of parameters 'parameters' and 'parameters' are incompatible.
                                                                                    Type 'FunctionParameters & { client: import("D:/workspace/story/nft/1.meme/node_modules/@story-protocol/core-sdk/node_modules/viem/_types/clients/createClient").Client; }' is not assignable to type 'FunctionParameters & { client: import("D:/workspace/story/nft/1.meme/node_modules/viem/_types/clients/createClient").Client; }'.
                                                                                      Type 'FunctionParameters & { client: Client; }' is not assignable to type '{ client: Client; }'.
                                                                                        Types of property 'client' are incompatible.
                                                                                          Type 'import("D:/workspace/story/nft/1.meme/node_modules/@story-protocol/core-sdk/node_modules/viem/_types/clients/createClient").Client' is not assignable to type 'import("D:/workspace/story/nft/1.meme/node_modules/viem/_types/clients/createClient").Client'.
                                                                                            Type 'Client' is not assignable to type 'Client_Base<Transport, Chain | undefined, Account | undefined, undefined>'.
                                                                                              Types of property 'account' are incompatible.
                                                                                                Type 'import("D:/workspace/story/nft/1.meme/node_modules/@story-protocol/core-sdk/node_modules/viem/_types/accounts/types").Account | undefined' is not assignable to type 'import("D:/workspace/story/nft/1.meme/node_modules/viem/_types/accounts/types").Account | undefined'.
                                                                                                  Type '{ client: Client<Transport, Chain | undefined, { address: `0x${string}`; nonceManager?: NonceManager | undefined; sign?: ((parameters: { hash: `0x${string}`; }) => Promise<...>) | undefined; ... 6 more ...; type: "local"; } | JsonRpcAccount | undefined>; ... 22 more ...; source?: undefined; }' is not assignable to type 'Account | undefined'.
                                                                                                    Type '{ client: import("D:/workspace/story/nft/1.meme/node_modules/@story-protocol/core-sdk/node_modules/viem/_types/clients/createClient").Client<import("D:/workspace/story/nft/1.meme/node_modules/@story-protocol/core-sdk/node_modules/viem/_types/clients/transports/createTransport").Transport, import("D:/workspace/story/...' is not assignable to type '{ client: import("D:/workspace/story/nft/1.meme/node_modules/viem/_types/clients/createClient").Client<import("D:/workspace/story/nft/1.meme/node_modules/viem/_types/clients/transports/createTransport").Transport, import("D:/workspace/story/nft/1.meme/node_modules/viem/_types/types/chain").Chain | undefined, { ...; ...'.
                                                                                                      Types of property 'client' are incompatible.
                                                                                                        Type 'import("D:/workspace/story/nft/1.meme/node_modules/@story-protocol/core-sdk/node_modules/viem/_types/clients/createClient").Client<import("D:/workspace/story/nft/1.meme/node_modules/@story-protocol/core-sdk/node_modules/viem/_types/clients/transports/createTransport").Transport, import("D:/workspace/story/nft/1.meme...' is not assignable to type 'import("D:/workspace/story/nft/1.meme/node_modules/viem/_types/clients/createClient").Client<import("D:/workspace/story/nft/1.meme/node_modules/viem/_types/clients/transports/createTransport").Transport, import("D:/workspace/story/nft/1.meme/node_modules/viem/_types/types/chain").Chain | undefined, { ...; } | ... 1 ...'.
                                                                                                          Type 'Client<Transport, Chain | undefined, { address: `0x${string}`; nonceManager?: NonceManager | undefined; sign?: ((parameters: { hash: `0x${string}`; }) => Promise<`0x${string}`>) | undefined; ... 6 more ...; type: "local"; } | JsonRpcAccount | undefined>' is not assignable to type '{ extend: <const client extends { [x: string]: unknown; account?: undefined; batch?: undefined; cacheTime?: undefined; ccipRead?: undefined; chain?: undefined; experimental_blockTag?: undefined; key?: undefined; name?: undefined; ... 4 more ...; uid?: undefined; } & ExactPartial<...>>(fn: (client: Client<...>) => cl...'.
                                                                                                            Types of property 'extend' are incompatible.
                                                                                                              Types of parameters 'fn' and 'fn' are incompatible.
                                                                                                                Type 'client' is not assignable to type '{ [x: string]: unknown; account?: undefined; batch?: undefined; cacheTime?: undefined; ccipRead?: undefined; chain?: undefined; experimental_blockTag?: undefined; key?: undefined; name?: undefined; pollingInterval?: undefined; request?: undefined; transport?: undefined; type?: undefined; uid?: undefined; } & ExactPa...'.
                                                                                                                  Type '{ [x: string]: unknown; account?: undefined; batch?: undefined; cacheTime?: undefined; ccipRead?: undefined; chain?: undefined; experimental_blockTag?: undefined; key?: undefined; name?: undefined; pollingInterval?: undefined; request?: undefined; transport?: undefined; type?: undefined; uid?: undefined; } & import(...' is not assignable to type '{ [x: string]: unknown; account?: undefined; batch?: undefined; cacheTime?: undefined; ccipRead?: undefined; chain?: undefined; experimental_blockTag?: undefined; key?: undefined; name?: undefined; pollingInterval?: undefined; request?: undefined; transport?: undefined; type?: undefined; uid?: undefined; } & import(...'. Two different types with this name exist, but they are unrelated.
                                                                                                                    Type '{ [x: string]: unknown; account?: undefined; batch?: undefined; cacheTime?: undefined; ccipRead?: undefined; chain?: undefined; experimental_blockTag?: undefined; key?: undefined; name?: undefined; pollingInterval?: undefined; request?: undefined; transport?: undefined; type?: undefined; uid?: undefined; } & ExactPa...' is not assignable to type 'ExactPartial<ExtendableProtectedActions<Transport, Chain | undefined, { address: `0x${string}`; nonceManager?: NonceManager | undefined; sign?: ((parameters: { hash: `0x${string}`; }) => Promise<...>) | undefined; ... 6 more ...; type: "local"; } | JsonRpcAccount | undefined>>'.
                                                                                                                      Types of property 'prepareTransactionRequest' are incompatible.
                                                                                                                        Type '(<const request extends import("D:/workspace/story/nft/1.meme/node_modules/viem/_types/actions/wallet/prepareTransactionRequest").PrepareTransactionRequestRequest<import("D:/workspace/story/nft/1.meme/node_modules/viem/_types/types/chain").Chain | undefined, chainOverride>, chainOverride extends Chain | undefined = ...' is not assignable to type '(<const request extends import("D:/workspace/story/nft/1.meme/node_modules/@story-protocol/core-sdk/node_modules/viem/_types/actions/wallet/prepareTransactionRequest").PrepareTransactionRequestRequest<import("D:/workspace/story/nft/1.meme/node_modules/@story-protocol/core-sdk/node_modules/viem/_types/types/chain").C...'.
                                                                                                                          Type '<const request extends import("D:/workspace/story/nft/1.meme/node_modules/viem/_types/actions/wallet/prepareTransactionRequest").PrepareTransactionRequestRequest<import("D:/workspace/story/nft/1.meme/node_modules/viem/_types/types/chain").Chain | undefined, chainOverride>, chainOverride extends Chain | undefined = u...' is not assignable to type '<const request extends import("D:/workspace/story/nft/1.meme/node_modules/@story-protocol/core-sdk/node_modules/viem/_types/actions/wallet/prepareTransactionRequest").PrepareTransactionRequestRequest<import("D:/workspace/story/nft/1.meme/node_modules/@story-protocol/core-sdk/node_modules/viem/_types/types/chain").Ch...'.
                                                                                                                            Types of parameters 'args' and 'args' are incompatible.
                                                                                                                              Type 'PrepareTransactionRequestParameters<Chain | undefined, { address: `0x${string}`; nonceManager?: NonceManager | undefined; sign?: ((parameters: { hash: `0x${string}`; }) => Promise<`0x${string}`>) | undefined; ... 6 more ...; type: "local"; } | JsonRpcAccount | undefined, chainOverride, accountOverride, request>' is not assignable to type 'PrepareTransactionRequestParameters<Chain | undefined, { address: `0x${string}`; nonceManager?: NonceManager | undefined; sign?: ((parameters: { hash: `0x${string}`; }) => Promise<`0x${string}`>) | undefined; ... 6 more ...; type: "local"; } | JsonRpcAccount | undefined, Chain | undefined, { ...; } | ... 2 more ... ...'.
                                                                                                                                Type 'PrepareTransactionRequestParameters<Chain | undefined, { address: `0x${string}`; nonceManager?: NonceManager | undefined; sign?: ((parameters: { hash: `0x${string}`; }) => Promise<`0x${string}`>) | undefined; ... 6 more ...; type: "local"; } | JsonRpcAccount | undefined, chainOverride, accountOverride, request>' is not assignable to type '{ chain: Chain | null | undefined; }'.
                                                                                                                                  Type 'client' is not assignable to type 'ExactPartial<ExtendableProtectedActions<Transport, Chain | undefined, { address: `0x${string}`; nonceManager?: NonceManager | undefined; sign?: ((parameters: { hash: `0x${string}`; }) => Promise<...>) | undefined; ... 6 more ...; type: "local"; } | JsonRpcAccount | undefined>>'.
                                                                                                                                    Type '{ [x: string]: unknown; account?: undefined; batch?: undefined; cacheTime?: undefined; ccipRead?: undefined; chain?: undefined; experimental_blockTag?: undefined; key?: undefined; name?: undefined; pollingInterval?: undefined; request?: undefined; transport?: undefined; type?: undefined; uid?: undefined; } & ExactPa...' is not assignable to type 'ExactPartial<ExtendableProtectedActions<Transport, Chain | undefined, { address: `0x${string}`; nonceManager?: NonceManager | undefined; sign?: ((parameters: { hash: `0x${string}`; }) => Promise<...>) | undefined; ... 6 more ...; type: "local"; } | JsonRpcAccount | undefined>>'.
                                                                                                                                      Types of property 'prepareTransactionRequest' are incompatible.
                                                                                                                                        Type '(<const request extends import("D:/workspace/story/nft/1.meme/node_modules/viem/_types/actions/wallet/prepareTransactionRequest").PrepareTransactionRequestRequest<import("D:/workspace/story/nft/1.meme/node_modules/viem/_types/types/chain").Chain | undefined, chainOverride>, chainOverride extends Chain | undefined = ...' is not assignable to type '(<const request extends import("D:/workspace/story/nft/1.meme/node_modules/@story-protocol/core-sdk/node_modules/viem/_types/actions/wallet/prepareTransactionRequest").PrepareTransactionRequestRequest<import("D:/workspace/story/nft/1.meme/node_modules/@story-protocol/core-sdk/node_modules/viem/_types/types/chain").C...'.
                                                                                                                                          Type '<const request extends import("D:/workspace/story/nft/1.meme/node_modules/viem/_types/actions/wallet/prepareTransactionRequest").PrepareTransactionRequestRequest<import("D:/workspace/story/nft/1.meme/node_modules/viem/_types/types/chain").Chain | undefined, chainOverride>, chainOverride extends Chain | undefined = u...' is not assignable to type '<const request extends import("D:/workspace/story/nft/1.meme/node_modules/@story-protocol/core-sdk/node_modules/viem/_types/actions/wallet/prepareTransactionRequest").PrepareTransactionRequestRequest<import("D:/workspace/story/nft/1.meme/node_modules/@story-protocol/core-sdk/node_modules/viem/_types/types/chain").Ch...'.
                                                                                                                                            Types of parameters 'args' and 'args' are incompatible.
                                                                                                                                              Type 'PrepareTransactionRequestParameters<Chain | undefined, { address: `0x${string}`; nonceManager?: NonceManager | undefined; sign?: ((parameters: { hash: `0x${string}`; }) => Promise<`0x${string}`>) | undefined; ... 6 more ...; type: "local"; } | JsonRpcAccount | undefined, chainOverride, accountOverride, request>' is not assignable to type 'PrepareTransactionRequestParameters<Chain | undefined, { address: `0x${string}`; nonceManager?: NonceManager | undefined; sign?: ((parameters: { hash: `0x${string}`; }) => Promise<`0x${string}`>) | undefined; ... 6 more ...; type: "local"; } | JsonRpcAccount | undefined, Chain | undefined, { ...; } | ... 2 more ... ...'.
                                                                                                                                                Type 'PrepareTransactionRequestParameters<Chain | undefined, { address: `0x${string}`; nonceManager?: NonceManager | undefined; sign?: ((parameters: { hash: `0x${string}`; }) => Promise<`0x${string}`>) | undefined; ... 6 more ...; type: "local"; } | JsonRpcAccount | undefined, chainOverride, accountOverride, request>' is not assignable to type '{ chain: Chain | null | undefined; }'.
scripts/misc/signPrivate.ts(36,13): error TS2737: BigInt literals are not available when targeting lower than ES2020.
scripts/misc/signPrivate.ts(37,13): error TS2737: BigInt literals are not available when targeting lower than ES2020.
scripts/misc/signPrivate.ts(40,13): error TS2737: BigInt literals are not available when targeting lower than ES2020.
scripts/misc/signPrivate.ts(52,9): error TS2322: Type '{ account: Account | undefined; batch?: { multicall?: boolean | { batchSize?: number | undefined; deployless?: boolean | undefined; wait?: number | undefined; } | undefined; } | undefined; ... 39 more ...; extend: <const client extends { ...; } & ExactPartial<...>>(fn: (client: Client<...>) => client) => Client<...>...' is not assignable to type 'SimpleWalletClient'.
  Types of property 'account' are incompatible.
    Type 'import("D:/workspace/story/nft/1.meme/node_modules/viem/_types/accounts/types").Account | undefined' is not assignable to type 'import("D:/workspace/story/nft/1.meme/node_modules/@story-protocol/core-sdk/node_modules/viem/_types/accounts/types").Account | undefined'.
      Type '{ client: Client<Transport, Chain | undefined, { address: `0x${string}`; nonceManager?: NonceManager | undefined; sign?: ((parameters: { hash: `0x${string}`; }) => Promise<...>) | undefined; ... 6 more ...; type: "local"; } | JsonRpcAccount | undefined>; ... 22 more ...; source?: undefined; }' is not assignable to type 'Account | undefined'.
        Type '{ client: import("D:/workspace/story/nft/1.meme/node_modules/viem/_types/clients/createClient").Client<import("D:/workspace/story/nft/1.meme/node_modules/viem/_types/clients/transports/createTransport").Transport, import("D:/workspace/story/nft/1.meme/node_modules/viem/_types/types/chain").Chain | undefined, { ...; ...' is not assignable to type '{ client: import("D:/workspace/story/nft/1.meme/node_modules/@story-protocol/core-sdk/node_modules/viem/_types/clients/createClient").Client<import("D:/workspace/story/nft/1.meme/node_modules/@story-protocol/core-sdk/node_modules/viem/_types/clients/transports/createTransport").Transport, import("D:/workspace/story/...'.
          Types of property 'client' are incompatible.
            Type 'import("D:/workspace/story/nft/1.meme/node_modules/viem/_types/clients/createClient").Client<import("D:/workspace/story/nft/1.meme/node_modules/viem/_types/clients/transports/createTransport").Transport, import("D:/workspace/story/nft/1.meme/node_modules/viem/_types/types/chain").Chain | undefined, { ...; } | ... 1 ...' is not assignable to type 'import("D:/workspace/story/nft/1.meme/node_modules/@story-protocol/core-sdk/node_modules/viem/_types/clients/createClient").Client<import("D:/workspace/story/nft/1.meme/node_modules/@story-protocol/core-sdk/node_modules/viem/_types/clients/transports/createTransport").Transport, import("D:/workspace/story/nft/1.meme...'.
              Type 'Client<Transport, Chain | undefined, { address: `0x${string}`; nonceManager?: NonceManager | undefined; sign?: ((parameters: { hash: `0x${string}`; }) => Promise<`0x${string}`>) | undefined; ... 6 more ...; type: "local"; } | JsonRpcAccount | undefined>' is not assignable to type 'Client_Base<Transport, Chain | undefined, { address: `0x${string}`; nonceManager?: NonceManager | undefined; sign?: ((parameters: { hash: `0x${string}`; }) => Promise<`0x${string}`>) | undefined; ... 6 more ...; type: "local"; } | JsonRpcAccount | undefined, undefined>'.
                Types of property 'account' are incompatible.
                  Type '{ address: `0x${string}`; nonceManager?: import("D:/workspace/story/nft/1.meme/node_modules/viem/_types/utils/nonceManager").NonceManager | undefined; sign?: ((parameters: { hash: `0x${string}`; }) => Promise<...>) | undefined; ... 6 more ...; type: "local"; } | import("D:/workspace/story/nft/1.meme/node_modules/vie...' is not assignable to type '{ address: `0x${string}`; nonceManager?: import("D:/workspace/story/nft/1.meme/node_modules/@story-protocol/core-sdk/node_modules/viem/_types/utils/nonceManager").NonceManager | undefined; ... 7 more ...; type: "local"; } | import("D:/workspace/story/nft/1.meme/node_modules/@story-protocol/core-sdk/node_modules/viem...'.
                    Type '{ address: `0x${string}`; nonceManager?: NonceManager | undefined; sign?: ((parameters: { hash: `0x${string}`; }) => Promise<`0x${string}`>) | undefined; signAuthorization?: ((parameters: AuthorizationRequest) => Promise<...>) | undefined; ... 5 more ...; type: "local"; }' is not assignable to type '{ address: `0x${string}`; nonceManager?: NonceManager | undefined; sign?: ((parameters: { hash: `0x${string}`; }) => Promise<`0x${string}`>) | undefined; signAuthorization?: ((parameters: AuthorizationRequest) => Promise<...>) | undefined; ... 5 more ...; type: "local"; } | JsonRpcAccount | undefined'.
                      Type '{ address: `0x${string}`; nonceManager?: import("D:/workspace/story/nft/1.meme/node_modules/viem/_types/utils/nonceManager").NonceManager | undefined; sign?: ((parameters: { hash: `0x${string}`; }) => Promise<...>) | undefined; ... 6 more ...; type: "local"; }' is not assignable to type '{ address: `0x${string}`; nonceManager?: import("D:/workspace/story/nft/1.meme/node_modules/@story-protocol/core-sdk/node_modules/viem/_types/utils/nonceManager").NonceManager | undefined; ... 7 more ...; type: "local"; }'.
                        Types of property 'nonceManager' are incompatible.
                          Type 'import("D:/workspace/story/nft/1.meme/node_modules/viem/_types/utils/nonceManager").NonceManager | undefined' is not assignable to type 'import("D:/workspace/story/nft/1.meme/node_modules/@story-protocol/core-sdk/node_modules/viem/_types/utils/nonceManager").NonceManager | undefined'.
                            Type 'import("D:/workspace/story/nft/1.meme/node_modules/viem/_types/utils/nonceManager").NonceManager' is not assignable to type 'import("D:/workspace/story/nft/1.meme/node_modules/@story-protocol/core-sdk/node_modules/viem/_types/utils/nonceManager").NonceManager'.
                              Types of property 'consume' are incompatible.
                                Type '(parameters: FunctionParameters & { client: import("D:/workspace/story/nft/1.meme/node_modules/viem/_types/clients/createClient").Client; }) => Promise<number>' is not assignable to type '(parameters: FunctionParameters & { client: import("D:/workspace/story/nft/1.meme/node_modules/@story-protocol/core-sdk/node_modules/viem/_types/clients/createClient").Client; }) => Promise<...>'.
                                  Types of parameters 'parameters' and 'parameters' are incompatible.
                                    Type 'FunctionParameters & { client: import("D:/workspace/story/nft/1.meme/node_modules/@story-protocol/core-sdk/node_modules/viem/_types/clients/createClient").Client; }' is not assignable to type 'FunctionParameters & { client: import("D:/workspace/story/nft/1.meme/node_modules/viem/_types/clients/createClient").Client; }'.
                                      Type 'FunctionParameters & { client: Client; }' is not assignable to type '{ client: Client; }'.
                                        Types of property 'client' are incompatible.
                                          Type 'import("D:/workspace/story/nft/1.meme/node_modules/@story-protocol/core-sdk/node_modules/viem/_types/clients/createClient").Client' is not assignable to type 'import("D:/workspace/story/nft/1.meme/node_modules/viem/_types/clients/createClient").Client'.
                                            Type 'Client' is not assignable to type 'Client_Base<Transport, Chain | undefined, Account | undefined, undefined>'.
                                              Types of property 'account' are incompatible.
                                                Type 'import("D:/workspace/story/nft/1.meme/node_modules/@story-protocol/core-sdk/node_modules/viem/_types/accounts/types").Account | undefined' is not assignable to type 'import("D:/workspace/story/nft/1.meme/node_modules/viem/_types/accounts/types").Account | undefined'.
                                                  Type '{ client: Client<Transport, Chain | undefined, { address: `0x${string}`; nonceManager?: NonceManager | undefined; sign?: ((parameters: { hash: `0x${string}`; }) => Promise<...>) | undefined; ... 6 more ...; type: "local"; } | JsonRpcAccount | undefined>; ... 22 more ...; source?: undefined; }' is not assignable to type 'Account | undefined'.
                                                    Type '{ client: import("D:/workspace/story/nft/1.meme/node_modules/@story-protocol/core-sdk/node_modules/viem/_types/clients/createClient").Client<import("D:/workspace/story/nft/1.meme/node_modules/@story-protocol/core-sdk/node_modules/viem/_types/clients/transports/createTransport").Transport, import("D:/workspace/story/...' is not assignable to type '{ client: import("D:/workspace/story/nft/1.meme/node_modules/viem/_types/clients/createClient").Client<import("D:/workspace/story/nft/1.meme/node_modules/viem/_types/clients/transports/createTransport").Transport, import("D:/workspace/story/nft/1.meme/node_modules/viem/_types/types/chain").Chain | undefined, { ...; ...'.
                                                      Types of property 'client' are incompatible.
                                                        Type 'import("D:/workspace/story/nft/1.meme/node_modules/@story-protocol/core-sdk/node_modules/viem/_types/clients/createClient").Client<import("D:/workspace/story/nft/1.meme/node_modules/@story-protocol/core-sdk/node_modules/viem/_types/clients/transports/createTransport").Transport, import("D:/workspace/story/nft/1.meme...' is not assignable to type 'import("D:/workspace/story/nft/1.meme/node_modules/viem/_types/clients/createClient").Client<import("D:/workspace/story/nft/1.meme/node_modules/viem/_types/clients/transports/createTransport").Transport, import("D:/workspace/story/nft/1.meme/node_modules/viem/_types/types/chain").Chain | undefined, { ...; } | ... 1 ...'.
                                                          Type 'Client<Transport, Chain | undefined, { address: `0x${string}`; nonceManager?: NonceManager | undefined; sign?: ((parameters: { hash: `0x${string}`; }) => Promise<`0x${string}`>) | undefined; ... 6 more ...; type: "local"; } | JsonRpcAccount | undefined>' is not assignable to type 'Client_Base<Transport, Chain | undefined, { address: `0x${string}`; nonceManager?: NonceManager | undefined; sign?: ((parameters: { hash: `0x${string}`; }) => Promise<`0x${string}`>) | undefined; ... 6 more ...; type: "local"; } | JsonRpcAccount | undefined, undefined>'.
                                                            Types of property 'account' are incompatible.
                                                              Type '{ address: `0x${string}`; nonceManager?: import("D:/workspace/story/nft/1.meme/node_modules/@story-protocol/core-sdk/node_modules/viem/_types/utils/nonceManager").NonceManager | undefined; ... 7 more ...; type: "local"; } | import("D:/workspace/story/nft/1.meme/node_modules/@story-protocol/core-sdk/node_modules/viem...' is not assignable to type '{ address: `0x${string}`; nonceManager?: import("D:/workspace/story/nft/1.meme/node_modules/viem/_types/utils/nonceManager").NonceManager | undefined; sign?: ((parameters: { hash: `0x${string}`; }) => Promise<...>) | undefined; ... 6 more ...; type: "local"; } | import("D:/workspace/story/nft/1.meme/node_modules/vie...'.
                                                                Type '{ address: `0x${string}`; nonceManager?: NonceManager | undefined; sign?: ((parameters: { hash: `0x${string}`; }) => Promise<`0x${string}`>) | undefined; signAuthorization?: ((parameters: AuthorizationRequest) => Promise<...>) | undefined; ... 5 more ...; type: "local"; }' is not assignable to type '{ address: `0x${string}`; nonceManager?: NonceManager | undefined; sign?: ((parameters: { hash: `0x${string}`; }) => Promise<`0x${string}`>) | undefined; signAuthorization?: ((parameters: AuthorizationRequest) => Promise<...>) | undefined; ... 5 more ...; type: "local"; } | JsonRpcAccount | undefined'.
                                                                  Type '{ address: `0x${string}`; nonceManager?: import("D:/workspace/story/nft/1.meme/node_modules/@story-protocol/core-sdk/node_modules/viem/_types/utils/nonceManager").NonceManager | undefined; ... 7 more ...; type: "local"; }' is not assignable to type '{ address: `0x${string}`; nonceManager?: import("D:/workspace/story/nft/1.meme/node_modules/viem/_types/utils/nonceManager").NonceManager | undefined; sign?: ((parameters: { hash: `0x${string}`; }) => Promise<...>) | undefined; ... 6 more ...; type: "local"; }'.
                                                                    Types of property 'nonceManager' are incompatible.
                                                                      Type 'import("D:/workspace/story/nft/1.meme/node_modules/@story-protocol/core-sdk/node_modules/viem/_types/utils/nonceManager").NonceManager | undefined' is not assignable to type 'import("D:/workspace/story/nft/1.meme/node_modules/viem/_types/utils/nonceManager").NonceManager | undefined'.
                                                                        Type 'import("D:/workspace/story/nft/1.meme/node_modules/@story-protocol/core-sdk/node_modules/viem/_types/utils/nonceManager").NonceManager' is not assignable to type 'import("D:/workspace/story/nft/1.meme/node_modules/viem/_types/utils/nonceManager").NonceManager'.
                                                                          Types of property 'consume' are incompatible.
                                                                            Type '(parameters: FunctionParameters & { client: import("D:/workspace/story/nft/1.meme/node_modules/@story-protocol/core-sdk/node_modules/viem/_types/clients/createClient").Client; }) => Promise<...>' is not assignable to type '(parameters: FunctionParameters & { client: import("D:/workspace/story/nft/1.meme/node_modules/viem/_types/clients/createClient").Client; }) => Promise<number>'.
                                                                              Types of parameters 'parameters' and 'parameters' are incompatible.
                                                                                Type 'FunctionParameters & { client: import("D:/workspace/story/nft/1.meme/node_modules/viem/_types/clients/createClient").Client; }' is not assignable to type 'FunctionParameters & { client: import("D:/workspace/story/nft/1.meme/node_modules/@story-protocol/core-sdk/node_modules/viem/_types/clients/createClient").Client; }'.
                                                                                  Type 'FunctionParameters & { client: Client; }' is not assignable to type '{ client: Client; }'.
                                                                                    Types of property 'client' are incompatible.
                                                                                      Type 'import("D:/workspace/story/nft/1.meme/node_modules/viem/_types/clients/createClient").Client' is not assignable to type 'import("D:/workspace/story/nft/1.meme/node_modules/@story-protocol/core-sdk/node_modules/viem/_types/clients/createClient").Client'.
                                                                                        Type 'Client' is not assignable to type 'Client_Base<Transport, Chain | undefined, Account | undefined, undefined>'.
                                                                                          Types of property 'account' are incompatible.
                                                                                            Type 'import("D:/workspace/story/nft/1.meme/node_modules/viem/_types/accounts/types").Account | undefined' is not assignable to type 'import("D:/workspace/story/nft/1.meme/node_modules/@story-protocol/core-sdk/node_modules/viem/_types/accounts/types").Account | undefined'.
                                                                                              Type '{ client: Client<Transport, Chain | undefined, { address: `0x${string}`; nonceManager?: NonceManager | undefined; sign?: ((parameters: { hash: `0x${string}`; }) => Promise<...>) | undefined; ... 6 more ...; type: "local"; } | JsonRpcAccount | undefined>; ... 22 more ...; source?: undefined; }' is not assignable to type 'Account | undefined'.
                                                                                                Type '{ client: import("D:/workspace/story/nft/1.meme/node_modules/viem/_types/clients/createClient").Client<import("D:/workspace/story/nft/1.meme/node_modules/viem/_types/clients/transports/createTransport").Transport, import("D:/workspace/story/nft/1.meme/node_modules/viem/_types/types/chain").Chain | undefined, { ...; ...' is not assignable to type '{ client: import("D:/workspace/story/nft/1.meme/node_modules/@story-protocol/core-sdk/node_modules/viem/_types/clients/createClient").Client<import("D:/workspace/story/nft/1.meme/node_modules/@story-protocol/core-sdk/node_modules/viem/_types/clients/transports/createTransport").Transport, import("D:/workspace/story/...'.
                                                                                                  Types of property 'client' are incompatible.
                                                                                                    Type 'import("D:/workspace/story/nft/1.meme/node_modules/viem/_types/clients/createClient").Client<import("D:/workspace/story/nft/1.meme/node_modules/viem/_types/clients/transports/createTransport").Transport, import("D:/workspace/story/nft/1.meme/node_modules/viem/_types/types/chain").Chain | undefined, { ...; } | ... 1 ...' is not assignable to type 'import("D:/workspace/story/nft/1.meme/node_modules/@story-protocol/core-sdk/node_modules/viem/_types/clients/createClient").Client<import("D:/workspace/story/nft/1.meme/node_modules/@story-protocol/core-sdk/node_modules/viem/_types/clients/transports/createTransport").Transport, import("D:/workspace/story/nft/1.meme...'.
                                                                                                      Type 'Client<Transport, Chain | undefined, { address: `0x${string}`; nonceManager?: NonceManager | undefined; sign?: ((parameters: { hash: `0x${string}`; }) => Promise<`0x${string}`>) | undefined; ... 6 more ...; type: "local"; } | JsonRpcAccount | undefined>' is not assignable to type '{ extend: <const client extends { [x: string]: unknown; account?: undefined; batch?: undefined; cacheTime?: undefined; ccipRead?: undefined; chain?: undefined; experimental_blockTag?: undefined; key?: undefined; name?: undefined; ... 4 more ...; uid?: undefined; } & ExactPartial<...>>(fn: (client: Client<...>) => cl...'.
                                                                                                        Types of property 'extend' are incompatible.
                                                                                                          Types of parameters 'fn' and 'fn' are incompatible.
                                                                                                            Type 'client' is not assignable to type '{ [x: string]: unknown; account?: undefined; batch?: undefined; cacheTime?: undefined; ccipRead?: undefined; chain?: undefined; experimental_blockTag?: undefined; key?: undefined; name?: undefined; pollingInterval?: undefined; request?: undefined; transport?: undefined; type?: undefined; uid?: undefined; } & ExactPa...'.
                                                                                                              Type '{ [x: string]: unknown; account?: undefined; batch?: undefined; cacheTime?: undefined; ccipRead?: undefined; chain?: undefined; experimental_blockTag?: undefined; key?: undefined; name?: undefined; pollingInterval?: undefined; request?: undefined; transport?: undefined; type?: undefined; uid?: undefined; } & import(...' is not assignable to type '{ [x: string]: unknown; account?: undefined; batch?: undefined; cacheTime?: undefined; ccipRead?: undefined; chain?: undefined; experimental_blockTag?: undefined; key?: undefined; name?: undefined; pollingInterval?: undefined; request?: undefined; transport?: undefined; type?: undefined; uid?: undefined; } & import(...'. Two different types with this name exist, but they are unrelated.
                                                                                                                Type '{ [x: string]: unknown; account?: undefined; batch?: undefined; cacheTime?: undefined; ccipRead?: undefined; chain?: undefined; experimental_blockTag?: undefined; key?: undefined; name?: undefined; pollingInterval?: undefined; request?: undefined; transport?: undefined; type?: undefined; uid?: undefined; } & ExactPa...' is not assignable to type 'ExactPartial<ExtendableProtectedActions<Transport, Chain | undefined, { address: `0x${string}`; nonceManager?: NonceManager | undefined; sign?: ((parameters: { hash: `0x${string}`; }) => Promise<...>) | undefined; ... 6 more ...; type: "local"; } | JsonRpcAccount | undefined>>'.
                                                                                                                  Types of property 'prepareTransactionRequest' are incompatible.
                                                                                                                    Type '(<const request extends import("D:/workspace/story/nft/1.meme/node_modules/@story-protocol/core-sdk/node_modules/viem/_types/actions/wallet/prepareTransactionRequest").PrepareTransactionRequestRequest<import("D:/workspace/story/nft/1.meme/node_modules/@story-protocol/core-sdk/node_modules/viem/_types/types/chain").C...' is not assignable to type '(<const request extends import("D:/workspace/story/nft/1.meme/node_modules/viem/_types/actions/wallet/prepareTransactionRequest").PrepareTransactionRequestRequest<import("D:/workspace/story/nft/1.meme/node_modules/viem/_types/types/chain").Chain | undefined, chainOverride>, chainOverride extends Chain | undefined = ...'.
                                                                                                                      Type '<const request extends import("D:/workspace/story/nft/1.meme/node_modules/@story-protocol/core-sdk/node_modules/viem/_types/actions/wallet/prepareTransactionRequest").PrepareTransactionRequestRequest<import("D:/workspace/story/nft/1.meme/node_modules/@story-protocol/core-sdk/node_modules/viem/_types/types/chain").Ch...' is not assignable to type '<const request extends import("D:/workspace/story/nft/1.meme/node_modules/viem/_types/actions/wallet/prepareTransactionRequest").PrepareTransactionRequestRequest<import("D:/workspace/story/nft/1.meme/node_modules/viem/_types/types/chain").Chain | undefined, chainOverride>, chainOverride extends Chain | undefined = u...'.
                                                                                                                        Types of parameters 'args' and 'args' are incompatible.
                                                                                                                          Type 'PrepareTransactionRequestParameters<Chain | undefined, { address: `0x${string}`; nonceManager?: NonceManager | undefined; sign?: ((parameters: { hash: `0x${string}`; }) => Promise<`0x${string}`>) | undefined; ... 6 more ...; type: "local"; } | JsonRpcAccount | undefined, chainOverride, accountOverride, request>' is not assignable to type 'PrepareTransactionRequestParameters<Chain | undefined, { address: `0x${string}`; nonceManager?: NonceManager | undefined; sign?: ((parameters: { hash: `0x${string}`; }) => Promise<`0x${string}`>) | undefined; ... 6 more ...; type: "local"; } | JsonRpcAccount | undefined, Chain | undefined, { ...; } | ... 2 more ... ...'.
                                                                                                                            Type 'PrepareTransactionRequestParameters<Chain | undefined, { address: `0x${string}`; nonceManager?: NonceManager | undefined; sign?: ((parameters: { hash: `0x${string}`; }) => Promise<`0x${string}`>) | undefined; ... 6 more ...; type: "local"; } | JsonRpcAccount | undefined, chainOverride, accountOverride, request>' is not assignable to type '{ chain: Chain | null | undefined; }'.
                                                                                                                              Type 'client' is not assignable to type 'ExactPartial<ExtendableProtectedActions<Transport, Chain | undefined, { address: `0x${string}`; nonceManager?: NonceManager | undefined; sign?: ((parameters: { hash: `0x${string}`; }) => Promise<...>) | undefined; ... 6 more ...; type: "local"; } | JsonRpcAccount | undefined>>'.
                                                                                                                                Type '{ [x: string]: unknown; account?: undefined; batch?: undefined; cacheTime?: undefined; ccipRead?: undefined; chain?: undefined; experimental_blockTag?: undefined; key?: undefined; name?: undefined; pollingInterval?: undefined; request?: undefined; transport?: undefined; type?: undefined; uid?: undefined; } & ExactPa...' is not assignable to type 'ExactPartial<ExtendableProtectedActions<Transport, Chain | undefined, { address: `0x${string}`; nonceManager?: NonceManager | undefined; sign?: ((parameters: { hash: `0x${string}`; }) => Promise<...>) | undefined; ... 6 more ...; type: "local"; } | JsonRpcAccount | undefined>>'.
                                                                                                                                  Types of property 'prepareTransactionRequest' are incompatible.
                                                                                                                                    Type '(<const request extends import("D:/workspace/story/nft/1.meme/node_modules/@story-protocol/core-sdk/node_modules/viem/_types/actions/wallet/prepareTransactionRequest").PrepareTransactionRequestRequest<import("D:/workspace/story/nft/1.meme/node_modules/@story-protocol/core-sdk/node_modules/viem/_types/types/chain").C...' is not assignable to type '(<const request extends import("D:/workspace/story/nft/1.meme/node_modules/viem/_types/actions/wallet/prepareTransactionRequest").PrepareTransactionRequestRequest<import("D:/workspace/story/nft/1.meme/node_modules/viem/_types/types/chain").Chain | undefined, chainOverride>, chainOverride extends Chain | undefined = ...'.
                                                                                                                                      Type '<const request extends import("D:/workspace/story/nft/1.meme/node_modules/@story-protocol/core-sdk/node_modules/viem/_types/actions/wallet/prepareTransactionRequest").PrepareTransactionRequestRequest<import("D:/workspace/story/nft/1.meme/node_modules/@story-protocol/core-sdk/node_modules/viem/_types/types/chain").Ch...' is not assignable to type '<const request extends import("D:/workspace/story/nft/1.meme/node_modules/viem/_types/actions/wallet/prepareTransactionRequest").PrepareTransactionRequestRequest<import("D:/workspace/story/nft/1.meme/node_modules/viem/_types/types/chain").Chain | undefined, chainOverride>, chainOverride extends Chain | undefined = u...'.
                                                                                                                                        Types of parameters 'args' and 'args' are incompatible.
                                                                                                                                          Type 'PrepareTransactionRequestParameters<Chain | undefined, { address: `0x${string}`; nonceManager?: NonceManager | undefined; sign?: ((parameters: { hash: `0x${string}`; }) => Promise<`0x${string}`>) | undefined; ... 6 more ...; type: "local"; } | JsonRpcAccount | undefined, chainOverride, accountOverride, request>' is not assignable to type 'PrepareTransactionRequestParameters<Chain | undefined, { address: `0x${string}`; nonceManager?: NonceManager | undefined; sign?: ((parameters: { hash: `0x${string}`; }) => Promise<`0x${string}`>) | undefined; ... 6 more ...; type: "local"; } | JsonRpcAccount | undefined, Chain | undefined, { ...; } | ... 2 more ... ...'.
                                                                                                                                            Type 'PrepareTransactionRequestParameters<Chain | undefined, { address: `0x${string}`; nonceManager?: NonceManager | undefined; sign?: ((parameters: { hash: `0x${string}`; }) => Promise<`0x${string}`>) | undefined; ... 6 more ...; type: "local"; } | JsonRpcAccount | undefined, chainOverride, accountOverride, request>' is not assignable to type '{ chain: Chain | null | undefined; }'.
utils/config.ts(28,9): error TS2322: Type '{ blockExplorers: { readonly default: { readonly name: "Explorer"; readonly url: "https://aeneid.storyscan.xyz/"; }; }; blockTime?: number | undefined; contracts: { readonly multicall3: { readonly address: "0xca11bde05977b3631167028862be2a173976ca11"; readonly blockCreated: 1792; }; }; ... 11 more ...; serializers?:...' is not assignable to type 'Chain'.
  Type '{ blockExplorers: { readonly default: { readonly name: "Explorer"; readonly url: "https://aeneid.storyscan.xyz/"; }; }; blockTime?: number | undefined; contracts: { readonly multicall3: { readonly address: "0xca11bde05977b3631167028862be2a173976ca11"; readonly blockCreated: 1792; }; }; ... 11 more ...; serializers?:...' is not assignable to type 'ChainConfig<ChainFormatters | undefined, Record<string, unknown> | undefined>'.
    Types of property 'fees' are incompatible.
      Type 'ChainFees<undefined> | undefined' is not assignable to type 'ChainFees<ChainFormatters | undefined> | undefined'.
        Type 'ChainFees<undefined>' is not assignable to type 'ChainFees<ChainFormatters | undefined>'.
          Types of property 'baseFeeMultiplier' are incompatible.
            Type 'number | ((args: ChainFeesFnParameters<undefined>) => number | Promise<number>) | undefined' is not assignable to type 'number | ((args: ChainFeesFnParameters<ChainFormatters | undefined>) => number | Promise<number>) | undefined'.
              Type '(args: ChainFeesFnParameters<undefined>) => number | Promise<number>' is not assignable to type 'number | ((args: ChainFeesFnParameters<ChainFormatters | undefined>) => number | Promise<number>) | undefined'.
                Type '(args: ChainFeesFnParameters<undefined>) => number | Promise<number>' is not assignable to type '(args: ChainFeesFnParameters<ChainFormatters | undefined>) => number | Promise<number>'.
                  Types of parameters 'args' and 'args' are incompatible.
                    Type 'ChainFeesFnParameters<ChainFormatters | undefined>' is not assignable to type 'ChainFeesFnParameters<undefined>'.
                      Types of property 'client' are incompatible.
                        Type 'import("D:/workspace/story/nft/1.meme/node_modules/viem/_types/clients/createClient").Client<import("D:/workspace/story/nft/1.meme/node_modules/viem/_types/clients/transports/createTransport").Transport, import("D:/workspace/story/nft/1.meme/node_modules/viem/_types/types/chain").Chain<import("D:/workspace/story/nft...' is not assignable to type 'import("D:/workspace/story/nft/1.meme/node_modules/@story-protocol/core-sdk/node_modules/viem/_types/clients/createClient").Client<import("D:/workspace/story/nft/1.meme/node_modules/@story-protocol/core-sdk/node_modules/viem/_types/clients/transports/createTransport").Transport, import("D:/workspace/story/nft/1.meme...'.
                          Type 'Client<Transport, Chain<ChainFormatters | undefined, Record<string, unknown> | undefined>>' is not assignable to type 'Client_Base<Transport, Chain<ChainFormatters | undefined, Record<string, unknown> | undefined>, Account | undefined, undefined>'.
                            Types of property 'account' are incompatible.
                              Type 'import("D:/workspace/story/nft/1.meme/node_modules/viem/_types/accounts/types").Account | undefined' is not assignable to type 'import("D:/workspace/story/nft/1.meme/node_modules/@story-protocol/core-sdk/node_modules/viem/_types/accounts/types").Account | undefined'.
                                Type '{ client: Client<Transport, Chain | undefined, { address: `0x${string}`; nonceManager?: NonceManager | undefined; sign?: ((parameters: { hash: `0x${string}`; }) => Promise<...>) | undefined; ... 6 more ...; type: "local"; } | JsonRpcAccount | undefined>; ... 22 more ...; source?: undefined; }' is not assignable to type 'Account | undefined'.
                                  Type '{ client: import("D:/workspace/story/nft/1.meme/node_modules/viem/_types/clients/createClient").Client<import("D:/workspace/story/nft/1.meme/node_modules/viem/_types/clients/transports/createTransport").Transport, import("D:/workspace/story/nft/1.meme/node_modules/viem/_types/types/chain").Chain | undefined, { ...; ...' is not assignable to type '{ client: import("D:/workspace/story/nft/1.meme/node_modules/@story-protocol/core-sdk/node_modules/viem/_types/clients/createClient").Client<import("D:/workspace/story/nft/1.meme/node_modules/@story-protocol/core-sdk/node_modules/viem/_types/clients/transports/createTransport").Transport, import("D:/workspace/story/...'.
                                    Types of property 'client' are incompatible.
                                      Type 'import("D:/workspace/story/nft/1.meme/node_modules/viem/_types/clients/createClient").Client<import("D:/workspace/story/nft/1.meme/node_modules/viem/_types/clients/transports/createTransport").Transport, import("D:/workspace/story/nft/1.meme/node_modules/viem/_types/types/chain").Chain | undefined, { ...; } | ... 1 ...' is not assignable to type 'import("D:/workspace/story/nft/1.meme/node_modules/@story-protocol/core-sdk/node_modules/viem/_types/clients/createClient").Client<import("D:/workspace/story/nft/1.meme/node_modules/@story-protocol/core-sdk/node_modules/viem/_types/clients/transports/createTransport").Transport, import("D:/workspace/story/nft/1.meme...'.
                                        Type 'Client<Transport, Chain | undefined, { address: `0x${string}`; nonceManager?: NonceManager | undefined; sign?: ((parameters: { hash: `0x${string}`; }) => Promise<`0x${string}`>) | undefined; ... 6 more ...; type: "local"; } | JsonRpcAccount | undefined>' is not assignable to type 'Client_Base<Transport, Chain | undefined, { address: `0x${string}`; nonceManager?: NonceManager | undefined; sign?: ((parameters: { hash: `0x${string}`; }) => Promise<`0x${string}`>) | undefined; ... 6 more ...; type: "local"; } | JsonRpcAccount | undefined, undefined>'.
                                          Types of property 'account' are incompatible.
                                            Type '{ address: `0x${string}`; nonceManager?: import("D:/workspace/story/nft/1.meme/node_modules/viem/_types/utils/nonceManager").NonceManager | undefined; sign?: ((parameters: { hash: `0x${string}`; }) => Promise<...>) | undefined; ... 6 more ...; type: "local"; } | import("D:/workspace/story/nft/1.meme/node_modules/vie...' is not assignable to type '{ address: `0x${string}`; nonceManager?: import("D:/workspace/story/nft/1.meme/node_modules/@story-protocol/core-sdk/node_modules/viem/_types/utils/nonceManager").NonceManager | undefined; ... 7 more ...; type: "local"; } | import("D:/workspace/story/nft/1.meme/node_modules/@story-protocol/core-sdk/node_modules/viem...'.
                                              Type '{ address: `0x${string}`; nonceManager?: NonceManager | undefined; sign?: ((parameters: { hash: `0x${string}`; }) => Promise<`0x${string}`>) | undefined; signAuthorization?: ((parameters: AuthorizationRequest) => Promise<...>) | undefined; ... 5 more ...; type: "local"; }' is not assignable to type '{ address: `0x${string}`; nonceManager?: NonceManager | undefined; sign?: ((parameters: { hash: `0x${string}`; }) => Promise<`0x${string}`>) | undefined; signAuthorization?: ((parameters: AuthorizationRequest) => Promise<...>) | undefined; ... 5 more ...; type: "local"; } | JsonRpcAccount | undefined'.
                                                Type '{ address: `0x${string}`; nonceManager?: import("D:/workspace/story/nft/1.meme/node_modules/viem/_types/utils/nonceManager").NonceManager | undefined; sign?: ((parameters: { hash: `0x${string}`; }) => Promise<...>) | undefined; ... 6 more ...; type: "local"; }' is not assignable to type '{ address: `0x${string}`; nonceManager?: import("D:/workspace/story/nft/1.meme/node_modules/@story-protocol/core-sdk/node_modules/viem/_types/utils/nonceManager").NonceManager | undefined; ... 7 more ...; type: "local"; }'.
                                                  Types of property 'nonceManager' are incompatible.
                                                    Type 'import("D:/workspace/story/nft/1.meme/node_modules/viem/_types/utils/nonceManager").NonceManager | undefined' is not assignable to type 'import("D:/workspace/story/nft/1.meme/node_modules/@story-protocol/core-sdk/node_modules/viem/_types/utils/nonceManager").NonceManager | undefined'.
                                                      Type 'import("D:/workspace/story/nft/1.meme/node_modules/viem/_types/utils/nonceManager").NonceManager' is not assignable to type 'import("D:/workspace/story/nft/1.meme/node_modules/@story-protocol/core-sdk/node_modules/viem/_types/utils/nonceManager").NonceManager'.
                                                        Types of property 'consume' are incompatible.
                                                          Type '(parameters: FunctionParameters & { client: import("D:/workspace/story/nft/1.meme/node_modules/viem/_types/clients/createClient").Client; }) => Promise<number>' is not assignable to type '(parameters: FunctionParameters & { client: import("D:/workspace/story/nft/1.meme/node_modules/@story-protocol/core-sdk/node_modules/viem/_types/clients/createClient").Client; }) => Promise<...>'.
                                                            Types of parameters 'parameters' and 'parameters' are incompatible.
                                                              Type 'FunctionParameters & { client: import("D:/workspace/story/nft/1.meme/node_modules/@story-protocol/core-sdk/node_modules/viem/_types/clients/createClient").Client; }' is not assignable to type 'FunctionParameters & { client: import("D:/workspace/story/nft/1.meme/node_modules/viem/_types/clients/createClient").Client; }'.
                                                                Type 'FunctionParameters & { client: Client; }' is not assignable to type '{ client: Client; }'.
                                                                  Types of property 'client' are incompatible.
                                                                    Type 'import("D:/workspace/story/nft/1.meme/node_modules/@story-protocol/core-sdk/node_modules/viem/_types/clients/createClient").Client' is not assignable to type 'import("D:/workspace/story/nft/1.meme/node_modules/viem/_types/clients/createClient").Client'.
                                                                      Type 'Client' is not assignable to type 'Client_Base<Transport, Chain | undefined, Account | undefined, undefined>'.
                                                                        Types of property 'account' are incompatible.
                                                                          Type 'import("D:/workspace/story/nft/1.meme/node_modules/@story-protocol/core-sdk/node_modules/viem/_types/accounts/types").Account | undefined' is not assignable to type 'import("D:/workspace/story/nft/1.meme/node_modules/viem/_types/accounts/types").Account | undefined'.
                                                                            Type '{ client: Client<Transport, Chain | undefined, { address: `0x${string}`; nonceManager?: NonceManager | undefined; sign?: ((parameters: { hash: `0x${string}`; }) => Promise<...>) | undefined; ... 6 more ...; type: "local"; } | JsonRpcAccount | undefined>; ... 22 more ...; source?: undefined; }' is not assignable to type 'Account | undefined'.
                                                                              Type '{ client: import("D:/workspace/story/nft/1.meme/node_modules/@story-protocol/core-sdk/node_modules/viem/_types/clients/createClient").Client<import("D:/workspace/story/nft/1.meme/node_modules/@story-protocol/core-sdk/node_modules/viem/_types/clients/transports/createTransport").Transport, import("D:/workspace/story/...' is not assignable to type '{ client: import("D:/workspace/story/nft/1.meme/node_modules/viem/_types/clients/createClient").Client<import("D:/workspace/story/nft/1.meme/node_modules/viem/_types/clients/transports/createTransport").Transport, import("D:/workspace/story/nft/1.meme/node_modules/viem/_types/types/chain").Chain | undefined, { ...; ...'.
                                                                                Types of property 'client' are incompatible.
                                                                                  Type 'import("D:/workspace/story/nft/1.meme/node_modules/@story-protocol/core-sdk/node_modules/viem/_types/clients/createClient").Client<import("D:/workspace/story/nft/1.meme/node_modules/@story-protocol/core-sdk/node_modules/viem/_types/clients/transports/createTransport").Transport, import("D:/workspace/story/nft/1.meme...' is not assignable to type 'import("D:/workspace/story/nft/1.meme/node_modules/viem/_types/clients/createClient").Client<import("D:/workspace/story/nft/1.meme/node_modules/viem/_types/clients/transports/createTransport").Transport, import("D:/workspace/story/nft/1.meme/node_modules/viem/_types/types/chain").Chain | undefined, { ...; } | ... 1 ...'.
                                                                                    Type 'Client<Transport, Chain | undefined, { address: `0x${string}`; nonceManager?: NonceManager | undefined; sign?: ((parameters: { hash: `0x${string}`; }) => Promise<`0x${string}`>) | undefined; ... 6 more ...; type: "local"; } | JsonRpcAccount | undefined>' is not assignable to type 'Client_Base<Transport, Chain | undefined, { address: `0x${string}`; nonceManager?: NonceManager | undefined; sign?: ((parameters: { hash: `0x${string}`; }) => Promise<`0x${string}`>) | undefined; ... 6 more ...; type: "local"; } | JsonRpcAccount | undefined, undefined>'.
                                                                                      Types of property 'account' are incompatible.
                                                                                        Type '{ address: `0x${string}`; nonceManager?: import("D:/workspace/story/nft/1.meme/node_modules/@story-protocol/core-sdk/node_modules/viem/_types/utils/nonceManager").NonceManager | undefined; ... 7 more ...; type: "local"; } | import("D:/workspace/story/nft/1.meme/node_modules/@story-protocol/core-sdk/node_modules/viem...' is not assignable to type '{ address: `0x${string}`; nonceManager?: import("D:/workspace/story/nft/1.meme/node_modules/viem/_types/utils/nonceManager").NonceManager | undefined; sign?: ((parameters: { hash: `0x${string}`; }) => Promise<...>) | undefined; ... 6 more ...; type: "local"; } | import("D:/workspace/story/nft/1.meme/node_modules/vie...'.
                                                                                          Type '{ address: `0x${string}`; nonceManager?: NonceManager | undefined; sign?: ((parameters: { hash: `0x${string}`; }) => Promise<`0x${string}`>) | undefined; signAuthorization?: ((parameters: AuthorizationRequest) => Promise<...>) | undefined; ... 5 more ...; type: "local"; }' is not assignable to type '{ address: `0x${string}`; nonceManager?: NonceManager | undefined; sign?: ((parameters: { hash: `0x${string}`; }) => Promise<`0x${string}`>) | undefined; signAuthorization?: ((parameters: AuthorizationRequest) => Promise<...>) | undefined; ... 5 more ...; type: "local"; } | JsonRpcAccount | undefined'.
                                                                                            Type '{ address: `0x${string}`; nonceManager?: import("D:/workspace/story/nft/1.meme/node_modules/@story-protocol/core-sdk/node_modules/viem/_types/utils/nonceManager").NonceManager | undefined; ... 7 more ...; type: "local"; }' is not assignable to type '{ address: `0x${string}`; nonceManager?: import("D:/workspace/story/nft/1.meme/node_modules/viem/_types/utils/nonceManager").NonceManager | undefined; sign?: ((parameters: { hash: `0x${string}`; }) => Promise<...>) | undefined; ... 6 more ...; type: "local"; }'.
                                                                                              Types of property 'signTypedData' are incompatible.
                                                                                                Type '<const typedData extends TypedData | Record<string, unknown>, primaryType extends keyof typedData | "EIP712Domain" = keyof typedData>(parameters: import("D:/workspace/story/nft/1.meme/node_modules/@story-protocol/core-sdk/node_modules/viem/_types/types/typedData").TypedDataDefinition<typedData, primaryType>) => Prom...' is not assignable to type '<const typedData extends TypedData | Record<string, unknown>, primaryType extends keyof typedData | "EIP712Domain" = keyof typedData>(parameters: import("D:/workspace/story/nft/1.meme/node_modules/viem/_types/types/typedData").TypedDataDefinition<typedData, primaryType>) => Promise<...>'.
                                                                                                  Types of parameters 'parameters' and 'parameters' are incompatible.
                                                                                                    Type 'TypedDataDefinition<typedData, primaryType, typedData extends { [x: string]: readonly TypedDataParameter[]; [x: `string[${string}]`]: undefined; [x: `function[${string}]`]: undefined; [x: `address[${string}]`]: undefined; [x: `bool[${string}]`]: undefined; [x: `bytes[${string}]`]: undefined; [x: `bytes2[${string}]`]...' is not assignable to type 'TypedDataDefinition<typedData, keyof typedData, typedData extends { [x: string]: readonly TypedDataParameter[]; [x: `string[${string}]`]: undefined; [x: `function[${string}]`]: undefined; [x: `address[${string}]`]: undefined; [x: `bool[${string}]`]: undefined; [x: `bytes[${string}]`]: undefined; [x: `bytes2[${string...'.
                                                                                                      Type 'EIP712DomainDefinition<typedData, primaryType, typedData extends { [x: string]: readonly TypedDataParameter[]; [x: `string[${string}]`]: undefined; [x: `function[${string}]`]: undefined; [x: `address[${string}]`]: undefined; [x: `bool[${string}]`]: undefined; [x: `bytes[${string}]`]: undefined; [x: `bytes2[${string}...' is not assignable to type 'TypedDataDefinition<typedData, keyof typedData, typedData extends { [x: string]: readonly TypedDataParameter[]; [x: `string[${string}]`]: undefined; [x: `function[${string}]`]: undefined; [x: `address[${string}]`]: undefined; [x: `bool[${string}]`]: undefined; [x: `bytes[${string}]`]: undefined; [x: `bytes2[${string...'.
                                                                                                        Type 'EIP712DomainDefinition<typedData, primaryType, typedData extends { [x: string]: readonly TypedDataParameter[]; [x: `string[${string}]`]: undefined; [x: `function[${string}]`]: undefined; [x: `address[${string}]`]: undefined; [x: `bool[${string}]`]: undefined; [x: `bytes[${string}]`]: undefined; [x: `bytes2[${string}...' is not assignable to type 'TypedDataDefinition<typedData, keyof typedData, typedData extends { [x: string]: readonly TypedDataParameter[]; [x: `string[${string}]`]: undefined; [x: `function[${string}]`]: undefined; [x: `address[${string}]`]: undefined; [x: `bool[${string}]`]: undefined; [x: `bytes[${string}]`]: undefined; [x: `bytes2[${string...'.
                                                                                                          Type 'MessageDefinition<typedData, primaryType, "message", typedData extends { [x: string]: readonly TypedDataParameter[]; [x: `string[${string}]`]: undefined; [x: `function[${string}]`]: undefined; [x: `address[${string}]`]: undefined; [x: `bool[${string}]`]: undefined; [x: `bytes[${string}]`]: undefined; [x: `bytes2[${s...' is not assignable to type 'MessageDefinition<typedData, keyof typedData, "message", typedData extends { [x: string]: readonly TypedDataParameter[]; [x: `string[${string}]`]: undefined; [x: `function[${string}]`]: undefined; [x: `address[${string}]`]: undefined; [x: `bool[${string}]`]: undefined; [x: `bytes[${string}]`]: undefined; [x: `bytes2...'.
                                                                                                            Type 'MessageDefinition<typedData, primaryType, "message", typedData extends { [x: string]: readonly TypedDataParameter[]; [x: `string[${string}]`]: undefined; [x: `function[${string}]`]: undefined; [x: `address[${string}]`]: undefined; [x: `bool[${string}]`]: undefined; [x: `bytes[${string}]`]: undefined; [x: `bytes2[${s...' is not assignable to type '{ message: { [_: string]: any; } extends (typedData extends { [x: string]: readonly TypedDataParameter[]; [x: `string[${string}]`]: undefined; [x: `function[${string}]`]: undefined; [x: `address[${string}]`]: undefined; [x: `bool[${string}]`]: undefined; [x: `bytes[${string}]`]: undefined; [x: `bytes2[${string}]`]: ...'.
                                                                                                              Types of property 'message' are incompatible.
                                                                                                                Type '{ [_: string]: any; } extends (typedData extends { [x: string]: readonly import("D:/workspace/story/nft/1.meme/node_modules/viem/node_modules/abitype/dist/types/abi").TypedDataParameter[]; [x: `string[${string}]`]: undefined; [x: `function[${string}]`]: undefined; [x: `address[${string}]`]: undefined; [x: `bool[${st...' is not assignable to type '{ [_: string]: any; } extends (typedData extends { [x: string]: readonly import("D:/workspace/story/nft/1.meme/node_modules/viem/node_modules/abitype/dist/types/abi").TypedDataParameter[]; [x: `string[${string}]`]: undefined; [x: `function[${string}]`]: undefined; [x: `address[${string}]`]: undefined; [x: `bool[${st...'. Two different types with this name exist, but they are unrelated.
                                                                                                                  Type 'Record<string, unknown> | (typedData extends { [x: string]: readonly TypedDataParameter[]; [x: `string[${string}]`]: undefined; [x: `function[${string}]`]: undefined; [x: `address[${string}]`]: undefined; [x: `bool[${string}]`]: undefined; [x: `bytes[${string}]`]: undefined; [x: `bytes2[${string}]`]: undefined; [x: ...' is not assignable to type '{ [_: string]: any; } extends (typedData extends { [x: string]: readonly TypedDataParameter[]; [x: `string[${string}]`]: undefined; [x: `function[${string}]`]: undefined; [x: `address[${string}]`]: undefined; [x: `bool[${string}]`]: undefined; [x: `bytes[${string}]`]: undefined; [x: `bytes2[${string}]`]: undefined; ...'.
                                                                                                                    Type 'Record<string, unknown>' is not assignable to type '{ [_: string]: any; } extends (typedData extends { [x: string]: readonly TypedDataParameter[]; [x: `string[${string}]`]: undefined; [x: `function[${string}]`]: undefined; [x: `address[${string}]`]: undefined; [x: `bool[${string}]`]: undefined; [x: `bytes[${string}]`]: undefined; [x: `bytes2[${string}]`]: undefined; ...'.
utils/config.ts(36,9): error TS2322: Type '{ blockExplorers: { readonly default: { readonly name: "Explorer"; readonly url: "https://dev-mainnet.storyscan.xyz/"; }; }; blockTime?: number | undefined; contracts: { readonly multicall3: { readonly address: "0xca11bde05977b3631167028862be2a173976ca11"; readonly blockCreated: 340998; }; }; ... 11 more ...; serial...' is not assignable to type 'Chain'.
  Type '{ blockExplorers: { readonly default: { readonly name: "Explorer"; readonly url: "https://dev-mainnet.storyscan.xyz/"; }; }; blockTime?: number | undefined; contracts: { readonly multicall3: { readonly address: "0xca11bde05977b3631167028862be2a173976ca11"; readonly blockCreated: 340998; }; }; ... 11 more ...; serial...' is not assignable to type 'ChainConfig<ChainFormatters | undefined, Record<string, unknown> | undefined>'.
    Types of property 'fees' are incompatible.
      Type 'ChainFees<undefined> | undefined' is not assignable to type 'ChainFees<ChainFormatters | undefined> | undefined'.
        Type 'ChainFees<undefined>' is not assignable to type 'ChainFees<ChainFormatters | undefined>'.
          Types of property 'baseFeeMultiplier' are incompatible.
            Type 'number | ((args: ChainFeesFnParameters<undefined>) => number | Promise<number>) | undefined' is not assignable to type 'number | ((args: ChainFeesFnParameters<ChainFormatters | undefined>) => number | Promise<number>) | undefined'.
              Type '(args: ChainFeesFnParameters<undefined>) => number | Promise<number>' is not assignable to type 'number | ((args: ChainFeesFnParameters<ChainFormatters | undefined>) => number | Promise<number>) | undefined'.
                Type '(args: ChainFeesFnParameters<undefined>) => number | Promise<number>' is not assignable to type '(args: ChainFeesFnParameters<ChainFormatters | undefined>) => number | Promise<number>'.
                  Types of parameters 'args' and 'args' are incompatible.
                    Type 'ChainFeesFnParameters<ChainFormatters | undefined>' is not assignable to type 'ChainFeesFnParameters<undefined>'.
                      Types of property 'client' are incompatible.
                        Type 'import("D:/workspace/story/nft/1.meme/node_modules/viem/_types/clients/createClient").Client<import("D:/workspace/story/nft/1.meme/node_modules/viem/_types/clients/transports/createTransport").Transport, import("D:/workspace/story/nft/1.meme/node_modules/viem/_types/types/chain").Chain<import("D:/workspace/story/nft...' is not assignable to type 'import("D:/workspace/story/nft/1.meme/node_modules/@story-protocol/core-sdk/node_modules/viem/_types/clients/createClient").Client<import("D:/workspace/story/nft/1.meme/node_modules/@story-protocol/core-sdk/node_modules/viem/_types/clients/transports/createTransport").Transport, import("D:/workspace/story/nft/1.meme...'.
                          Type 'Client<Transport, Chain<ChainFormatters | undefined, Record<string, unknown> | undefined>>' is not assignable to type 'Client_Base<Transport, Chain<ChainFormatters | undefined, Record<string, unknown> | undefined>, Account | undefined, undefined>'.
                            Types of property 'account' are incompatible.
                              Type 'import("D:/workspace/story/nft/1.meme/node_modules/viem/_types/accounts/types").Account | undefined' is not assignable to type 'import("D:/workspace/story/nft/1.meme/node_modules/@story-protocol/core-sdk/node_modules/viem/_types/accounts/types").Account | undefined'.
                                Type '{ client: Client<Transport, Chain | undefined, { address: `0x${string}`; nonceManager?: NonceManager | undefined; sign?: ((parameters: { hash: `0x${string}`; }) => Promise<...>) | undefined; ... 6 more ...; type: "local"; } | JsonRpcAccount | undefined>; ... 22 more ...; source?: undefined; }' is not assignable to type 'Account | undefined'.
                                  Type '{ client: import("D:/workspace/story/nft/1.meme/node_modules/viem/_types/clients/createClient").Client<import("D:/workspace/story/nft/1.meme/node_modules/viem/_types/clients/transports/createTransport").Transport, import("D:/workspace/story/nft/1.meme/node_modules/viem/_types/types/chain").Chain | undefined, { ...; ...' is not assignable to type '{ client: import("D:/workspace/story/nft/1.meme/node_modules/@story-protocol/core-sdk/node_modules/viem/_types/clients/createClient").Client<import("D:/workspace/story/nft/1.meme/node_modules/@story-protocol/core-sdk/node_modules/viem/_types/clients/transports/createTransport").Transport, import("D:/workspace/story/...'.
                                    Types of property 'client' are incompatible.
                                      Type 'import("D:/workspace/story/nft/1.meme/node_modules/viem/_types/clients/createClient").Client<import("D:/workspace/story/nft/1.meme/node_modules/viem/_types/clients/transports/createTransport").Transport, import("D:/workspace/story/nft/1.meme/node_modules/viem/_types/types/chain").Chain | undefined, { ...; } | ... 1 ...' is not assignable to type 'import("D:/workspace/story/nft/1.meme/node_modules/@story-protocol/core-sdk/node_modules/viem/_types/clients/createClient").Client<import("D:/workspace/story/nft/1.meme/node_modules/@story-protocol/core-sdk/node_modules/viem/_types/clients/transports/createTransport").Transport, import("D:/workspace/story/nft/1.meme...'.
                                        Type 'Client<Transport, Chain | undefined, { address: `0x${string}`; nonceManager?: NonceManager | undefined; sign?: ((parameters: { hash: `0x${string}`; }) => Promise<`0x${string}`>) | undefined; ... 6 more ...; type: "local"; } | JsonRpcAccount | undefined>' is not assignable to type 'Client_Base<Transport, Chain | undefined, { address: `0x${string}`; nonceManager?: NonceManager | undefined; sign?: ((parameters: { hash: `0x${string}`; }) => Promise<`0x${string}`>) | undefined; ... 6 more ...; type: "local"; } | JsonRpcAccount | undefined, undefined>'.
                                          Types of property 'account' are incompatible.
                                            Type '{ address: `0x${string}`; nonceManager?: import("D:/workspace/story/nft/1.meme/node_modules/viem/_types/utils/nonceManager").NonceManager | undefined; sign?: ((parameters: { hash: `0x${string}`; }) => Promise<...>) | undefined; ... 6 more ...; type: "local"; } | import("D:/workspace/story/nft/1.meme/node_modules/vie...' is not assignable to type '{ address: `0x${string}`; nonceManager?: import("D:/workspace/story/nft/1.meme/node_modules/@story-protocol/core-sdk/node_modules/viem/_types/utils/nonceManager").NonceManager | undefined; ... 7 more ...; type: "local"; } | import("D:/workspace/story/nft/1.meme/node_modules/@story-protocol/core-sdk/node_modules/viem...'.
                                              Type '{ address: `0x${string}`; nonceManager?: NonceManager | undefined; sign?: ((parameters: { hash: `0x${string}`; }) => Promise<`0x${string}`>) | undefined; signAuthorization?: ((parameters: AuthorizationRequest) => Promise<...>) | undefined; ... 5 more ...; type: "local"; }' is not assignable to type '{ address: `0x${string}`; nonceManager?: NonceManager | undefined; sign?: ((parameters: { hash: `0x${string}`; }) => Promise<`0x${string}`>) | undefined; signAuthorization?: ((parameters: AuthorizationRequest) => Promise<...>) | undefined; ... 5 more ...; type: "local"; } | JsonRpcAccount | undefined'.
                                                Type '{ address: `0x${string}`; nonceManager?: import("D:/workspace/story/nft/1.meme/node_modules/viem/_types/utils/nonceManager").NonceManager | undefined; sign?: ((parameters: { hash: `0x${string}`; }) => Promise<...>) | undefined; ... 6 more ...; type: "local"; }' is not assignable to type '{ address: `0x${string}`; nonceManager?: import("D:/workspace/story/nft/1.meme/node_modules/@story-protocol/core-sdk/node_modules/viem/_types/utils/nonceManager").NonceManager | undefined; ... 7 more ...; type: "local"; }'.
                                                  Types of property 'nonceManager' are incompatible.
                                                    Type 'import("D:/workspace/story/nft/1.meme/node_modules/viem/_types/utils/nonceManager").NonceManager | undefined' is not assignable to type 'import("D:/workspace/story/nft/1.meme/node_modules/@story-protocol/core-sdk/node_modules/viem/_types/utils/nonceManager").NonceManager | undefined'.
                                                      Type 'import("D:/workspace/story/nft/1.meme/node_modules/viem/_types/utils/nonceManager").NonceManager' is not assignable to type 'import("D:/workspace/story/nft/1.meme/node_modules/@story-protocol/core-sdk/node_modules/viem/_types/utils/nonceManager").NonceManager'.
                                                        Types of property 'consume' are incompatible.
                                                          Type '(parameters: FunctionParameters & { client: import("D:/workspace/story/nft/1.meme/node_modules/viem/_types/clients/createClient").Client; }) => Promise<number>' is not assignable to type '(parameters: FunctionParameters & { client: import("D:/workspace/story/nft/1.meme/node_modules/@story-protocol/core-sdk/node_modules/viem/_types/clients/createClient").Client; }) => Promise<...>'.
                                                            Types of parameters 'parameters' and 'parameters' are incompatible.
                                                              Type 'FunctionParameters & { client: import("D:/workspace/story/nft/1.meme/node_modules/@story-protocol/core-sdk/node_modules/viem/_types/clients/createClient").Client; }' is not assignable to type 'FunctionParameters & { client: import("D:/workspace/story/nft/1.meme/node_modules/viem/_types/clients/createClient").Client; }'.
                                                                Type 'FunctionParameters & { client: Client; }' is not assignable to type '{ client: Client; }'.
                                                                  Types of property 'client' are incompatible.
                                                                    Type 'import("D:/workspace/story/nft/1.meme/node_modules/@story-protocol/core-sdk/node_modules/viem/_types/clients/createClient").Client' is not assignable to type 'import("D:/workspace/story/nft/1.meme/node_modules/viem/_types/clients/createClient").Client'.
                                                                      Type 'Client' is not assignable to type 'Client_Base<Transport, Chain | undefined, Account | undefined, undefined>'.
                                                                        Types of property 'account' are incompatible.
                                                                          Type 'import("D:/workspace/story/nft/1.meme/node_modules/@story-protocol/core-sdk/node_modules/viem/_types/accounts/types").Account | undefined' is not assignable to type 'import("D:/workspace/story/nft/1.meme/node_modules/viem/_types/accounts/types").Account | undefined'.
                                                                            Type '{ client: Client<Transport, Chain | undefined, { address: `0x${string}`; nonceManager?: NonceManager | undefined; sign?: ((parameters: { hash: `0x${string}`; }) => Promise<...>) | undefined; ... 6 more ...; type: "local"; } | JsonRpcAccount | undefined>; ... 22 more ...; source?: undefined; }' is not assignable to type 'Account | undefined'.
                                                                              Type '{ client: import("D:/workspace/story/nft/1.meme/node_modules/@story-protocol/core-sdk/node_modules/viem/_types/clients/createClient").Client<import("D:/workspace/story/nft/1.meme/node_modules/@story-protocol/core-sdk/node_modules/viem/_types/clients/transports/createTransport").Transport, import("D:/workspace/story/...' is not assignable to type '{ client: import("D:/workspace/story/nft/1.meme/node_modules/viem/_types/clients/createClient").Client<import("D:/workspace/story/nft/1.meme/node_modules/viem/_types/clients/transports/createTransport").Transport, import("D:/workspace/story/nft/1.meme/node_modules/viem/_types/types/chain").Chain | undefined, { ...; ...'.
                                                                                Types of property 'client' are incompatible.
                                                                                  Type 'import("D:/workspace/story/nft/1.meme/node_modules/@story-protocol/core-sdk/node_modules/viem/_types/clients/createClient").Client<import("D:/workspace/story/nft/1.meme/node_modules/@story-protocol/core-sdk/node_modules/viem/_types/clients/transports/createTransport").Transport, import("D:/workspace/story/nft/1.meme...' is not assignable to type 'import("D:/workspace/story/nft/1.meme/node_modules/viem/_types/clients/createClient").Client<import("D:/workspace/story/nft/1.meme/node_modules/viem/_types/clients/transports/createTransport").Transport, import("D:/workspace/story/nft/1.meme/node_modules/viem/_types/types/chain").Chain | undefined, { ...; } | ... 1 ...'.
                                                                                    Type 'Client<Transport, Chain | undefined, { address: `0x${string}`; nonceManager?: NonceManager | undefined; sign?: ((parameters: { hash: `0x${string}`; }) => Promise<`0x${string}`>) | undefined; ... 6 more ...; type: "local"; } | JsonRpcAccount | undefined>' is not assignable to type 'Client_Base<Transport, Chain | undefined, { address: `0x${string}`; nonceManager?: NonceManager | undefined; sign?: ((parameters: { hash: `0x${string}`; }) => Promise<`0x${string}`>) | undefined; ... 6 more ...; type: "local"; } | JsonRpcAccount | undefined, undefined>'.
                                                                                      Types of property 'account' are incompatible.
                                                                                        Type '{ address: `0x${string}`; nonceManager?: import("D:/workspace/story/nft/1.meme/node_modules/@story-protocol/core-sdk/node_modules/viem/_types/utils/nonceManager").NonceManager | undefined; ... 7 more ...; type: "local"; } | import("D:/workspace/story/nft/1.meme/node_modules/@story-protocol/core-sdk/node_modules/viem...' is not assignable to type '{ address: `0x${string}`; nonceManager?: import("D:/workspace/story/nft/1.meme/node_modules/viem/_types/utils/nonceManager").NonceManager | undefined; sign?: ((parameters: { hash: `0x${string}`; }) => Promise<...>) | undefined; ... 6 more ...; type: "local"; } | import("D:/workspace/story/nft/1.meme/node_modules/vie...'.
                                                                                          Type '{ address: `0x${string}`; nonceManager?: NonceManager | undefined; sign?: ((parameters: { hash: `0x${string}`; }) => Promise<`0x${string}`>) | undefined; signAuthorization?: ((parameters: AuthorizationRequest) => Promise<...>) | undefined; ... 5 more ...; type: "local"; }' is not assignable to type '{ address: `0x${string}`; nonceManager?: NonceManager | undefined; sign?: ((parameters: { hash: `0x${string}`; }) => Promise<`0x${string}`>) | undefined; signAuthorization?: ((parameters: AuthorizationRequest) => Promise<...>) | undefined; ... 5 more ...; type: "local"; } | JsonRpcAccount | undefined'.
                                                                                            Type '{ address: `0x${string}`; nonceManager?: import("D:/workspace/story/nft/1.meme/node_modules/@story-protocol/core-sdk/node_modules/viem/_types/utils/nonceManager").NonceManager | undefined; ... 7 more ...; type: "local"; }' is not assignable to type '{ address: `0x${string}`; nonceManager?: import("D:/workspace/story/nft/1.meme/node_modules/viem/_types/utils/nonceManager").NonceManager | undefined; sign?: ((parameters: { hash: `0x${string}`; }) => Promise<...>) | undefined; ... 6 more ...; type: "local"; }'.
                                                                                              Types of property 'signTypedData' are incompatible.
                                                                                                Type '<const typedData extends TypedData | Record<string, unknown>, primaryType extends keyof typedData | "EIP712Domain" = keyof typedData>(parameters: import("D:/workspace/story/nft/1.meme/node_modules/@story-protocol/core-sdk/node_modules/viem/_types/types/typedData").TypedDataDefinition<typedData, primaryType>) => Prom...' is not assignable to type '<const typedData extends TypedData | Record<string, unknown>, primaryType extends keyof typedData | "EIP712Domain" = keyof typedData>(parameters: import("D:/workspace/story/nft/1.meme/node_modules/viem/_types/types/typedData").TypedDataDefinition<typedData, primaryType>) => Promise<...>'.
                                                                                                  Types of parameters 'parameters' and 'parameters' are incompatible.
                                                                                                    Type 'TypedDataDefinition<typedData, primaryType, typedData extends { [x: string]: readonly TypedDataParameter[]; [x: `string[${string}]`]: undefined; [x: `function[${string}]`]: undefined; [x: `address[${string}]`]: undefined; [x: `bool[${string}]`]: undefined; [x: `bytes[${string}]`]: undefined; [x: `bytes2[${string}]`]...' is not assignable to type 'TypedDataDefinition<typedData, keyof typedData, typedData extends { [x: string]: readonly TypedDataParameter[]; [x: `string[${string}]`]: undefined; [x: `function[${string}]`]: undefined; [x: `address[${string}]`]: undefined; [x: `bool[${string}]`]: undefined; [x: `bytes[${string}]`]: undefined; [x: `bytes2[${string...'.
                                                                                                      Type 'EIP712DomainDefinition<typedData, primaryType, typedData extends { [x: string]: readonly TypedDataParameter[]; [x: `string[${string}]`]: undefined; [x: `function[${string}]`]: undefined; [x: `address[${string}]`]: undefined; [x: `bool[${string}]`]: undefined; [x: `bytes[${string}]`]: undefined; [x: `bytes2[${string}...' is not assignable to type 'TypedDataDefinition<typedData, keyof typedData, typedData extends { [x: string]: readonly TypedDataParameter[]; [x: `string[${string}]`]: undefined; [x: `function[${string}]`]: undefined; [x: `address[${string}]`]: undefined; [x: `bool[${string}]`]: undefined; [x: `bytes[${string}]`]: undefined; [x: `bytes2[${string...'.
                                                                                                        Type 'EIP712DomainDefinition<typedData, primaryType, typedData extends { [x: string]: readonly TypedDataParameter[]; [x: `string[${string}]`]: undefined; [x: `function[${string}]`]: undefined; [x: `address[${string}]`]: undefined; [x: `bool[${string}]`]: undefined; [x: `bytes[${string}]`]: undefined; [x: `bytes2[${string}...' is not assignable to type 'TypedDataDefinition<typedData, keyof typedData, typedData extends { [x: string]: readonly TypedDataParameter[]; [x: `string[${string}]`]: undefined; [x: `function[${string}]`]: undefined; [x: `address[${string}]`]: undefined; [x: `bool[${string}]`]: undefined; [x: `bytes[${string}]`]: undefined; [x: `bytes2[${string...'.
                                                                                                          Type 'MessageDefinition<typedData, primaryType, "message", typedData extends { [x: string]: readonly TypedDataParameter[]; [x: `string[${string}]`]: undefined; [x: `function[${string}]`]: undefined; [x: `address[${string}]`]: undefined; [x: `bool[${string}]`]: undefined; [x: `bytes[${string}]`]: undefined; [x: `bytes2[${s...' is not assignable to type 'MessageDefinition<typedData, keyof typedData, "message", typedData extends { [x: string]: readonly TypedDataParameter[]; [x: `string[${string}]`]: undefined; [x: `function[${string}]`]: undefined; [x: `address[${string}]`]: undefined; [x: `bool[${string}]`]: undefined; [x: `bytes[${string}]`]: undefined; [x: `bytes2...'.
                                                                                                            Type 'MessageDefinition<typedData, primaryType, "message", typedData extends { [x: string]: readonly TypedDataParameter[]; [x: `string[${string}]`]: undefined; [x: `function[${string}]`]: undefined; [x: `address[${string}]`]: undefined; [x: `bool[${string}]`]: undefined; [x: `bytes[${string}]`]: undefined; [x: `bytes2[${s...' is not assignable to type '{ message: { [_: string]: any; } extends (typedData extends { [x: string]: readonly TypedDataParameter[]; [x: `string[${string}]`]: undefined; [x: `function[${string}]`]: undefined; [x: `address[${string}]`]: undefined; [x: `bool[${string}]`]: undefined; [x: `bytes[${string}]`]: undefined; [x: `bytes2[${string}]`]: ...'.
                                                                                                              Types of property 'message' are incompatible.
                                                                                                                Type '{ [_: string]: any; } extends (typedData extends { [x: string]: readonly import("D:/workspace/story/nft/1.meme/node_modules/viem/node_modules/abitype/dist/types/abi").TypedDataParameter[]; [x: `string[${string}]`]: undefined; [x: `function[${string}]`]: undefined; [x: `address[${string}]`]: undefined; [x: `bool[${st...' is not assignable to type '{ [_: string]: any; } extends (typedData extends { [x: string]: readonly import("D:/workspace/story/nft/1.meme/node_modules/viem/node_modules/abitype/dist/types/abi").TypedDataParameter[]; [x: `string[${string}]`]: undefined; [x: `function[${string}]`]: undefined; [x: `address[${string}]`]: undefined; [x: `bool[${st...'. Two different types with this name exist, but they are unrelated.
                                                                                                                  Type 'Record<string, unknown> | (typedData extends { [x: string]: readonly TypedDataParameter[]; [x: `string[${string}]`]: undefined; [x: `function[${string}]`]: undefined; [x: `address[${string}]`]: undefined; [x: `bool[${string}]`]: undefined; [x: `bytes[${string}]`]: undefined; [x: `bytes2[${string}]`]: undefined; [x: ...' is not assignable to type '{ [_: string]: any; } extends (typedData extends { [x: string]: readonly TypedDataParameter[]; [x: `string[${string}]`]: undefined; [x: `function[${string}]`]: undefined; [x: `address[${string}]`]: undefined; [x: `bool[${string}]`]: undefined; [x: `bytes[${string}]`]: undefined; [x: `bytes2[${string}]`]: undefined; ...'.
                                                                                                                    Type 'Record<string, unknown>' is not assignable to type '{ [_: string]: any; } extends (typedData extends { [x: string]: readonly TypedDataParameter[]; [x: `string[${string}]`]: undefined; [x: `function[${string}]`]: undefined; [x: `address[${string}]`]: undefined; [x: `bool[${string}]`]: undefined; [x: `bytes[${string}]`]: undefined; [x: `bytes2[${string}]`]: undefined; ...'.
utils/config.ts(59,5): error TS2322: Type '{ address: `0x${string}`; nonceManager?: NonceManager | undefined; sign?: ((parameters: { hash: `0x${string}`; }) => Promise<`0x${string}`>) | undefined; signAuthorization?: ((parameters: AuthorizationRequest) => Promise<...>) | undefined; ... 19 more ...; isDeployed?: undefined; }' is not assignable to type '`0x${string}` | Account | undefined'.
  Type '{ address: `0x${string}`; nonceManager?: import("D:/workspace/story/nft/1.meme/node_modules/viem/_types/utils/nonceManager").NonceManager | undefined; sign?: ((parameters: { hash: `0x${string}`; }) => Promise<...>) | undefined; ... 20 more ...; isDeployed?: undefined; }' is not assignable to type '{ address: `0x${string}`; nonceManager?: import("D:/workspace/story/nft/1.meme/node_modules/@story-protocol/core-sdk/node_modules/viem/_types/utils/nonceManager").NonceManager | undefined; ... 21 more ...; isDeployed?: undefined; }'.
    Types of property 'nonceManager' are incompatible.
      Type 'import("D:/workspace/story/nft/1.meme/node_modules/viem/_types/utils/nonceManager").NonceManager | undefined' is not assignable to type 'import("D:/workspace/story/nft/1.meme/node_modules/@story-protocol/core-sdk/node_modules/viem/_types/utils/nonceManager").NonceManager | undefined'.
        Type 'import("D:/workspace/story/nft/1.meme/node_modules/viem/_types/utils/nonceManager").NonceManager' is not assignable to type 'import("D:/workspace/story/nft/1.meme/node_modules/@story-protocol/core-sdk/node_modules/viem/_types/utils/nonceManager").NonceManager'.
          Types of property 'consume' are incompatible.
            Type '(parameters: FunctionParameters & { client: import("D:/workspace/story/nft/1.meme/node_modules/viem/_types/clients/createClient").Client; }) => Promise<number>' is not assignable to type '(parameters: FunctionParameters & { client: import("D:/workspace/story/nft/1.meme/node_modules/@story-protocol/core-sdk/node_modules/viem/_types/clients/createClient").Client; }) => Promise<...>'.
              Types of parameters 'parameters' and 'parameters' are incompatible.
                Type 'FunctionParameters & { client: import("D:/workspace/story/nft/1.meme/node_modules/@story-protocol/core-sdk/node_modules/viem/_types/clients/createClient").Client; }' is not assignable to type 'FunctionParameters & { client: import("D:/workspace/story/nft/1.meme/node_modules/viem/_types/clients/createClient").Client; }'.
                  Type 'FunctionParameters & { client: Client; }' is not assignable to type '{ client: Client; }'.
                    Types of property 'client' are incompatible.
                      Type 'import("D:/workspace/story/nft/1.meme/node_modules/@story-protocol/core-sdk/node_modules/viem/_types/clients/createClient").Client' is not assignable to type 'import("D:/workspace/story/nft/1.meme/node_modules/viem/_types/clients/createClient").Client'.
                        Type 'Client' is not assignable to type 'Client_Base<Transport, Chain | undefined, Account | undefined, undefined>'.
                          Types of property 'account' are incompatible.
                            Type 'import("D:/workspace/story/nft/1.meme/node_modules/@story-protocol/core-sdk/node_modules/viem/_types/accounts/types").Account | undefined' is not assignable to type 'import("D:/workspace/story/nft/1.meme/node_modules/viem/_types/accounts/types").Account | undefined'.
                              Type '{ client: Client<Transport, Chain | undefined, { address: `0x${string}`; nonceManager?: NonceManager | undefined; sign?: ((parameters: { hash: `0x${string}`; }) => Promise<...>) | undefined; ... 6 more ...; type: "local"; } | JsonRpcAccount | undefined>; ... 22 more ...; source?: undefined; }' is not assignable to type 'Account | undefined'.
                                Type '{ client: import("D:/workspace/story/nft/1.meme/node_modules/@story-protocol/core-sdk/node_modules/viem/_types/clients/createClient").Client<import("D:/workspace/story/nft/1.meme/node_modules/@story-protocol/core-sdk/node_modules/viem/_types/clients/transports/createTransport").Transport, import("D:/workspace/story/...' is not assignable to type '{ client: import("D:/workspace/story/nft/1.meme/node_modules/viem/_types/clients/createClient").Client<import("D:/workspace/story/nft/1.meme/node_modules/viem/_types/clients/transports/createTransport").Transport, import("D:/workspace/story/nft/1.meme/node_modules/viem/_types/types/chain").Chain | undefined, { ...; ...'.
                                  Types of property 'client' are incompatible.
                                    Type 'import("D:/workspace/story/nft/1.meme/node_modules/@story-protocol/core-sdk/node_modules/viem/_types/clients/createClient").Client<import("D:/workspace/story/nft/1.meme/node_modules/@story-protocol/core-sdk/node_modules/viem/_types/clients/transports/createTransport").Transport, import("D:/workspace/story/nft/1.meme...' is not assignable to type 'import("D:/workspace/story/nft/1.meme/node_modules/viem/_types/clients/createClient").Client<import("D:/workspace/story/nft/1.meme/node_modules/viem/_types/clients/transports/createTransport").Transport, import("D:/workspace/story/nft/1.meme/node_modules/viem/_types/types/chain").Chain | undefined, { ...; } | ... 1 ...'.
                                      Type 'Client<Transport, Chain | undefined, { address: `0x${string}`; nonceManager?: NonceManager | undefined; sign?: ((parameters: { hash: `0x${string}`; }) => Promise<`0x${string}`>) | undefined; ... 6 more ...; type: "local"; } | JsonRpcAccount | undefined>' is not assignable to type 'Client_Base<Transport, Chain | undefined, { address: `0x${string}`; nonceManager?: NonceManager | undefined; sign?: ((parameters: { hash: `0x${string}`; }) => Promise<`0x${string}`>) | undefined; ... 6 more ...; type: "local"; } | JsonRpcAccount | undefined, undefined>'.
                                        Types of property 'account' are incompatible.
                                          Type '{ address: `0x${string}`; nonceManager?: import("D:/workspace/story/nft/1.meme/node_modules/@story-protocol/core-sdk/node_modules/viem/_types/utils/nonceManager").NonceManager | undefined; ... 7 more ...; type: "local"; } | import("D:/workspace/story/nft/1.meme/node_modules/@story-protocol/core-sdk/node_modules/viem...' is not assignable to type '{ address: `0x${string}`; nonceManager?: import("D:/workspace/story/nft/1.meme/node_modules/viem/_types/utils/nonceManager").NonceManager | undefined; sign?: ((parameters: { hash: `0x${string}`; }) => Promise<...>) | undefined; ... 6 more ...; type: "local"; } | import("D:/workspace/story/nft/1.meme/node_modules/vie...'.
                                            Type '{ address: `0x${string}`; nonceManager?: NonceManager | undefined; sign?: ((parameters: { hash: `0x${string}`; }) => Promise<`0x${string}`>) | undefined; signAuthorization?: ((parameters: AuthorizationRequest) => Promise<...>) | undefined; ... 5 more ...; type: "local"; }' is not assignable to type '{ address: `0x${string}`; nonceManager?: NonceManager | undefined; sign?: ((parameters: { hash: `0x${string}`; }) => Promise<`0x${string}`>) | undefined; signAuthorization?: ((parameters: AuthorizationRequest) => Promise<...>) | undefined; ... 5 more ...; type: "local"; } | JsonRpcAccount | undefined'.
                                              Type '{ address: `0x${string}`; nonceManager?: import("D:/workspace/story/nft/1.meme/node_modules/@story-protocol/core-sdk/node_modules/viem/_types/utils/nonceManager").NonceManager | undefined; ... 7 more ...; type: "local"; }' is not assignable to type '{ address: `0x${string}`; nonceManager?: import("D:/workspace/story/nft/1.meme/node_modules/viem/_types/utils/nonceManager").NonceManager | undefined; sign?: ((parameters: { hash: `0x${string}`; }) => Promise<...>) | undefined; ... 6 more ...; type: "local"; }'.
                                                Types of property 'nonceManager' are incompatible.
                                                  Type 'import("D:/workspace/story/nft/1.meme/node_modules/@story-protocol/core-sdk/node_modules/viem/_types/utils/nonceManager").NonceManager | undefined' is not assignable to type 'import("D:/workspace/story/nft/1.meme/node_modules/viem/_types/utils/nonceManager").NonceManager | undefined'.
                                                    Type 'import("D:/workspace/story/nft/1.meme/node_modules/@story-protocol/core-sdk/node_modules/viem/_types/utils/nonceManager").NonceManager' is not assignable to type 'import("D:/workspace/story/nft/1.meme/node_modules/viem/_types/utils/nonceManager").NonceManager'.
                                                      Types of property 'consume' are incompatible.
                                                        Type '(parameters: FunctionParameters & { client: import("D:/workspace/story/nft/1.meme/node_modules/@story-protocol/core-sdk/node_modules/viem/_types/clients/createClient").Client; }) => Promise<...>' is not assignable to type '(parameters: FunctionParameters & { client: import("D:/workspace/story/nft/1.meme/node_modules/viem/_types/clients/createClient").Client; }) => Promise<number>'.
                                                          Types of parameters 'parameters' and 'parameters' are incompatible.
                                                            Type 'FunctionParameters & { client: import("D:/workspace/story/nft/1.meme/node_modules/viem/_types/clients/createClient").Client; }' is not assignable to type 'FunctionParameters & { client: import("D:/workspace/story/nft/1.meme/node_modules/@story-protocol/core-sdk/node_modules/viem/_types/clients/createClient").Client; }'.
                                                              Type 'FunctionParameters & { client: Client; }' is not assignable to type '{ client: Client; }'.
                                                                Types of property 'client' are incompatible.
                                                                  Type 'import("D:/workspace/story/nft/1.meme/node_modules/viem/_types/clients/createClient").Client' is not assignable to type 'import("D:/workspace/story/nft/1.meme/node_modules/@story-protocol/core-sdk/node_modules/viem/_types/clients/createClient").Client'.
                                                                    Type 'Client' is not assignable to type 'Client_Base<Transport, Chain | undefined, Account | undefined, undefined>'.
                                                                      Types of property 'account' are incompatible.
                                                                        Type 'import("D:/workspace/story/nft/1.meme/node_modules/viem/_types/accounts/types").Account | undefined' is not assignable to type 'import("D:/workspace/story/nft/1.meme/node_modules/@story-protocol/core-sdk/node_modules/viem/_types/accounts/types").Account | undefined'.
                                                                          Type '{ client: Client<Transport, Chain | undefined, { address: `0x${string}`; nonceManager?: NonceManager | undefined; sign?: ((parameters: { hash: `0x${string}`; }) => Promise<...>) | undefined; ... 6 more ...; type: "local"; } | JsonRpcAccount | undefined>; ... 22 more ...; source?: undefined; }' is not assignable to type 'Account | undefined'.
                                                                            Type '{ client: import("D:/workspace/story/nft/1.meme/node_modules/viem/_types/clients/createClient").Client<import("D:/workspace/story/nft/1.meme/node_modules/viem/_types/clients/transports/createTransport").Transport, import("D:/workspace/story/nft/1.meme/node_modules/viem/_types/types/chain").Chain | undefined, { ...; ...' is not assignable to type '{ client: import("D:/workspace/story/nft/1.meme/node_modules/@story-protocol/core-sdk/node_modules/viem/_types/clients/createClient").Client<import("D:/workspace/story/nft/1.meme/node_modules/@story-protocol/core-sdk/node_modules/viem/_types/clients/transports/createTransport").Transport, import("D:/workspace/story/...'.
                                                                              Types of property 'client' are incompatible.
                                                                                Type 'import("D:/workspace/story/nft/1.meme/node_modules/viem/_types/clients/createClient").Client<import("D:/workspace/story/nft/1.meme/node_modules/viem/_types/clients/transports/createTransport").Transport, import("D:/workspace/story/nft/1.meme/node_modules/viem/_types/types/chain").Chain | undefined, { ...; } | ... 1 ...' is not assignable to type 'import("D:/workspace/story/nft/1.meme/node_modules/@story-protocol/core-sdk/node_modules/viem/_types/clients/createClient").Client<import("D:/workspace/story/nft/1.meme/node_modules/@story-protocol/core-sdk/node_modules/viem/_types/clients/transports/createTransport").Transport, import("D:/workspace/story/nft/1.meme...'.
                                                                                  Type 'Client<Transport, Chain | undefined, { address: `0x${string}`; nonceManager?: NonceManager | undefined; sign?: ((parameters: { hash: `0x${string}`; }) => Promise<`0x${string}`>) | undefined; ... 6 more ...; type: "local"; } | JsonRpcAccount | undefined>' is not assignable to type 'Client_Base<Transport, Chain | undefined, { address: `0x${string}`; nonceManager?: NonceManager | undefined; sign?: ((parameters: { hash: `0x${string}`; }) => Promise<`0x${string}`>) | undefined; ... 6 more ...; type: "local"; } | JsonRpcAccount | undefined, undefined>'.
                                                                                    Types of property 'account' are incompatible.
                                                                                      Type '{ address: `0x${string}`; nonceManager?: import("D:/workspace/story/nft/1.meme/node_modules/viem/_types/utils/nonceManager").NonceManager | undefined; sign?: ((parameters: { hash: `0x${string}`; }) => Promise<...>) | undefined; ... 6 more ...; type: "local"; } | import("D:/workspace/story/nft/1.meme/node_modules/vie...' is not assignable to type '{ address: `0x${string}`; nonceManager?: import("D:/workspace/story/nft/1.meme/node_modules/@story-protocol/core-sdk/node_modules/viem/_types/utils/nonceManager").NonceManager | undefined; ... 7 more ...; type: "local"; } | import("D:/workspace/story/nft/1.meme/node_modules/@story-protocol/core-sdk/node_modules/viem...'.
                                                                                        Type '{ address: `0x${string}`; nonceManager?: NonceManager | undefined; sign?: ((parameters: { hash: `0x${string}`; }) => Promise<`0x${string}`>) | undefined; signAuthorization?: ((parameters: AuthorizationRequest) => Promise<...>) | undefined; ... 5 more ...; type: "local"; }' is not assignable to type '{ address: `0x${string}`; nonceManager?: NonceManager | undefined; sign?: ((parameters: { hash: `0x${string}`; }) => Promise<`0x${string}`>) | undefined; signAuthorization?: ((parameters: AuthorizationRequest) => Promise<...>) | undefined; ... 5 more ...; type: "local"; } | JsonRpcAccount | undefined'.
                                                                                          Type '{ address: `0x${string}`; nonceManager?: import("D:/workspace/story/nft/1.meme/node_modules/viem/_types/utils/nonceManager").NonceManager | undefined; sign?: ((parameters: { hash: `0x${string}`; }) => Promise<...>) | undefined; ... 6 more ...; type: "local"; }' is not assignable to type '{ address: `0x${string}`; nonceManager?: import("D:/workspace/story/nft/1.meme/node_modules/@story-protocol/core-sdk/node_modules/viem/_types/utils/nonceManager").NonceManager | undefined; ... 7 more ...; type: "local"; }'.
                                                                                            Types of property 'signTypedData' are incompatible.
                                                                                              Type '<const typedData extends TypedData | Record<string, unknown>, primaryType extends keyof typedData | "EIP712Domain" = keyof typedData>(parameters: import("D:/workspace/story/nft/1.meme/node_modules/viem/_types/types/typedData").TypedDataDefinition<typedData, primaryType>) => Promise<...>' is not assignable to type '<const typedData extends TypedData | Record<string, unknown>, primaryType extends keyof typedData | "EIP712Domain" = keyof typedData>(parameters: import("D:/workspace/story/nft/1.meme/node_modules/@story-protocol/core-sdk/node_modules/viem/_types/types/typedData").TypedDataDefinition<typedData, primaryType>) => Prom...'.
                                                                                                Types of parameters 'parameters' and 'parameters' are incompatible.
                                                                                                  Type 'TypedDataDefinition<typedData, primaryType, typedData extends { [x: string]: readonly TypedDataParameter[]; [x: `string[${string}]`]: undefined; [x: `function[${string}]`]: undefined; [x: `address[${string}]`]: undefined; [x: `bool[${string}]`]: undefined; [x: `bytes[${string}]`]: undefined; [x: `bytes2[${string}]`]...' is not assignable to type 'TypedDataDefinition<typedData, keyof typedData, typedData extends { [x: string]: readonly TypedDataParameter[]; [x: `string[${string}]`]: undefined; [x: `function[${string}]`]: undefined; [x: `address[${string}]`]: undefined; [x: `bool[${string}]`]: undefined; [x: `bytes[${string}]`]: undefined; [x: `bytes2[${string...'.
                                                                                                    Type 'EIP712DomainDefinition<typedData, primaryType, typedData extends { [x: string]: readonly TypedDataParameter[]; [x: `string[${string}]`]: undefined; [x: `function[${string}]`]: undefined; [x: `address[${string}]`]: undefined; [x: `bool[${string}]`]: undefined; [x: `bytes[${string}]`]: undefined; [x: `bytes2[${string}...' is not assignable to type 'TypedDataDefinition<typedData, keyof typedData, typedData extends { [x: string]: readonly TypedDataParameter[]; [x: `string[${string}]`]: undefined; [x: `function[${string}]`]: undefined; [x: `address[${string}]`]: undefined; [x: `bool[${string}]`]: undefined; [x: `bytes[${string}]`]: undefined; [x: `bytes2[${string...'.
                                                                                                      Type 'EIP712DomainDefinition<typedData, primaryType, typedData extends { [x: string]: readonly TypedDataParameter[]; [x: `string[${string}]`]: undefined; [x: `function[${string}]`]: undefined; [x: `address[${string}]`]: undefined; [x: `bool[${string}]`]: undefined; [x: `bytes[${string}]`]: undefined; [x: `bytes2[${string}...' is not assignable to type 'TypedDataDefinition<typedData, keyof typedData, typedData extends { [x: string]: readonly TypedDataParameter[]; [x: `string[${string}]`]: undefined; [x: `function[${string}]`]: undefined; [x: `address[${string}]`]: undefined; [x: `bool[${string}]`]: undefined; [x: `bytes[${string}]`]: undefined; [x: `bytes2[${string...'.
                                                                                                        Type 'MessageDefinition<typedData, primaryType, "message", typedData extends { [x: string]: readonly TypedDataParameter[]; [x: `string[${string}]`]: undefined; [x: `function[${string}]`]: undefined; [x: `address[${string}]`]: undefined; [x: `bool[${string}]`]: undefined; [x: `bytes[${string}]`]: undefined; [x: `bytes2[${s...' is not assignable to type 'MessageDefinition<typedData, keyof typedData, "message", typedData extends { [x: string]: readonly TypedDataParameter[]; [x: `string[${string}]`]: undefined; [x: `function[${string}]`]: undefined; [x: `address[${string}]`]: undefined; [x: `bool[${string}]`]: undefined; [x: `bytes[${string}]`]: undefined; [x: `bytes2...'.
                                                                                                          Type 'MessageDefinition<typedData, primaryType, "message", typedData extends { [x: string]: readonly TypedDataParameter[]; [x: `string[${string}]`]: undefined; [x: `function[${string}]`]: undefined; [x: `address[${string}]`]: undefined; [x: `bool[${string}]`]: undefined; [x: `bytes[${string}]`]: undefined; [x: `bytes2[${s...' is not assignable to type '{ message: { [_: string]: any; } extends (typedData extends { [x: string]: readonly TypedDataParameter[]; [x: `string[${string}]`]: undefined; [x: `function[${string}]`]: undefined; [x: `address[${string}]`]: undefined; [x: `bool[${string}]`]: undefined; [x: `bytes[${string}]`]: undefined; [x: `bytes2[${string}]`]: ...'.
                                                                                                            Types of property 'message' are incompatible.
                                                                                                              Type '{ [_: string]: any; } extends (typedData extends { [x: string]: readonly import("D:/workspace/story/nft/1.meme/node_modules/viem/node_modules/abitype/dist/types/abi").TypedDataParameter[]; [x: `string[${string}]`]: undefined; [x: `function[${string}]`]: undefined; [x: `address[${string}]`]: undefined; [x: `bool[${st...' is not assignable to type '{ [_: string]: any; } extends (typedData extends { [x: string]: readonly import("D:/workspace/story/nft/1.meme/node_modules/viem/node_modules/abitype/dist/types/abi").TypedDataParameter[]; [x: `string[${string}]`]: undefined; [x: `function[${string}]`]: undefined; [x: `address[${string}]`]: undefined; [x: `bool[${st...'. Two different types with this name exist, but they are unrelated.
                                                                                                                Type 'Record<string, unknown> | (typedData extends { [x: string]: readonly TypedDataParameter[]; [x: `string[${string}]`]: undefined; [x: `function[${string}]`]: undefined; [x: `address[${string}]`]: undefined; [x: `bool[${string}]`]: undefined; [x: `bytes[${string}]`]: undefined; [x: `bytes2[${string}]`]: undefined; [x: ...' is not assignable to type '{ [_: string]: any; } extends (typedData extends { [x: string]: readonly TypedDataParameter[]; [x: `string[${string}]`]: undefined; [x: `function[${string}]`]: undefined; [x: `address[${string}]`]: undefined; [x: `bool[${string}]`]: undefined; [x: `bytes[${string}]`]: undefined; [x: `bytes2[${string}]`]: undefined; ...'.
                                                                                                                  Type 'Record<string, unknown>' is not assignable to type '{ [_: string]: any; } extends (typedData extends { [x: string]: readonly TypedDataParameter[]; [x: `string[${string}]`]: undefined; [x: `function[${string}]`]: undefined; [x: `address[${string}]`]: undefined; [x: `bool[${string}]`]: undefined; [x: `bytes[${string}]`]: undefined; [x: `bytes2[${string}]`]: undefined; ...'.
utils/config.ts(60,5): error TS2322: Type 'HttpTransport<undefined, false>' is not assignable to type 'Transport'.
  Types of parameters '__0' and '__0' are incompatible.
    Type '{ account?: Account | undefined; chain?: chain | undefined; pollingInterval?: number | undefined; retryCount?: number | undefined; timeout?: number | undefined; }' is not assignable to type '{ account?: Account | undefined; chain?: Chain | undefined; pollingInterval?: number | undefined; retryCount?: number | undefined; timeout?: number | undefined; }'.
      Types of property 'account' are incompatible.
        Type 'import("D:/workspace/story/nft/1.meme/node_modules/@story-protocol/core-sdk/node_modules/viem/_types/accounts/types").Account | undefined' is not assignable to type 'import("D:/workspace/story/nft/1.meme/node_modules/viem/_types/accounts/types").Account | undefined'.
          Type '{ client: Client<Transport, Chain | undefined, { address: `0x${string}`; nonceManager?: NonceManager | undefined; sign?: ((parameters: { hash: `0x${string}`; }) => Promise<...>) | undefined; ... 6 more ...; type: "local"; } | JsonRpcAccount | undefined>; ... 22 more ...; source?: undefined; }' is not assignable to type 'Account | undefined'.
            Type '{ client: import("D:/workspace/story/nft/1.meme/node_modules/@story-protocol/core-sdk/node_modules/viem/_types/clients/createClient").Client<import("D:/workspace/story/nft/1.meme/node_modules/@story-protocol/core-sdk/node_modules/viem/_types/clients/transports/createTransport").Transport, import("D:/workspace/story/...' is not assignable to type '{ client: import("D:/workspace/story/nft/1.meme/node_modules/viem/_types/clients/createClient").Client<import("D:/workspace/story/nft/1.meme/node_modules/viem/_types/clients/transports/createTransport").Transport, import("D:/workspace/story/nft/1.meme/node_modules/viem/_types/types/chain").Chain | undefined, { ...; ...'.
              Types of property 'client' are incompatible.
                Type 'import("D:/workspace/story/nft/1.meme/node_modules/@story-protocol/core-sdk/node_modules/viem/_types/clients/createClient").Client<import("D:/workspace/story/nft/1.meme/node_modules/@story-protocol/core-sdk/node_modules/viem/_types/clients/transports/createTransport").Transport, import("D:/workspace/story/nft/1.meme...' is not assignable to type 'import("D:/workspace/story/nft/1.meme/node_modules/viem/_types/clients/createClient").Client<import("D:/workspace/story/nft/1.meme/node_modules/viem/_types/clients/transports/createTransport").Transport, import("D:/workspace/story/nft/1.meme/node_modules/viem/_types/types/chain").Chain | undefined, { ...; } | ... 1 ...'.
                  Type 'Client<Transport, Chain | undefined, { address: `0x${string}`; nonceManager?: NonceManager | undefined; sign?: ((parameters: { hash: `0x${string}`; }) => Promise<`0x${string}`>) | undefined; ... 6 more ...; type: "local"; } | JsonRpcAccount | undefined>' is not assignable to type 'Client_Base<Transport, Chain | undefined, { address: `0x${string}`; nonceManager?: NonceManager | undefined; sign?: ((parameters: { hash: `0x${string}`; }) => Promise<`0x${string}`>) | undefined; ... 6 more ...; type: "local"; } | JsonRpcAccount | undefined, undefined>'.
                    Types of property 'account' are incompatible.
                      Type '{ address: `0x${string}`; nonceManager?: import("D:/workspace/story/nft/1.meme/node_modules/@story-protocol/core-sdk/node_modules/viem/_types/utils/nonceManager").NonceManager | undefined; ... 7 more ...; type: "local"; } | import("D:/workspace/story/nft/1.meme/node_modules/@story-protocol/core-sdk/node_modules/viem...' is not assignable to type '{ address: `0x${string}`; nonceManager?: import("D:/workspace/story/nft/1.meme/node_modules/viem/_types/utils/nonceManager").NonceManager | undefined; sign?: ((parameters: { hash: `0x${string}`; }) => Promise<...>) | undefined; ... 6 more ...; type: "local"; } | import("D:/workspace/story/nft/1.meme/node_modules/vie...'.
                        Type '{ address: `0x${string}`; nonceManager?: NonceManager | undefined; sign?: ((parameters: { hash: `0x${string}`; }) => Promise<`0x${string}`>) | undefined; signAuthorization?: ((parameters: AuthorizationRequest) => Promise<...>) | undefined; ... 5 more ...; type: "local"; }' is not assignable to type '{ address: `0x${string}`; nonceManager?: NonceManager | undefined; sign?: ((parameters: { hash: `0x${string}`; }) => Promise<`0x${string}`>) | undefined; signAuthorization?: ((parameters: AuthorizationRequest) => Promise<...>) | undefined; ... 5 more ...; type: "local"; } | JsonRpcAccount | undefined'.
                          Type '{ address: `0x${string}`; nonceManager?: import("D:/workspace/story/nft/1.meme/node_modules/@story-protocol/core-sdk/node_modules/viem/_types/utils/nonceManager").NonceManager | undefined; ... 7 more ...; type: "local"; }' is not assignable to type '{ address: `0x${string}`; nonceManager?: import("D:/workspace/story/nft/1.meme/node_modules/viem/_types/utils/nonceManager").NonceManager | undefined; sign?: ((parameters: { hash: `0x${string}`; }) => Promise<...>) | undefined; ... 6 more ...; type: "local"; }'.
                            Types of property 'nonceManager' are incompatible.
                              Type 'import("D:/workspace/story/nft/1.meme/node_modules/@story-protocol/core-sdk/node_modules/viem/_types/utils/nonceManager").NonceManager | undefined' is not assignable to type 'import("D:/workspace/story/nft/1.meme/node_modules/viem/_types/utils/nonceManager").NonceManager | undefined'.
                                Type 'import("D:/workspace/story/nft/1.meme/node_modules/@story-protocol/core-sdk/node_modules/viem/_types/utils/nonceManager").NonceManager' is not assignable to type 'import("D:/workspace/story/nft/1.meme/node_modules/viem/_types/utils/nonceManager").NonceManager'.
                                  Types of property 'consume' are incompatible.
                                    Type '(parameters: FunctionParameters & { client: import("D:/workspace/story/nft/1.meme/node_modules/@story-protocol/core-sdk/node_modules/viem/_types/clients/createClient").Client; }) => Promise<...>' is not assignable to type '(parameters: FunctionParameters & { client: import("D:/workspace/story/nft/1.meme/node_modules/viem/_types/clients/createClient").Client; }) => Promise<number>'.
                                      Types of parameters 'parameters' and 'parameters' are incompatible.
                                        Type 'FunctionParameters & { client: import("D:/workspace/story/nft/1.meme/node_modules/viem/_types/clients/createClient").Client; }' is not assignable to type 'FunctionParameters & { client: import("D:/workspace/story/nft/1.meme/node_modules/@story-protocol/core-sdk/node_modules/viem/_types/clients/createClient").Client; }'.
                                          Type 'FunctionParameters & { client: Client; }' is not assignable to type '{ client: Client; }'.
                                            Types of property 'client' are incompatible.
                                              Type 'import("D:/workspace/story/nft/1.meme/node_modules/viem/_types/clients/createClient").Client' is not assignable to type 'import("D:/workspace/story/nft/1.meme/node_modules/@story-protocol/core-sdk/node_modules/viem/_types/clients/createClient").Client'.
                                                Type 'Client' is not assignable to type 'Client_Base<Transport, Chain | undefined, Account | undefined, undefined>'.
                                                  Types of property 'account' are incompatible.
                                                    Type 'import("D:/workspace/story/nft/1.meme/node_modules/viem/_types/accounts/types").Account | undefined' is not assignable to type 'import("D:/workspace/story/nft/1.meme/node_modules/@story-protocol/core-sdk/node_modules/viem/_types/accounts/types").Account | undefined'.
                                                      Type '{ client: Client<Transport, Chain | undefined, { address: `0x${string}`; nonceManager?: NonceManager | undefined; sign?: ((parameters: { hash: `0x${string}`; }) => Promise<...>) | undefined; ... 6 more ...; type: "local"; } | JsonRpcAccount | undefined>; ... 22 more ...; source?: undefined; }' is not assignable to type 'Account | undefined'.
                                                        Type '{ client: import("D:/workspace/story/nft/1.meme/node_modules/viem/_types/clients/createClient").Client<import("D:/workspace/story/nft/1.meme/node_modules/viem/_types/clients/transports/createTransport").Transport, import("D:/workspace/story/nft/1.meme/node_modules/viem/_types/types/chain").Chain | undefined, { ...; ...' is not assignable to type '{ client: import("D:/workspace/story/nft/1.meme/node_modules/@story-protocol/core-sdk/node_modules/viem/_types/clients/createClient").Client<import("D:/workspace/story/nft/1.meme/node_modules/@story-protocol/core-sdk/node_modules/viem/_types/clients/transports/createTransport").Transport, import("D:/workspace/story/...'.
                                                          Types of property 'client' are incompatible.
                                                            Type 'import("D:/workspace/story/nft/1.meme/node_modules/viem/_types/clients/createClient").Client<import("D:/workspace/story/nft/1.meme/node_modules/viem/_types/clients/transports/createTransport").Transport, import("D:/workspace/story/nft/1.meme/node_modules/viem/_types/types/chain").Chain | undefined, { ...; } | ... 1 ...' is not assignable to type 'import("D:/workspace/story/nft/1.meme/node_modules/@story-protocol/core-sdk/node_modules/viem/_types/clients/createClient").Client<import("D:/workspace/story/nft/1.meme/node_modules/@story-protocol/core-sdk/node_modules/viem/_types/clients/transports/createTransport").Transport, import("D:/workspace/story/nft/1.meme...'.
                                                              Type 'Client<Transport, Chain | undefined, { address: `0x${string}`; nonceManager?: NonceManager | undefined; sign?: ((parameters: { hash: `0x${string}`; }) => Promise<`0x${string}`>) | undefined; ... 6 more ...; type: "local"; } | JsonRpcAccount | undefined>' is not assignable to type 'Client_Base<Transport, Chain | undefined, { address: `0x${string}`; nonceManager?: NonceManager | undefined; sign?: ((parameters: { hash: `0x${string}`; }) => Promise<`0x${string}`>) | undefined; ... 6 more ...; type: "local"; } | JsonRpcAccount | undefined, undefined>'.
                                                                Types of property 'account' are incompatible.
                                                                  Type '{ address: `0x${string}`; nonceManager?: import("D:/workspace/story/nft/1.meme/node_modules/viem/_types/utils/nonceManager").NonceManager | undefined; sign?: ((parameters: { hash: `0x${string}`; }) => Promise<...>) | undefined; ... 6 more ...; type: "local"; } | import("D:/workspace/story/nft/1.meme/node_modules/vie...' is not assignable to type '{ address: `0x${string}`; nonceManager?: import("D:/workspace/story/nft/1.meme/node_modules/@story-protocol/core-sdk/node_modules/viem/_types/utils/nonceManager").NonceManager | undefined; ... 7 more ...; type: "local"; } | import("D:/workspace/story/nft/1.meme/node_modules/@story-protocol/core-sdk/node_modules/viem...'.
                                                                    Type '{ address: `0x${string}`; nonceManager?: NonceManager | undefined; sign?: ((parameters: { hash: `0x${string}`; }) => Promise<`0x${string}`>) | undefined; signAuthorization?: ((parameters: AuthorizationRequest) => Promise<...>) | undefined; ... 5 more ...; type: "local"; }' is not assignable to type '{ address: `0x${string}`; nonceManager?: NonceManager | undefined; sign?: ((parameters: { hash: `0x${string}`; }) => Promise<`0x${string}`>) | undefined; signAuthorization?: ((parameters: AuthorizationRequest) => Promise<...>) | undefined; ... 5 more ...; type: "local"; } | JsonRpcAccount | undefined'.
                                                                      Type '{ address: `0x${string}`; nonceManager?: import("D:/workspace/story/nft/1.meme/node_modules/viem/_types/utils/nonceManager").NonceManager | undefined; sign?: ((parameters: { hash: `0x${string}`; }) => Promise<...>) | undefined; ... 6 more ...; type: "local"; }' is not assignable to type '{ address: `0x${string}`; nonceManager?: import("D:/workspace/story/nft/1.meme/node_modules/@story-protocol/core-sdk/node_modules/viem/_types/utils/nonceManager").NonceManager | undefined; ... 7 more ...; type: "local"; }'.
                                                                        Types of property 'nonceManager' are incompatible.
                                                                          Type 'import("D:/workspace/story/nft/1.meme/node_modules/viem/_types/utils/nonceManager").NonceManager | undefined' is not assignable to type 'import("D:/workspace/story/nft/1.meme/node_modules/@story-protocol/core-sdk/node_modules/viem/_types/utils/nonceManager").NonceManager | undefined'.
                                                                            Type 'import("D:/workspace/story/nft/1.meme/node_modules/viem/_types/utils/nonceManager").NonceManager' is not assignable to type 'import("D:/workspace/story/nft/1.meme/node_modules/@story-protocol/core-sdk/node_modules/viem/_types/utils/nonceManager").NonceManager'.
                                                                              Types of property 'consume' are incompatible.
                                                                                Type '(parameters: FunctionParameters & { client: import("D:/workspace/story/nft/1.meme/node_modules/viem/_types/clients/createClient").Client; }) => Promise<number>' is not assignable to type '(parameters: FunctionParameters & { client: import("D:/workspace/story/nft/1.meme/node_modules/@story-protocol/core-sdk/node_modules/viem/_types/clients/createClient").Client; }) => Promise<...>'.
                                                                                  Types of parameters 'parameters' and 'parameters' are incompatible.
                                                                                    Type 'FunctionParameters & { client: import("D:/workspace/story/nft/1.meme/node_modules/@story-protocol/core-sdk/node_modules/viem/_types/clients/createClient").Client; }' is not assignable to type 'FunctionParameters & { client: import("D:/workspace/story/nft/1.meme/node_modules/viem/_types/clients/createClient").Client; }'.
                                                                                      Type 'FunctionParameters & { client: Client; }' is not assignable to type '{ client: Client; }'.
                                                                                        Types of property 'client' are incompatible.
                                                                                          Type 'import("D:/workspace/story/nft/1.meme/node_modules/@story-protocol/core-sdk/node_modules/viem/_types/clients/createClient").Client' is not assignable to type 'import("D:/workspace/story/nft/1.meme/node_modules/viem/_types/clients/createClient").Client'.
                                                                                            Type 'Client' is not assignable to type 'Client_Base<Transport, Chain | undefined, Account | undefined, undefined>'.
                                                                                              Types of property 'account' are incompatible.
                                                                                                Type 'import("D:/workspace/story/nft/1.meme/node_modules/@story-protocol/core-sdk/node_modules/viem/_types/accounts/types").Account | undefined' is not assignable to type 'import("D:/workspace/story/nft/1.meme/node_modules/viem/_types/accounts/types").Account | undefined'.
                                                                                                  Type '{ client: Client<Transport, Chain | undefined, { address: `0x${string}`; nonceManager?: NonceManager | undefined; sign?: ((parameters: { hash: `0x${string}`; }) => Promise<...>) | undefined; ... 6 more ...; type: "local"; } | JsonRpcAccount | undefined>; ... 22 more ...; source?: undefined; }' is not assignable to type 'Account | undefined'.
                                                                                                    Type '{ client: import("D:/workspace/story/nft/1.meme/node_modules/@story-protocol/core-sdk/node_modules/viem/_types/clients/createClient").Client<import("D:/workspace/story/nft/1.meme/node_modules/@story-protocol/core-sdk/node_modules/viem/_types/clients/transports/createTransport").Transport, import("D:/workspace/story/...' is not assignable to type '{ client: import("D:/workspace/story/nft/1.meme/node_modules/viem/_types/clients/createClient").Client<import("D:/workspace/story/nft/1.meme/node_modules/viem/_types/clients/transports/createTransport").Transport, import("D:/workspace/story/nft/1.meme/node_modules/viem/_types/types/chain").Chain | undefined, { ...; ...'.
                                                                                                      Types of property 'client' are incompatible.
                                                                                                        Type 'import("D:/workspace/story/nft/1.meme/node_modules/@story-protocol/core-sdk/node_modules/viem/_types/clients/createClient").Client<import("D:/workspace/story/nft/1.meme/node_modules/@story-protocol/core-sdk/node_modules/viem/_types/clients/transports/createTransport").Transport, import("D:/workspace/story/nft/1.meme...' is not assignable to type 'import("D:/workspace/story/nft/1.meme/node_modules/viem/_types/clients/createClient").Client<import("D:/workspace/story/nft/1.meme/node_modules/viem/_types/clients/transports/createTransport").Transport, import("D:/workspace/story/nft/1.meme/node_modules/viem/_types/types/chain").Chain | undefined, { ...; } | ... 1 ...'.
                                                                                                          Type 'Client<Transport, Chain | undefined, { address: `0x${string}`; nonceManager?: NonceManager | undefined; sign?: ((parameters: { hash: `0x${string}`; }) => Promise<`0x${string}`>) | undefined; ... 6 more ...; type: "local"; } | JsonRpcAccount | undefined>' is not assignable to type '{ extend: <const client extends { [x: string]: unknown; account?: undefined; batch?: undefined; cacheTime?: undefined; ccipRead?: undefined; chain?: undefined; experimental_blockTag?: undefined; key?: undefined; name?: undefined; ... 4 more ...; uid?: undefined; } & ExactPartial<...>>(fn: (client: Client<...>) => cl...'.
                                                                                                            Types of property 'extend' are incompatible.
                                                                                                              Types of parameters 'fn' and 'fn' are incompatible.
                                                                                                                Type 'client' is not assignable to type '{ [x: string]: unknown; account?: undefined; batch?: undefined; cacheTime?: undefined; ccipRead?: undefined; chain?: undefined; experimental_blockTag?: undefined; key?: undefined; name?: undefined; pollingInterval?: undefined; request?: undefined; transport?: undefined; type?: undefined; uid?: undefined; } & ExactPa...'.
                                                                                                                  Type '{ [x: string]: unknown; account?: undefined; batch?: undefined; cacheTime?: undefined; ccipRead?: undefined; chain?: undefined; experimental_blockTag?: undefined; key?: undefined; name?: undefined; pollingInterval?: undefined; request?: undefined; transport?: undefined; type?: undefined; uid?: undefined; } & import(...' is not assignable to type '{ [x: string]: unknown; account?: undefined; batch?: undefined; cacheTime?: undefined; ccipRead?: undefined; chain?: undefined; experimental_blockTag?: undefined; key?: undefined; name?: undefined; pollingInterval?: undefined; request?: undefined; transport?: undefined; type?: undefined; uid?: undefined; } & import(...'. Two different types with this name exist, but they are unrelated.
                                                                                                                    Type '{ [x: string]: unknown; account?: undefined; batch?: undefined; cacheTime?: undefined; ccipRead?: undefined; chain?: undefined; experimental_blockTag?: undefined; key?: undefined; name?: undefined; pollingInterval?: undefined; request?: undefined; transport?: undefined; type?: undefined; uid?: undefined; } & ExactPa...' is not assignable to type 'ExactPartial<ExtendableProtectedActions<Transport, Chain | undefined, { address: `0x${string}`; nonceManager?: NonceManager | undefined; sign?: ((parameters: { hash: `0x${string}`; }) => Promise<...>) | undefined; ... 6 more ...; type: "local"; } | JsonRpcAccount | undefined>>'.
                                                                                                                      Types of property 'prepareTransactionRequest' are incompatible.
                                                                                                                        Type '(<const request extends import("D:/workspace/story/nft/1.meme/node_modules/viem/_types/actions/wallet/prepareTransactionRequest").PrepareTransactionRequestRequest<import("D:/workspace/story/nft/1.meme/node_modules/viem/_types/types/chain").Chain | undefined, chainOverride>, chainOverride extends Chain | undefined = ...' is not assignable to type '(<const request extends import("D:/workspace/story/nft/1.meme/node_modules/@story-protocol/core-sdk/node_modules/viem/_types/actions/wallet/prepareTransactionRequest").PrepareTransactionRequestRequest<import("D:/workspace/story/nft/1.meme/node_modules/@story-protocol/core-sdk/node_modules/viem/_types/types/chain").C...'.
                                                                                                                          Type '<const request extends import("D:/workspace/story/nft/1.meme/node_modules/viem/_types/actions/wallet/prepareTransactionRequest").PrepareTransactionRequestRequest<import("D:/workspace/story/nft/1.meme/node_modules/viem/_types/types/chain").Chain | undefined, chainOverride>, chainOverride extends Chain | undefined = u...' is not assignable to type '<const request extends import("D:/workspace/story/nft/1.meme/node_modules/@story-protocol/core-sdk/node_modules/viem/_types/actions/wallet/prepareTransactionRequest").PrepareTransactionRequestRequest<import("D:/workspace/story/nft/1.meme/node_modules/@story-protocol/core-sdk/node_modules/viem/_types/types/chain").Ch...'.
                                                                                                                            Types of parameters 'args' and 'args' are incompatible.
                                                                                                                              Type 'PrepareTransactionRequestParameters<Chain | undefined, { address: `0x${string}`; nonceManager?: NonceManager | undefined; sign?: ((parameters: { hash: `0x${string}`; }) => Promise<`0x${string}`>) | undefined; ... 6 more ...; type: "local"; } | JsonRpcAccount | undefined, chainOverride, accountOverride, request>' is not assignable to type 'PrepareTransactionRequestParameters<Chain | undefined, { address: `0x${string}`; nonceManager?: NonceManager | undefined; sign?: ((parameters: { hash: `0x${string}`; }) => Promise<`0x${string}`>) | undefined; ... 6 more ...; type: "local"; } | JsonRpcAccount | undefined, Chain | undefined, { ...; } | ... 2 more ... ...'.
                                                                                                                                Type 'PrepareTransactionRequestParameters<Chain | undefined, { address: `0x${string}`; nonceManager?: NonceManager | undefined; sign?: ((parameters: { hash: `0x${string}`; }) => Promise<`0x${string}`>) | undefined; ... 6 more ...; type: "local"; } | JsonRpcAccount | undefined, chainOverride, accountOverride, request>' is not assignable to type '{ chain: Chain | null | undefined; }'.
                                                                                                                                  Type 'client' is not assignable to type 'ExactPartial<ExtendableProtectedActions<Transport, Chain | undefined, { address: `0x${string}`; nonceManager?: NonceManager | undefined; sign?: ((parameters: { hash: `0x${string}`; }) => Promise<...>) | undefined; ... 6 more ...; type: "local"; } | JsonRpcAccount | undefined>>'.
                                                                                                                                    Type '{ [x: string]: unknown; account?: undefined; batch?: undefined; cacheTime?: undefined; ccipRead?: undefined; chain?: undefined; experimental_blockTag?: undefined; key?: undefined; name?: undefined; pollingInterval?: undefined; request?: undefined; transport?: undefined; type?: undefined; uid?: undefined; } & ExactPa...' is not assignable to type 'ExactPartial<ExtendableProtectedActions<Transport, Chain | undefined, { address: `0x${string}`; nonceManager?: NonceManager | undefined; sign?: ((parameters: { hash: `0x${string}`; }) => Promise<...>) | undefined; ... 6 more ...; type: "local"; } | JsonRpcAccount | undefined>>'.
                                                                                                                                      Types of property 'prepareTransactionRequest' are incompatible.
                                                                                                                                        Type '(<const request extends import("D:/workspace/story/nft/1.meme/node_modules/viem/_types/actions/wallet/prepareTransactionRequest").PrepareTransactionRequestRequest<import("D:/workspace/story/nft/1.meme/node_modules/viem/_types/types/chain").Chain | undefined, chainOverride>, chainOverride extends Chain | undefined = ...' is not assignable to type '(<const request extends import("D:/workspace/story/nft/1.meme/node_modules/@story-protocol/core-sdk/node_modules/viem/_types/actions/wallet/prepareTransactionRequest").PrepareTransactionRequestRequest<import("D:/workspace/story/nft/1.meme/node_modules/@story-protocol/core-sdk/node_modules/viem/_types/types/chain").C...'.
                                                                                                                                          Type '<const request extends import("D:/workspace/story/nft/1.meme/node_modules/viem/_types/actions/wallet/prepareTransactionRequest").PrepareTransactionRequestRequest<import("D:/workspace/story/nft/1.meme/node_modules/viem/_types/types/chain").Chain | undefined, chainOverride>, chainOverride extends Chain | undefined = u...' is not assignable to type '<const request extends import("D:/workspace/story/nft/1.meme/node_modules/@story-protocol/core-sdk/node_modules/viem/_types/actions/wallet/prepareTransactionRequest").PrepareTransactionRequestRequest<import("D:/workspace/story/nft/1.meme/node_modules/@story-protocol/core-sdk/node_modules/viem/_types/types/chain").Ch...'.
                                                                                                                                            Types of parameters 'args' and 'args' are incompatible.
                                                                                                                                              Type 'PrepareTransactionRequestParameters<Chain | undefined, { address: `0x${string}`; nonceManager?: NonceManager | undefined; sign?: ((parameters: { hash: `0x${string}`; }) => Promise<`0x${string}`>) | undefined; ... 6 more ...; type: "local"; } | JsonRpcAccount | undefined, chainOverride, accountOverride, request>' is not assignable to type 'PrepareTransactionRequestParameters<Chain | undefined, { address: `0x${string}`; nonceManager?: NonceManager | undefined; sign?: ((parameters: { hash: `0x${string}`; }) => Promise<`0x${string}`>) | undefined; ... 6 more ...; type: "local"; } | JsonRpcAccount | undefined, Chain | undefined, { ...; } | ... 2 more ... ...'.
                                                                                                                                                Type 'PrepareTransactionRequestParameters<Chain | undefined, { address: `0x${string}`; nonceManager?: NonceManager | undefined; sign?: ((parameters: { hash: `0x${string}`; }) => Promise<`0x${string}`>) | undefined; ... 6 more ...; type: "local"; } | JsonRpcAccount | undefined, chainOverride, accountOverride, request>' is not assignable to type '{ chain: Chain | null | undefined; }'.
utils/utils.ts(21,24): error TS2737: BigInt literals are not available when targeting lower than ES2020.
utils/utils.ts(22,17): error TS2737: BigInt literals are not available when targeting lower than ES2020.
utils/utils.ts(28,27): error TS2737: BigInt literals are not available when targeting lower than ES2020.
utils/utils.ts(33,27): error TS2737: BigInt literals are not available when targeting lower than ES2020.
utils/utils.ts(43,17): error TS2737: BigInt literals are not available when targeting lower than ES2020.
